Godot Engine v4.7.1.stable.official.a13da4feb - https://godotengine.org

world: water grid baked in 57 ms
world: loaded 4096x4096 heights in 92 ms
audio: director ready (195 sounds, 16 music tracks, 1430 voice lines)
boot: sky 211 ms
boot: terrain 264 ms
boot: water 279 ms
boot: vegetation 3090 ms
scatter: 21 CC0 models, 724k -> 21k triangles
settlements: built bitter_spring: 50 structures, tris ext 106k int 27k, 1112 surfaces (meshes + props), 22 door meshes, build 4113 ms (commit 368), attach 19 ms
settlements: built caddell_camp: 11 structures, tris ext 6k int 0k, 80 surfaces (meshes + props), 0 door meshes, build 75 ms (commit 30), attach 0 ms
rail: 32 chunks of main line, far strip 1552 tris
settlements: 12 planned (atlases 727 ms, plans 1962 ms), 2 built at boot, 6936 ms total
boot: settlements 12013 ms
boot: world built in 12013 ms
WARNING: 'res://assets/ext/characters/ruth_caddell.glb': In external resource #0, invalid UID: 'uid://cogcs60sjsh5k' - using text path instead: 'res://assets/ext/characters/ruth_caddell_young_lightskinned_female_diffuse_6d7cc79ab2e009f7.jpg'.
     at: open (core/io/resource_format_binary.cpp:1025)
     GDScript backtrace (most recent call first):
         [0] _build_scene (res://src/actors/character_factory.gd:321)
         [1] _scene (res://src/actors/character_factory.gd:310)
         [2] spawn_id (res://src/actors/character_factory.gd:195)
         [3] _build_visual (res://src/actors/player.gd:251)
         [4] setup (res://src/actors/player.gd:68)
         [5] _spawn_player (res://src/core/main.gd:192)
         [6] _ready (res://src/core/main.gd:133)
WARNING: 'res://assets/ext/characters/ruth_caddell.glb': In external resource #1, invalid UID: 'uid://jtuarq0i66ff' - using text path instead: 'res://assets/ext/characters/ruth_caddell_grey_eye_c8a2ad837afc4671.png'.
     at: open (core/io/resource_format_binary.cpp:1025)
     GDScript backtrace (most recent call first):
         [0] _build_scene (res://src/actors/character_factory.gd:321)
         [1] _scene (res://src/actors/character_factory.gd:310)
         [2] spawn_id (res://src/actors/character_factory.gd:195)
         [3] _build_visual (res://src/actors/player.gd:251)
         [4] setup (res://src/actors/player.gd:68)
         [5] _spawn_player (res://src/core/main.gd:192)
         [6] _ready (res://src/core/main.gd:133)
WARNING: 'res://assets/ext/characters/ruth_caddell.glb': In external resource #2, invalid UID: 'uid://bjexkbdi04p12' - using text path instead: 'res://assets/ext/characters/ruth_caddell_shoes03_diffuse_2920d00535f324bc.jpg'.
     at: open (core/io/resource_format_binary.cpp:1025)
     GDScript backtrace (most recent call first):
         [0] _build_scene (res://src/actors/character_factory.gd:321)
         [1] _scene (res://src/actors/character_factory.gd:310)
         [2] spawn_id (res://src/actors/character_factory.gd:195)
         [3] _build_visual (res://src/actors/player.gd:251)
         [4] setup (res://src/actors/player.gd:68)
         [5] _spawn_player (res://src/core/main.gd:192)
         [6] _ready (res://src/core/main.gd:133)
WARNING: 'res://assets/ext/characters/ruth_caddell.glb': In external resource #3, invalid UID: 'uid://csfsae6x0s8jg' - using text path instead: 'res://assets/ext/characters/ruth_caddell_teeth_6fb761ee4c0e98cd.png'.
     at: open (core/io/resource_format_binary.cpp:1025)
     GDScript backtrace (most recent call first):
         [0] _build_scene (res://src/actors/character_factory.gd:321)
         [1] _scene (res://src/actors/character_factory.gd:310)
         [2] spawn_id (res://src/actors/character_factory.gd:195)
         [3] _build_visual (res://src/actors/player.gd:251)
         [4] setup (res://src/actors/player.gd:68)
         [5] _spawn_player (res://src/core/main.gd:192)
         [6] _ready (res://src/core/main.gd:133)
WARNING: 'res://assets/ext/characters/ruth_caddell.glb': In external resource #4, invalid UID: 'uid://bsx4bjr634f3j' - using text path instead: 'res://assets/ext/characters/ruth_caddell_eyebrow007_63001c7bdf63734b.png'.
     at: open (core/io/resource_format_binary.cpp:1025)
     GDScript backtrace (most recent call first):
         [0] _build_scene (res://src/actors/character_factory.gd:321)
         [1] _scene (res://src/actors/character_factory.gd:310)
         [2] spawn_id (res://src/actors/character_factory.gd:195)
         [3] _build_visual (res://src/actors/player.gd:251)
         [4] setup (res://src/actors/player.gd:68)
         [5] _spawn_player (res://src/core/main.gd:192)
         [6] _ready (res://src/core/main.gd:133)
WARNING: 'res://assets/ext/characters/ruth_caddell.glb': In external resource #5, invalid UID: 'uid://cc7nilu3yw58m' - using text path instead: 'res://assets/ext/characters/ruth_caddell_eyelashes04_d1e922d072e1516f.png'.
     at: open (core/io/resource_format_binary.cpp:1025)
     GDScript backtrace (most recent call first):
         [0] _build_scene (res://src/actors/character_factory.gd:321)
         [1] _scene (res://src/actors/character_factory.gd:310)
         [2] spawn_id (res://src/actors/character_factory.gd:195)
         [3] _build_visual (res://src/actors/player.gd:251)
         [4] setup (res://src/actors/player.gd:68)
         [5] _spawn_player (res://src/core/main.gd:192)
         [6] _ready (res://src/core/main.gd:133)
WARNING: 'res://assets/ext/characters/ruth_caddell.glb': In external resource #6, invalid UID: 'uid://dqpoh4i7ust8d' - using text path instead: 'res://assets/ext/characters/ruth_caddell_tongue01_diffuse_c2c8c8e10737cd90.jpg'.
     at: open (core/io/resource_format_binary.cpp:1025)
     GDScript backtrace (most recent call first):
         [0] _build_scene (res://src/actors/character_factory.gd:321)
         [1] _scene (res://src/actors/character_factory.gd:310)
         [2] spawn_id (res://src/actors/character_factory.gd:195)
         [3] _build_visual (res://src/actors/player.gd:251)
         [4] setup (res://src/actors/player.gd:68)
         [5] _spawn_player (res://src/core/main.gd:192)
         [6] _ready (res://src/core/main.gd:133)
WARNING: 'res://assets/ext/characters/ruth_caddell.glb': In external resource #7, invalid UID: 'uid://078myv1d2def' - using text path instead: 'res://assets/ext/characters/ruth_caddell_braid01_diffuse_e3a70ee5435d33c9.png'.
     at: open (core/io/resource_format_binary.cpp:1025)
     GDScript backtrace (most recent call first):
         [0] _build_scene (res://src/actors/character_factory.gd:321)
         [1] _scene (res://src/actors/character_factory.gd:310)
         [2] spawn_id (res://src/actors/character_factory.gd:195)
         [3] _build_visual (res://src/actors/player.gd:251)
         [4] setup (res://src/actors/player.gd:68)
         [5] _spawn_player (res://src/core/main.gd:192)
         [6] _ready (res://src/core/main.gd:133)
WARNING: 'res://assets/ext/characters/npc_013.glb': In external resource #0, invalid UID: 'uid://d3wjxy8p10gsh' - using text path instead: 'res://assets/ext/characters/npc_013_middleage_lightskinned_male_diffuse_c7873ea1d869e207.jpg'.
     at: open (core/io/resource_format_binary.cpp:1025)
     GDScript backtrace (most recent call first):
         [0] _build_scene (res://src/actors/character_factory.gd:321)
         [1] _scene (res://src/actors/character_factory.gd:310)
         [2] spawn_id (res://src/actors/character_factory.gd:195)
         [3] spawn (res://src/actors/character_factory.gd:182)
         [4] _build_visual (res://src/actors/human.gd:145)
         [5] _setup (res://src/actors/human.gd:99)
         [6] _spawn (res://src/actors/human.gd:70)
         [7] spawn (res://src/actors/human.gd:57)
         [8] _spawn_town_resident (res://src/ai/population.gd:237)
         [9] _tick (res://src/ai/population.gd:114)
         [10] _process (res://src/ai/population.gd:67)
WARNING: 'res://assets/ext/characters/npc_013.glb': In external resource #1, invalid UID: 'uid://dnb8botaxk47f' - using text path instead: 'res://assets/ext/characters/npc_013_blue_eye_2e8757a6cfcec72c.png'.
     at: open (core/io/resource_format_binary.cpp:1025)
     GDScript backtrace (most recent call first):
         [0] _build_scene (res://src/actors/character_factory.gd:321)
         [1] _scene (res://src/actors/character_factory.gd:310)
         [2] spawn_id (res://src/actors/character_factory.gd:195)
         [3] spawn (res://src/actors/character_factory.gd:182)
         [4] _build_visual (res://src/actors/human.gd:145)
         [5] _setup (res://src/actors/human.gd:99)
         [6] _spawn (res://src/actors/human.gd:70)
         [7] spawn (res://src/actors/human.gd:57)
         [8] _spawn_town_resident (res://src/ai/population.gd:237)
         [9] _tick (res://src/ai/population.gd:114)
         [10] _process (res://src/ai/population.gd:67)
WARNING: 'res://assets/ext/characters/npc_013.glb': In external resource #2, invalid UID: 'uid://bqq4d3kvsokll' - using text path instead: 'res://assets/ext/characters/npc_013_shoes03_diffuse_5285475e3006abad.jpg'.
     at: open (core/io/resource_format_binary.cpp:1025)
     GDScript backtrace (most recent call first):
         [0] _build_scene (res://src/actors/character_factory.gd:321)
         [1] _scene (res://src/actors/character_factory.gd:310)
         [2] spawn_id (res://src/actors/character_factory.gd:195)
         [3] spawn (res://src/actors/character_factory.gd:182)
         [4] _build_visual (res://src/actors/human.gd:145)
         [5] _setup (res://src/actors/human.gd:99)
         [6] _spawn (res://src/actors/human.gd:70)
         [7] spawn (res://src/actors/human.gd:57)
         [8] _spawn_town_resident (res://src/ai/population.gd:237)
         [9] _tick (res://src/ai/population.gd:114)
         [10] _process (res://src/ai/population.gd:67)
WARNING: 'res://assets/ext/characters/npc_013.glb': In external resource #3, invalid UID: 'uid://d0jlpyuoe08gd' - using text path instead: 'res://assets/ext/characters/npc_013_teeth_0f6dae334ed4c5c5.png'.
     at: open (core/io/resource_format_binary.cpp:1025)
     GDScript backtrace (most recent call first):
         [0] _build_scene (res://src/actors/character_factory.gd:321)
         [1] _scene (res://src/actors/character_factory.gd:310)
         [2] spawn_id (res://src/actors/character_factory.gd:195)
         [3] spawn (res://src/actors/character_factory.gd:182)
         [4] _build_visual (res://src/actors/human.gd:145)
         [5] _setup (res://src/actors/human.gd:99)
         [6] _spawn (res://src/actors/human.gd:70)
         [7] spawn (res://src/actors/human.gd:57)
         [8] _spawn_town_resident (res://src/ai/population.gd:237)
         [9] _tick (res://src/ai/population.gd:114)
         [10] _process (res://src/ai/population.gd:67)
WARNING: 'res://assets/ext/characters/npc_013.glb': In external resource #5, invalid UID: 'uid://cixcfy676qou4' - using text path instead: 'res://assets/ext/characters/npc_013_eyebrow004_6efbb89cfcc113e7.png'.
     at: open (core/io/resource_format_binary.cpp:1025)
     GDScript backtrace (most recent call first):
         [0] _build_scene (res://src/actors/character_factory.gd:321)
         [1] _scene (res://src/actors/character_factory.gd:310)
         [2] spawn_id (res://src/actors/character_factory.gd:195)
         [3] spawn (res://src/actors/character_factory.gd:182)
         [4] _build_visual (res://src/actors/human.gd:145)
         [5] _setup (res://src/actors/human.gd:99)
         [6] _spawn (res://src/actors/human.gd:70)
         [7] spawn (res://src/actors/human.gd:57)
         [8] _spawn_town_resident (res://src/ai/population.gd:237)
         [9] _tick (res://src/ai/population.gd:114)
         [10] _process (res://src/ai/population.gd:67)
WARNING: 'res://assets/ext/characters/npc_013.glb': In external resource #6, invalid UID: 'uid://c2lr52gpsffhw' - using text path instead: 'res://assets/ext/characters/npc_013_eyelashes01_5fb9b06b9281023b.png'.
     at: open (core/io/resource_format_binary.cpp:1025)
     GDScript backtrace (most recent call first):
         [0] _build_scene (res://src/actors/character_factory.gd:321)
         [1] _scene (res://src/actors/character_factory.gd:310)
         [2] spawn_id (res://src/actors/character_factory.gd:195)
         [3] spawn (res://src/actors/character_factory.gd:182)
         [4] _build_visual (res://src/actors/human.gd:145)
         [5] _setup (res://src/actors/human.gd:99)
         [6] _spawn (res://src/actors/human.gd:70)
         [7] spawn (res://src/actors/human.gd:57)
         [8] _spawn_town_resident (res://src/ai/population.gd:237)
         [9] _tick (res://src/ai/population.gd:114)
         [10] _process (res://src/ai/population.gd:67)
WARNING: 'res://assets/ext/characters/npc_013.glb': In external resource #7, invalid UID: 'uid://uprl84an3sks' - using text path instead: 'res://assets/ext/characters/npc_013_tongue01_diffuse_c71e798676e6af5d.jpg'.
     at: open (core/io/resource_format_binary.cpp:1025)
     GDScript backtrace (most recent call first):
         [0] _build_scene (res://src/actors/character_factory.gd:321)
         [1] _scene (res://src/actors/character_factory.gd:310)
         [2] spawn_id (res://src/actors/character_factory.gd:195)
         [3] spawn (res://src/actors/character_factory.gd:182)
         [4] _build_visual (res://src/actors/human.gd:145)
         [5] _setup (res://src/actors/human.gd:99)
         [6] _spawn (res://src/actors/human.gd:70)
         [7] spawn (res://src/actors/human.gd:57)
         [8] _spawn_town_resident (res://src/ai/population.gd:237)
         [9] _tick (res://src/ai/population.gd:114)
         [10] _process (res://src/ai/population.gd:67)
WARNING: 'res://assets/ext/characters/npc_013.glb': In external resource #8, invalid UID: 'uid://b81qygpds6gqj' - using text path instead: 'res://assets/ext/characters/npc_013_short04_diffuse_047a424d55c6b9ff.png'.
     at: open (core/io/resource_format_binary.cpp:1025)
     GDScript backtrace (most recent call first):
         [0] _build_scene (res://src/actors/character_factory.gd:321)
         [1] _scene (res://src/actors/character_factory.gd:310)
         [2] spawn_id (res://src/actors/character_factory.gd:195)
         [3] spawn (res://src/actors/character_factory.gd:182)
         [4] _build_visual (res://src/actors/human.gd:145)
         [5] _setup (res://src/actors/human.gd:99)
         [6] _spawn (res://src/actors/human.gd:70)
         [7] spawn (res://src/actors/human.gd:57)
         [8] _spawn_town_resident (res://src/ai/population.gd:237)
         [9] _tick (res://src/ai/population.gd:114)
         [10] _process (res://src/ai/population.gd:67)
characters: animation library (76 clips) in 98 ms on a worker
WARNING: 'res://assets/ext/characters/npc_000.glb': In external resource #0, invalid UID: 'uid://cebtrc3acytso' - using text path instead: 'res://assets/ext/characters/npc_000_middleage_lightskinned_male_diffuse_c7873ea1d869e207.jpg'.
     at: open (core/io/resource_format_binary.cpp:1025)
     GDScript backtrace (most recent call first):
         [0] _build_scene (res://src/actors/character_factory.gd:321)
         [1] <anonymous lambda> (res://src/actors/character_factory.gd:84)
WARNING: 'res://assets/ext/characters/npc_000.glb': In external resource #1, invalid UID: 'uid://chdrndwfiiaei' - using text path instead: 'res://assets/ext/characters/npc_000_green_eye_09f2287a8dca2f43.png'.
     at: open (core/io/resource_format_binary.cpp:1025)
     GDScript backtrace (most recent call first):
         [0] _build_scene (res://src/actors/character_factory.gd:321)
         [1] <anonymous lambda> (res://src/actors/character_factory.gd:84)
WARNING: 'res://assets/ext/characters/npc_000.glb': In external resource #2, invalid UID: 'uid://cu6mh2shv7k61' - using text path instead: 'res://assets/ext/characters/npc_000_shoes03_diffuse_5285475e3006abad.jpg'.
     at: open (core/io/resource_format_binary.cpp:1025)
     GDScript backtrace (most recent call first):
         [0] _build_scene (res://src/actors/character_factory.gd:321)
         [1] <anonymous lambda> (res://src/actors/character_factory.gd:84)
WARNING: 'res://assets/ext/characters/npc_000.glb': In external resource #3, invalid UID: 'uid://bswv0r3kgn8d' - using text path instead: 'res://assets/ext/characters/npc_000_teeth_0f6dae334ed4c5c5.png'.
     at: open (core/io/resource_format_binary.cpp:1025)
     GDScript backtrace (most recent call first):
         [0] _build_scene (res://src/actors/character_factory.gd:321)
         [1] <anonymous lambda> (res://src/actors/character_factory.gd:84)
WARNING: 'res://assets/ext/characters/npc_000.glb': In external resource #5, invalid UID: 'uid://b3b8exm5x0u81' - using text path instead: 'res://assets/ext/characters/npc_000_eyebrow008_ed3a9d88256f93e6.png'.
     at: open (core/io/resource_format_binary.cpp:1025)
     GDScript backtrace (most recent call first):
         [0] _build_scene (res://src/actors/character_factory.gd:321)
         [1] <anonymous lambda> (res://src/actors/character_factory.gd:84)
WARNING: 'res://assets/ext/characters/npc_000.glb': In external resource #6, invalid UID: 'uid://dl7xwrn1rcagr' - using text path instead: 'res://assets/ext/characters/npc_000_eyelashes02_538849d40a7d25e7.png'.
     at: open (core/io/resource_format_binary.cpp:1025)
     GDScript backtrace (most recent call first):
         [0] _build_scene (res://src/actors/character_factory.gd:321)
         [1] <anonymous lambda> (res://src/actors/character_factory.gd:84)
WARNING: 'res://assets/ext/characters/npc_000.glb': In external resource #7, invalid UID: 'uid://c44t4i2jjb7l2' - using text path instead: 'res://assets/ext/characters/npc_000_tongue01_diffuse_c71e798676e6af5d.jpg'.
     at: open (core/io/resource_format_binary.cpp:1025)
     GDScript backtrace (most recent call first):
         [0] _build_scene (res://src/actors/character_factory.gd:321)
         [1] <anonymous lambda> (res://src/actors/character_factory.gd:84)
WARNING: 'res://assets/ext/characters/npc_000.glb': In external resource #8, invalid UID: 'uid://t41tjkioy2cn' - using text path instead: 'res://assets/ext/characters/npc_000_short01_diffuse_772ed02b66617ae1.png'.
     at: open (core/io/resource_format_binary.cpp:1025)
     GDScript backtrace (most recent call first):
         [0] _build_scene (res://src/actors/character_factory.gd:321)
         [1] <anonymous lambda> (res://src/actors/character_factory.gd:84)
WARNING: 'res://assets/ext/characters/npc_005.glb': In external resource #0, invalid UID: 'uid://boo3b5rhgqa7c' - using text path instead: 'res://assets/ext/characters/npc_005_young_lightskinned_male_diffuse_a663699840e9d24a.jpg'.
     at: open (core/io/resource_format_binary.cpp:1025)
     GDScript backtrace (most recent call first):
         [0] _build_scene (res://src/actors/character_factory.gd:321)
         [1] <anonymous lambda> (res://src/actors/character_factory.gd:84)
WARNING: 'res://assets/ext/characters/npc_005.glb': In external resource #1, invalid UID: 'uid://qak2yd1j68g8' - using text path instead: 'res://assets/ext/characters/npc_005_lightblue_eye_0f986e3c6be61c48.png'.
     at: open (core/io/resource_format_binary.cpp:1025)
     GDScript backtrace (most recent call first):
         [0] _build_scene (res://src/actors/character_factory.gd:321)
         [1] <anonymous lambda> (res://src/actors/character_factory.gd:84)
WARNING: 'res://assets/ext/characters/npc_005.glb': In external resource #2, invalid UID: 'uid://b5ywecbkd8gsv' - using text path instead: 'res://assets/ext/characters/npc_005_shoes03_diffuse_5285475e3006abad.jpg'.
     at: open (core/io/resource_format_binary.cpp:1025)
     GDScript backtrace (most recent call first):
         [0] _build_scene (res://src/actors/character_factory.gd:321)
         [1] <anonymous lambda> (res://src/actors/character_factory.gd:84)
WARNING: 'res://assets/ext/characters/npc_005.glb': In external resource #3, invalid UID: 'uid://cyf7kb57dw1ks' - using text path instead: 'res://assets/ext/characters/npc_005_teeth_0f6dae334ed4c5c5.png'.
     at: open (core/io/resource_format_binary.cpp:1025)
     GDScript backtrace (most recent call first):
         [0] _build_scene (res://src/actors/character_factory.gd:321)
         [1] <anonymous lambda> (res://src/actors/character_factory.gd:84)
WARNING: 'res://assets/ext/characters/npc_005.glb': In external resource #4, invalid UID: 'uid://cusi04ognmbsf' - using text path instead: 'res://assets/ext/characters/npc_005_eyebrow011_758ea1f0d9e87e16.png'.
     at: open (core/io/resource_format_binary.cpp:1025)
     GDScript backtrace (most recent call first):
         [0] _build_scene (res://src/actors/character_factory.gd:321)
         [1] <anonymous lambda> (res://src/actors/character_factory.gd:84)
WARNING: 'res://assets/ext/characters/npc_005.glb': In external resource #5, invalid UID: 'uid://5h0yetyufp8q' - using text path instead: 'res://assets/ext/characters/npc_005_eyelashes01_5fb9b06b9281023b.png'.
     at: open (core/io/resource_format_binary.cpp:1025)
     GDScript backtrace (most recent call first):
         [0] _build_scene (res://src/actors/character_factory.gd:321)
         [1] <anonymous lambda> (res://src/actors/character_factory.gd:84)
WARNING: 'res://assets/ext/characters/npc_005.glb': In external resource #6, invalid UID: 'uid://c1gowq0rjkm23' - using text path instead: 'res://assets/ext/characters/npc_005_tongue01_diffuse_c71e798676e6af5d.jpg'.
     at: open (core/io/resource_format_binary.cpp:1025)
     GDScript backtrace (most recent call first):
         [0] _build_scene (res://src/actors/character_factory.gd:321)
         [1] <anonymous lambda> (res://src/actors/character_factory.gd:84)
WARNING: 'res://assets/ext/characters/npc_005.glb': In external resource #7, invalid UID: 'uid://cq46wb2uin5jp' - using text path instead: 'res://assets/ext/characters/npc_005_short02_diffuse_c989903ce78a364c.png'.
     at: open (core/io/resource_format_binary.cpp:1025)
     GDScript backtrace (most recent call first):
         [0] _build_scene (res://src/actors/character_factory.gd:321)
         [1] <anonymous lambda> (res://src/actors/character_factory.gd:84)
WARNING: 'res://assets/ext/characters/npc_008.glb': In external resource #0, invalid UID: 'uid://clfx2nblhdf51' - using text path instead: 'res://assets/ext/characters/npc_008_middleage_lightskinned_male_diffuse2_898eb78e56c8da61.jpg'.
     at: open (core/io/resource_format_binary.cpp:1025)
     GDScript backtrace (most recent call first):
         [0] _build_scene (res://src/actors/character_factory.gd:321)
         [1] <anonymous lambda> (res://src/actors/character_factory.gd:84)
WARNING: 'res://assets/ext/characters/npc_008.glb': In external resource #1, invalid UID: 'uid://bw1lnxy8efoj4' - using text path instead: 'res://assets/ext/characters/npc_008_brownlight_eye_2b220ad5018d8429.png'.
     at: open (core/io/resource_format_binary.cpp:1025)
     GDScript backtrace (most recent call first):
         [0] _build_scene (res://src/actors/character_factory.gd:321)
         [1] <anonymous lambda> (res://src/actors/character_factory.gd:84)
WARNING: 'res://assets/ext/characters/npc_008.glb': In external resource #2, invalid UID: 'uid://bawqk48irbssw' - using text path instead: 'res://assets/ext/characters/npc_008_shoes04_diffuse_d3c22eb3c9615357.jpg'.
     at: open (core/io/resource_format_binary.cpp:1025)
     GDScript backtrace (most recent call first):
         [0] _build_scene (res://src/actors/character_factory.gd:321)
         [1] <anonymous lambda> (res://src/actors/character_factory.gd:84)
WARNING: 'res://assets/ext/characters/npc_008.glb': In external resource #3, invalid UID: 'uid://ckvt0c5ji7pbb' - using text path instead: 'res://assets/ext/characters/npc_008_shoes04_normal_d0150649836fda97.png'.
     at: open (core/io/resource_format_binary.cpp:1025)
     GDScript backtrace (most recent call first):
         [0] _build_scene (res://src/actors/character_factory.gd:321)
         [1] <anonymous lambda> (res://src/actors/character_factory.gd:84)
WARNING: 'res://assets/ext/characters/npc_008.glb': In external resource #4, invalid UID: 'uid://j8asd13apfow' - using text path instead: 'res://assets/ext/characters/npc_008_teeth_0f6dae334ed4c5c5.png'.
     at: open (core/io/resource_format_binary.cpp:1025)
     GDScript backtrace (most recent call first):
         [0] _build_scene (res://src/actors/character_factory.gd:321)
         [1] <anonymous lambda> (res://src/actors/character_factory.gd:84)
WARNING: 'res://assets/ext/characters/npc_008.glb': In external resource #5, invalid UID: 'uid://cjet7h6wgnla1' - using text path instead: 'res://assets/ext/characters/npc_008_eyebrow011_758ea1f0d9e87e16.png'.
     at: open (core/io/resource_format_binary.cpp:1025)
     GDScript backtrace (most recent call first):
         [0] _build_scene (res://src/actors/character_factory.gd:321)
         [1] <anonymous lambda> (res://src/actors/character_factory.gd:84)
WARNING: 'res://assets/ext/characters/npc_008.glb': In external resource #6, invalid UID: 'uid://bu3qmrc3xe7tx' - using text path instead: 'res://assets/ext/characters/npc_008_eyelashes01_5fb9b06b9281023b.png'.
     at: open (core/io/resource_format_binary.cpp:1025)
     GDScript backtrace (most recent call first):
         [0] _build_scene (res://src/actors/character_factory.gd:321)
         [1] <anonymous lambda> (res://src/actors/character_factory.gd:84)
WARNING: 'res://assets/ext/characters/npc_008.glb': In external resource #7, invalid UID: 'uid://dt0hdh2xbb1wj' - using text path instead: 'res://assets/ext/characters/npc_008_tongue01_diffuse_c71e798676e6af5d.jpg'.
     at: open (core/io/resource_format_binary.cpp:1025)
     GDScript backtrace (most recent call first):
         [0] _build_scene (res://src/actors/character_factory.gd:321)
         [1] <anonymous lambda> (res://src/actors/character_factory.gd:84)
WARNING: 'res://assets/ext/characters/npc_008.glb': In external resource #8, invalid UID: 'uid://b82rii3fyy5wy' - using text path instead: 'res://assets/ext/characters/npc_008_short04_diffuse_047a424d55c6b9ff.png'.
     at: open (core/io/resource_format_binary.cpp:1025)
     GDScript backtrace (most recent call first):
         [0] _build_scene (res://src/actors/character_factory.gd:321)
         [1] <anonymous lambda> (res://src/actors/character_factory.gd:84)
WARNING: 'res://assets/ext/characters/npc_015.glb': In external resource #0, invalid UID: 'uid://qnt6uivar0r0' - using text path instead: 'res://assets/ext/characters/npc_015_young_lightskinned_male_diffuse_a663699840e9d24a.jpg'.
     at: open (core/io/resource_format_binary.cpp:1025)
     GDScript backtrace (most recent call first):
         [0] _build_scene (res://src/actors/character_factory.gd:321)
         [1] <anonymous lambda> (res://src/actors/character_factory.gd:84)
WARNING: 'res://assets/ext/characters/npc_015.glb': In external resource #1, invalid UID: 'uid://cwgp8evj1xbkn' - using text path instead: 'res://assets/ext/characters/npc_015_grey_eye_d5620997c6c559fb.png'.
     at: open (core/io/resource_format_binary.cpp:1025)
     GDScript backtrace (most recent call first):
         [0] _build_scene (res://src/actors/character_factory.gd:321)
         [1] <anonymous lambda> (res://src/actors/character_factory.gd:84)
WARNING: 'res://assets/ext/characters/npc_015.glb': In external resource #2, invalid UID: 'uid://baljag8s3uy8l' - using text path instead: 'res://assets/ext/characters/npc_015_shoes03_diffuse_5285475e3006abad.jpg'.
     at: open (core/io/resource_format_binary.cpp:1025)
     GDScript backtrace (most recent call first):
         [0] _build_scene (res://src/actors/character_factory.gd:321)
         [1] <anonymous lambda> (res://src/actors/character_factory.gd:84)
WARNING: 'res://assets/ext/characters/npc_015.glb': In external resource #3, invalid UID: 'uid://b8m1qipo4aw6o' - using text path instead: 'res://assets/ext/characters/npc_015_teeth_0f6dae334ed4c5c5.png'.
     at: open (core/io/resource_format_binary.cpp:1025)
     GDScript backtrace (most recent call first):
         [0] _build_scene (res://src/actors/character_factory.gd:321)
         [1] <anonymous lambda> (res://src/actors/character_factory.gd:84)
WARNING: 'res://assets/ext/characters/npc_015.glb': In external resource #5, invalid UID: 'uid://fyb1jwvbxcor' - using text path instead: 'res://assets/ext/characters/npc_015_eyebrow009_5331bf91d44925db.png'.
     at: open (core/io/resource_format_binary.cpp:1025)
     GDScript backtrace (most recent call first):
         [0] _build_scene (res://src/actors/character_factory.gd:321)
         [1] <anonymous lambda> (res://src/actors/character_factory.gd:84)
WARNING: 'res://assets/ext/characters/npc_015.glb': In external resource #6, invalid UID: 'uid://buc6s4e42x8x4' - using text path instead: 'res://assets/ext/characters/npc_015_eyelashes02_538849d40a7d25e7.png'.
     at: open (core/io/resource_format_binary.cpp:1025)
     GDScript backtrace (most recent call first):
         [0] _build_scene (res://src/actors/character_factory.gd:321)
         [1] <anonymous lambda> (res://src/actors/character_factory.gd:84)
WARNING: 'res://assets/ext/characters/npc_015.glb': In external resource #7, invalid UID: 'uid://cull26mg4vo8' - using text path instead: 'res://assets/ext/characters/npc_015_tongue01_diffuse_c71e798676e6af5d.jpg'.
     at: open (core/io/resource_format_binary.cpp:1025)
     GDScript backtrace (most recent call first):
         [0] _build_scene (res://src/actors/character_factory.gd:321)
         [1] <anonymous lambda> (res://src/actors/character_factory.gd:84)
WARNING: 'res://assets/ext/characters/npc_015.glb': In external resource #8, invalid UID: 'uid://csigcla2b15yu' - using text path instead: 'res://assets/ext/characters/npc_015_short01_diffuse_772ed02b66617ae1.png'.
     at: open (core/io/resource_format_binary.cpp:1025)
     GDScript backtrace (most recent call first):
         [0] _build_scene (res://src/actors/character_factory.gd:321)
         [1] <anonymous lambda> (res://src/actors/character_factory.gd:84)
WARNING: 'res://assets/ext/characters/npc_019.glb': In external resource #0, invalid UID: 'uid://4pq3w3r5upqs' - using text path instead: 'res://assets/ext/characters/npc_019_young_lightskinned_male_diffuse_a663699840e9d24a.jpg'.
     at: open (core/io/resource_format_binary.cpp:1025)
     GDScript backtrace (most recent call first):
         [0] _build_scene (res://src/actors/character_factory.gd:321)
         [1] <anonymous lambda> (res://src/actors/character_factory.gd:84)
WARNING: 'res://assets/ext/characters/npc_019.glb': In external resource #1, invalid UID: 'uid://dp24cy8m8tr2e' - using text path instead: 'res://assets/ext/characters/npc_019_lightblue_eye_0f986e3c6be61c48.png'.
     at: open (core/io/resource_format_binary.cpp:1025)
     GDScript backtrace (most recent call first):
         [0] _build_scene (res://src/actors/character_factory.gd:321)
         [1] <anonymous lambda> (res://src/actors/character_factory.gd:84)
WARNING: 'res://assets/ext/characters/npc_019.glb': In external resource #2, invalid UID: 'uid://bqxfk64y3b1im' - using text path instead: 'res://assets/ext/characters/npc_019_shoes03_diffuse_5285475e3006abad.jpg'.
     at: open (core/io/resource_format_binary.cpp:1025)
     GDScript backtrace (most recent call first):
         [0] _build_scene (res://src/actors/character_factory.gd:321)
         [1] <anonymous lambda> (res://src/actors/character_factory.gd:84)
WARNING: 'res://assets/ext/characters/npc_019.glb': In external resource #3, invalid UID: 'uid://dyesx6s0ins4u' - using text path instead: 'res://assets/ext/characters/npc_019_teeth_0f6dae334ed4c5c5.png'.
     at: open (core/io/resource_format_binary.cpp:1025)
     GDScript backtrace (most recent call first):
         [0] _build_scene (res://src/actors/character_factory.gd:321)
         [1] <anonymous lambda> (res://src/actors/character_factory.gd:84)
WARNING: 'res://assets/ext/characters/npc_019.glb': In external resource #4, invalid UID: 'uid://7jcabo1rt55d' - using text path instead: 'res://assets/ext/characters/npc_019_eyebrow001_4038d0791734a8b7.png'.
     at: open (core/io/resource_format_binary.cpp:1025)
     GDScript backtrace (most recent call first):
         [0] _build_scene (res://src/actors/character_factory.gd:321)
         [1] <anonymous lambda> (res://src/actors/character_factory.gd:84)
WARNING: 'res://assets/ext/characters/npc_019.glb': In external resource #5, invalid UID: 'uid://5fd0k7vu78q4' - using text path instead: 'res://assets/ext/characters/npc_019_eyelashes02_538849d40a7d25e7.png'.
     at: open (core/io/resource_format_binary.cpp:1025)
     GDScript backtrace (most recent call first):
         [0] _build_scene (res://src/actors/character_factory.gd:321)
         [1] <anonymous lambda> (res://src/actors/character_factory.gd:84)
WARNING: 'res://assets/ext/characters/npc_019.glb': In external resource #6, invalid UID: 'uid://bad1i5vnwbdek' - using text path instead: 'res://assets/ext/characters/npc_019_tongue01_diffuse_c71e798676e6af5d.jpg'.
     at: open (core/io/resource_format_binary.cpp:1025)
     GDScript backtrace (most recent call first):
         [0] _build_scene (res://src/actors/character_factory.gd:321)
         [1] <anonymous lambda> (res://src/actors/character_factory.gd:84)
WARNING: 'res://assets/ext/characters/npc_019.glb': In external resource #7, invalid UID: 'uid://bupkosglj2m7g' - using text path instead: 'res://assets/ext/characters/npc_019_short01_diffuse_772ed02b66617ae1.png'.
     at: open (core/io/resource_format_binary.cpp:1025)
     GDScript backtrace (most recent call first):
         [0] _build_scene (res://src/actors/character_factory.gd:321)
         [1] <anonymous lambda> (res://src/actors/character_factory.gd:84)
WARNING: 'res://assets/ext/characters/npc_021.glb': In external resource #4, invalid UID: 'uid://dp7w25rysnnxo' - using text path instead: 'res://assets/ext/characters/npc_021_eyebrow010_bd8536fc788ba159.png'.
     at: open (core/io/resource_format_binary.cpp:1025)
     GDScript backtrace (most recent call first):
         [0] _build_scene (res://src/actors/character_factory.gd:321)
         [1] <anonymous lambda> (res://src/actors/character_factory.gd:84)
WARNING: 'res://assets/ext/characters/npc_021.glb': In external resource #5, invalid UID: 'uid://dhkmr6l05y4tr' - using text path instead: 'res://assets/ext/characters/npc_021_eyelashes02_538849d40a7d25e7.png'.
     at: open (core/io/resource_format_binary.cpp:1025)
     GDScript backtrace (most recent call first):
         [0] _build_scene (res://src/actors/character_factory.gd:321)
         [1] <anonymous lambda> (res://src/actors/character_factory.gd:84)
WARNING: 'res://assets/ext/characters/npc_022.glb': In external resource #0, invalid UID: 'uid://dii4y1iyh8qio' - using text path instead: 'res://assets/ext/characters/npc_022_old_lightskinned_male_diffuse2_4baf3b23cb7f7abe.jpg'.
     at: open (core/io/resource_format_binary.cpp:1025)
     GDScript backtrace (most recent call first):
         [0] _build_scene (res://src/actors/character_factory.gd:321)
         [1] <anonymous lambda> (res://src/actors/character_factory.gd:84)
WARNING: 'res://assets/ext/characters/npc_022.glb': In external resource #1, invalid UID: 'uid://bmmc7rmf7olsk' - using text path instead: 'res://assets/ext/characters/npc_022_brownlight_eye_2b220ad5018d8429.png'.
     at: open (core/io/resource_format_binary.cpp:1025)
     GDScript backtrace (most recent call first):
         [0] _build_scene (res://src/actors/character_factory.gd:321)
         [1] <anonymous lambda> (res://src/actors/character_factory.gd:84)
WARNING: 'res://assets/ext/characters/npc_022.glb': In external resource #2, invalid UID: 'uid://b6jy8s6s4vu1m' - using text path instead: 'res://assets/ext/characters/npc_022_shoes03_diffuse_5285475e3006abad.jpg'.
     at: open (core/io/resource_format_binary.cpp:1025)
     GDScript backtrace (most recent call first):
         [0] _build_scene (res://src/actors/character_factory.gd:321)
         [1] <anonymous lambda> (res://src/actors/character_factory.gd:84)
WARNING: 'res://assets/ext/characters/npc_022.glb': In external resource #3, invalid UID: 'uid://bbhs8qcleqprp' - using text path instead: 'res://assets/ext/characters/npc_022_teeth_0f6dae334ed4c5c5.png'.
     at: open (core/io/resource_format_binary.cpp:1025)
     GDScript backtrace (most recent call first):
         [0] _build_scene (res://src/actors/character_factory.gd:321)
         [1] <anonymous lambda> (res://src/actors/character_factory.gd:84)
WARNING: 'res://assets/ext/characters/npc_022.glb': In external resource #4, invalid UID: 'uid://dimq6nyiq531p' - using text path instead: 'res://assets/ext/characters/npc_022_eyebrow002_1dab0358c551595c.png'.
     at: open (core/io/resource_format_binary.cpp:1025)
     GDScript backtrace (most recent call first):
         [0] _build_scene (res://src/actors/character_factory.gd:321)
         [1] <anonymous lambda> (res://src/actors/character_factory.gd:84)
WARNING: 'res://assets/ext/characters/npc_022.glb': In external resource #5, invalid UID: 'uid://vvetj6orua6n' - using text path instead: 'res://assets/ext/characters/npc_022_eyelashes01_5fb9b06b9281023b.png'.
     at: open (core/io/resource_format_binary.cpp:1025)
     GDScript backtrace (most recent call first):
         [0] _build_scene (res://src/actors/character_factory.gd:321)
         [1] <anonymous lambda> (res://src/actors/character_factory.gd:84)
WARNING: 'res://assets/ext/characters/npc_022.glb': In external resource #6, invalid UID: 'uid://b0ey7btuqeg7a' - using text path instead: 'res://assets/ext/characters/npc_022_tongue01_diffuse_c71e798676e6af5d.jpg'.
     at: open (core/io/resource_format_binary.cpp:1025)
     GDScript backtrace (most recent call first):
         [0] _build_scene (res://src/actors/character_factory.gd:321)
         [1] <anonymous lambda> (res://src/actors/character_factory.gd:84)
WARNING: 'res://assets/ext/characters/npc_022.glb': In external resource #7, invalid UID: 'uid://cbbyhwe0nxae0' - using text path instead: 'res://assets/ext/characters/npc_022_short01_diffuse_772ed02b66617ae1.png'.
     at: open (core/io/resource_format_binary.cpp:1025)
     GDScript backtrace (most recent call first):
         [0] _build_scene (res://src/actors/character_factory.gd:321)
         [1] <anonymous lambda> (res://src/actors/character_factory.gd:84)
WARNING: 'res://assets/ext/characters/npc_024.glb': In external resource #0, invalid UID: 'uid://dx7nlonfd45ey' - using text path instead: 'res://assets/ext/characters/npc_024_middleage_lightskinned_female_diffuse_14d9f68e4f87ec7c.jpg'.
     at: open (core/io/resource_format_binary.cpp:1025)
     GDScript backtrace (most recent call first):
         [0] _build_scene (res://src/actors/character_factory.gd:321)
         [1] <anonymous lambda> (res://src/actors/character_factory.gd:84)
WARNING: 'res://assets/ext/characters/npc_024.glb': In external resource #1, invalid UID: 'uid://crpqh0nrgqh14' - using text path instead: 'res://assets/ext/characters/npc_024_brownlight_eye_2b220ad5018d8429.png'.
     at: open (core/io/resource_format_binary.cpp:1025)
     GDScript backtrace (most recent call first):
         [0] _build_scene (res://src/actors/character_factory.gd:321)
         [1] <anonymous lambda> (res://src/actors/character_factory.gd:84)
WARNING: 'res://assets/ext/characters/npc_024.glb': In external resource #2, invalid UID: 'uid://c0u6nf5bftuil' - using text path instead: 'res://assets/ext/characters/npc_024_shoes04_diffuse_d3c22eb3c9615357.jpg'.
     at: open (core/io/resource_format_binary.cpp:1025)
     GDScript backtrace (most recent call first):
         [0] _build_scene (res://src/actors/character_factory.gd:321)
         [1] <anonymous lambda> (res://src/actors/character_factory.gd:84)
WARNING: 'res://assets/ext/characters/npc_024.glb': In external resource #3, invalid UID: 'uid://bjwxinkvobres' - using text path instead: 'res://assets/ext/characters/npc_024_shoes04_normal_d0150649836fda97.png'.
     at: open (core/io/resource_format_binary.cpp:1025)
     GDScript backtrace (most recent call first):
         [0] _build_scene (res://src/actors/character_factory.gd:321)
         [1] <anonymous lambda> (res://src/actors/character_factory.gd:84)
WARNING: 'res://assets/ext/characters/npc_024.glb': In external resource #4, invalid UID: 'uid://c2804agmx7rho' - using text path instead: 'res://assets/ext/characters/npc_024_teeth_0f6dae334ed4c5c5.png'.
     at: open (core/io/resource_format_binary.cpp:1025)
     GDScript backtrace (most recent call first):
         [0] _build_scene (res://src/actors/character_factory.gd:321)
         [1] <anonymous lambda> (res://src/actors/character_factory.gd:84)
WARNING: 'res://assets/ext/characters/npc_024.glb': In external resource #5, invalid UID: 'uid://b2t6h7a7pnllu' - using text path instead: 'res://assets/ext/characters/npc_024_eyebrow010_bd8536fc788ba159.png'.
     at: open (core/io/resource_format_binary.cpp:1025)
     GDScript backtrace (most recent call first):
         [0] _build_scene (res://src/actors/character_factory.gd:321)
         [1] <anonymous lambda> (res://src/actors/character_factory.gd:84)
WARNING: 'res://assets/ext/characters/npc_024.glb': In external resource #6, invalid UID: 'uid://dkgdmgqopqhwh' - using text path instead: 'res://assets/ext/characters/npc_024_eyelashes04_5e859906179e8f7f.png'.
     at: open (core/io/resource_format_binary.cpp:1025)
     GDScript backtrace (most recent call first):
         [0] _build_scene (res://src/actors/character_factory.gd:321)
         [1] <anonymous lambda> (res://src/actors/character_factory.gd:84)
WARNING: 'res://assets/ext/characters/npc_024.glb': In external resource #7, invalid UID: 'uid://bnj5851axx3tk' - using text path instead: 'res://assets/ext/characters/npc_024_tongue01_diffuse_c71e798676e6af5d.jpg'.
     at: open (core/io/resource_format_binary.cpp:1025)
     GDScript backtrace (most recent call first):
         [0] _build_scene (res://src/actors/character_factory.gd:321)
         [1] <anonymous lambda> (res://src/actors/character_factory.gd:84)
WARNING: 'res://assets/ext/characters/npc_024.glb': In external resource #8, invalid UID: 'uid://bh4g2nd03im0a' - using text path instead: 'res://assets/ext/characters/npc_024_braid01_diffuse_aa7766fb9b7070c9.png'.
     at: open (core/io/resource_format_binary.cpp:1025)
     GDScript backtrace (most recent call first):
         [0] _build_scene (res://src/actors/character_factory.gd:321)
         [1] <anonymous lambda> (res://src/actors/character_factory.gd:84)
WARNING: 'res://assets/ext/characters/npc_029.glb': In external resource #0, invalid UID: 'uid://f1i6r8vf1eql' - using text path instead: 'res://assets/ext/characters/npc_029_young_lightskinned_female_diffuse_c859e712bea2b01b.jpg'.
     at: open (core/io/resource_format_binary.cpp:1025)
     GDScript backtrace (most recent call first):
         [0] _build_scene (res://src/actors/character_factory.gd:321)
         [1] <anonymous lambda> (res://src/actors/character_factory.gd:84)
WARNING: 'res://assets/ext/characters/npc_029.glb': In external resource #1, invalid UID: 'uid://brqwcabjfy4hn' - using text path instead: 'res://assets/ext/characters/npc_029_grey_eye_d5620997c6c559fb.png'.
     at: open (core/io/resource_format_binary.cpp:1025)
     GDScript backtrace (most recent call first):
         [0] _build_scene (res://src/actors/character_factory.gd:321)
         [1] <anonymous lambda> (res://src/actors/character_factory.gd:84)
WARNING: 'res://assets/ext/characters/npc_029.glb': In external resource #2, invalid UID: 'uid://dxi3mt01bhp8o' - using text path instead: 'res://assets/ext/characters/npc_029_shoes01_diffuse_48a4cba573468e4e.jpg'.
     at: open (core/io/resource_format_binary.cpp:1025)
     GDScript backtrace (most recent call first):
         [0] _build_scene (res://src/actors/character_factory.gd:321)
         [1] <anonymous lambda> (res://src/actors/character_factory.gd:84)
WARNING: 'res://assets/ext/characters/npc_029.glb': In external resource #3, invalid UID: 'uid://by6hgisvdogb0' - using text path instead: 'res://assets/ext/characters/npc_029_shoes01_normal_14fb128093f9e8c9.png'.
     at: open (core/io/resource_format_binary.cpp:1025)
     GDScript backtrace (most recent call first):
         [0] _build_scene (res://src/actors/character_factory.gd:321)
         [1] <anonymous lambda> (res://src/actors/character_factory.gd:84)
WARNING: 'res://assets/ext/characters/npc_029.glb': In external resource #4, invalid UID: 'uid://p1daveccgjsm' - using text path instead: 'res://assets/ext/characters/npc_029_teeth_0f6dae334ed4c5c5.png'.
     at: open (core/io/resource_format_binary.cpp:1025)
     GDScript backtrace (most recent call first):
         [0] _build_scene (res://src/actors/character_factory.gd:321)
         [1] <anonymous lambda> (res://src/actors/character_factory.gd:84)
WARNING: 'res://assets/ext/characters/npc_029.glb': In external resource #5, invalid UID: 'uid://ep82xjv8vgdj' - using text path instead: 'res://assets/ext/characters/npc_029_eyebrow012_da741d0cbf028208.png'.
     at: open (core/io/resource_format_binary.cpp:1025)
     GDScript backtrace (most recent call first):
         [0] _build_scene (res://src/actors/character_factory.gd:321)
         [1] <anonymous lambda> (res://src/actors/character_factory.gd:84)
WARNING: 'res://assets/ext/characters/npc_029.glb': In external resource #6, invalid UID: 'uid://dmykqgeii0hgx' - using text path instead: 'res://assets/ext/characters/npc_029_eyelashes04_5e859906179e8f7f.png'.
     at: open (core/io/resource_format_binary.cpp:1025)
     GDScript backtrace (most recent call first):
         [0] _build_scene (res://src/actors/character_factory.gd:321)
         [1] <anonymous lambda> (res://src/actors/character_factory.gd:84)
WARNING: 'res://assets/ext/characters/npc_029.glb': In external resource #7, invalid UID: 'uid://cjp06tj3ftv8r' - using text path instead: 'res://assets/ext/characters/npc_029_tongue01_diffuse_c71e798676e6af5d.jpg'.
     at: open (core/io/resource_format_binary.cpp:1025)
     GDScript backtrace (most recent call first):
         [0] _build_scene (res://src/actors/character_factory.gd:321)
         [1] <anonymous lambda> (res://src/actors/character_factory.gd:84)
WARNING: 'res://assets/ext/characters/npc_029.glb': In external resource #8, invalid UID: 'uid://dt6wujgs5bfwm' - using text path instead: 'res://assets/ext/characters/npc_029_hair_strands_v1_f0c08364b052bb31.png'.
     at: open (core/io/resource_format_binary.cpp:1025)
     GDScript backtrace (most recent call first):
         [0] _build_scene (res://src/actors/character_factory.gd:321)
         [1] <anonymous lambda> (res://src/actors/character_factory.gd:84)
WARNING: 'res://assets/ext/characters/npc_031.glb': In external resource #0, invalid UID: 'uid://bk45s3lej43rn' - using text path instead: 'res://assets/ext/characters/npc_031_young_lightskinned_female_diffuse_c859e712bea2b01b.jpg'.
     at: open (core/io/resource_format_binary.cpp:1025)
     GDScript backtrace (most recent call first):
         [0] _build_scene (res://src/actors/character_factory.gd:321)
         [1] <anonymous lambda> (res://src/actors/character_factory.gd:84)
WARNING: 'res://assets/ext/characters/npc_031.glb': In external resource #1, invalid UID: 'uid://b2sixr2fs6jbh' - using text path instead: 'res://assets/ext/characters/npc_031_brownlight_eye_2b220ad5018d8429.png'.
     at: open (core/io/resource_format_binary.cpp:1025)
     GDScript backtrace (most recent call first):
         [0] _build_scene (res://src/actors/character_factory.gd:321)
         [1] <anonymous lambda> (res://src/actors/character_factory.gd:84)
WARNING: 'res://assets/ext/characters/npc_031.glb': In external resource #2, invalid UID: 'uid://du2yqhubk5jia' - using text path instead: 'res://assets/ext/characters/npc_031_shoes04_diffuse_d3c22eb3c9615357.jpg'.
     at: open (core/io/resource_format_binary.cpp:1025)
     GDScript backtrace (most recent call first):
         [0] _build_scene (res://src/actors/character_factory.gd:321)
         [1] <anonymous lambda> (res://src/actors/character_factory.gd:84)
WARNING: 'res://assets/ext/characters/npc_031.glb': In external resource #3, invalid UID: 'uid://c180gv2wvbf16' - using text path instead: 'res://assets/ext/characters/npc_031_shoes04_normal_d0150649836fda97.png'.
     at: open (core/io/resource_format_binary.cpp:1025)
     GDScript backtrace (most recent call first):
         [0] _build_scene (res://src/actors/character_factory.gd:321)
         [1] <anonymous lambda> (res://src/actors/character_factory.gd:84)
WARNING: 'res://assets/ext/characters/npc_031.glb': In external resource #4, invalid UID: 'uid://2k5coxlhjmge' - using text path instead: 'res://assets/ext/characters/npc_031_teeth_0f6dae334ed4c5c5.png'.
     at: open (core/io/resource_format_binary.cpp:1025)
     GDScript backtrace (most recent call first):
         [0] _build_scene (res://src/actors/character_factory.gd:321)
         [1] <anonymous lambda> (res://src/actors/character_factory.gd:84)
WARNING: 'res://assets/ext/characters/npc_031.glb': In external resource #5, invalid UID: 'uid://bg6vutccacylv' - using text path instead: 'res://assets/ext/characters/npc_031_eyebrow005_3c9e137277d6b459.png'.
     at: open (core/io/resource_format_binary.cpp:1025)
     GDScript backtrace (most recent call first):
         [0] _build_scene (res://src/actors/character_factory.gd:321)
         [1] <anonymous lambda> (res://src/actors/character_factory.gd:84)
WARNING: 'res://assets/ext/characters/npc_031.glb': In external resource #6, invalid UID: 'uid://bkn2jaugh4net' - using text path instead: 'res://assets/ext/characters/npc_031_eyelashes03_8a2d65d9de42d7f2.png'.
     at: open (core/io/resource_format_binary.cpp:1025)
     GDScript backtrace (most recent call first):
         [0] _build_scene (res://src/actors/character_factory.gd:321)
         [1] <anonymous lambda> (res://src/actors/character_factory.gd:84)
WARNING: 'res://assets/ext/characters/npc_031.glb': In external resource #7, invalid UID: 'uid://bdchrrnkecxjk' - using text path instead: 'res://assets/ext/characters/npc_031_tongue01_diffuse_c71e798676e6af5d.jpg'.
     at: open (core/io/resource_format_binary.cpp:1025)
     GDScript backtrace (most recent call first):
         [0] _build_scene (res://src/actors/character_factory.gd:321)
         [1] <anonymous lambda> (res://src/actors/character_factory.gd:84)
WARNING: 'res://assets/ext/characters/npc_031.glb': In external resource #8, invalid UID: 'uid://qqgmay67ijpq' - using text path instead: 'res://assets/ext/characters/npc_031_braid01_diffuse_aa7766fb9b7070c9.png'.
     at: open (core/io/resource_format_binary.cpp:1025)
     GDScript backtrace (most recent call first):
         [0] _build_scene (res://src/actors/character_factory.gd:321)
         [1] <anonymous lambda> (res://src/actors/character_factory.gd:84)
WARNING: 'res://assets/ext/characters/npc_034.glb': In external resource #0, invalid UID: 'uid://u6dx3uw8vnlq' - using text path instead: 'res://assets/ext/characters/npc_034_middleage_lightskinned_female_diffuse_14d9f68e4f87ec7c.jpg'.
     at: open (core/io/resource_format_binary.cpp:1025)
     GDScript backtrace (most recent call first):
         [0] _build_scene (res://src/actors/character_factory.gd:321)
         [1] <anonymous lambda> (res://src/actors/character_factory.gd:84)
WARNING: 'res://assets/ext/characters/npc_034.glb': In external resource #1, invalid UID: 'uid://u1jjth3ryv8n' - using text path instead: 'res://assets/ext/characters/npc_034_blue_eye_2e8757a6cfcec72c.png'.
     at: open (core/io/resource_format_binary.cpp:1025)
     GDScript backtrace (most recent call first):
         [0] _build_scene (res://src/actors/character_factory.gd:321)
         [1] <anonymous lambda> (res://src/actors/character_factory.gd:84)
WARNING: 'res://assets/ext/characters/npc_034.glb': In external resource #2, invalid UID: 'uid://jbob6ai2ftex' - using text path instead: 'res://assets/ext/characters/npc_034_shoes01_diffuse_48a4cba573468e4e.jpg'.
     at: open (core/io/resource_format_binary.cpp:1025)
     GDScript backtrace (most recent call first):
         [0] _build_scene (res://src/actors/character_factory.gd:321)
         [1] <anonymous lambda> (res://src/actors/character_factory.gd:84)
WARNING: 'res://assets/ext/characters/npc_034.glb': In external resource #3, invalid UID: 'uid://dk8tjdxkmpic3' - using text path instead: 'res://assets/ext/characters/npc_034_shoes01_normal_14fb128093f9e8c9.png'.
     at: open (core/io/resource_format_binary.cpp:1025)
     GDScript backtrace (most recent call first):
         [0] _build_scene (res://src/actors/character_factory.gd:321)
         [1] <anonymous lambda> (res://src/actors/character_factory.gd:84)
WARNING: 'res://assets/ext/characters/npc_034.glb': In external resource #4, invalid UID: 'uid://343j0llgrvum' - using text path instead: 'res://assets/ext/characters/npc_034_teeth_0f6dae334ed4c5c5.png'.
     at: open (core/io/resource_format_binary.cpp:1025)
     GDScript backtrace (most recent call first):
         [0] _build_scene (res://src/actors/character_factory.gd:321)
         [1] <anonymous lambda> (res://src/actors/character_factory.gd:84)
WARNING: 'res://assets/ext/characters/npc_034.glb': In external resource #5, invalid UID: 'uid://da2uhmr3q3tyg' - using text path instead: 'res://assets/ext/characters/npc_034_eyebrow003_4f25f2363e2d61f6.png'.
     at: open (core/io/resource_format_binary.cpp:1025)
     GDScript backtrace (most recent call first):
         [0] _build_scene (res://src/actors/character_factory.gd:321)
         [1] <anonymous lambda> (res://src/actors/character_factory.gd:84)
WARNING: 'res://assets/ext/characters/npc_034.glb': In external resource #6, invalid UID: 'uid://c2v2tsjy1bjhm' - using text path instead: 'res://assets/ext/characters/npc_034_eyelashes04_5e859906179e8f7f.png'.
     at: open (core/io/resource_format_binary.cpp:1025)
     GDScript backtrace (most recent call first):
         [0] _build_scene (res://src/actors/character_factory.gd:321)
         [1] <anonymous lambda> (res://src/actors/character_factory.gd:84)
WARNING: 'res://assets/ext/characters/npc_034.glb': In external resource #7, invalid UID: 'uid://e6ylss2mvn01' - using text path instead: 'res://assets/ext/characters/npc_034_tongue01_diffuse_c71e798676e6af5d.jpg'.
     at: open (core/io/resource_format_binary.cpp:1025)
     GDScript backtrace (most recent call first):
         [0] _build_scene (res://src/actors/character_factory.gd:321)
         [1] <anonymous lambda> (res://src/actors/character_factory.gd:84)
WARNING: 'res://assets/ext/characters/npc_034.glb': In external resource #8, invalid UID: 'uid://0iqv6ccnv4s0' - using text path instead: 'res://assets/ext/characters/npc_034_hair_strands_v1_f0c08364b052bb31.png'.
     at: open (core/io/resource_format_binary.cpp:1025)
     GDScript backtrace (most recent call first):
         [0] _build_scene (res://src/actors/character_factory.gd:321)
         [1] <anonymous lambda> (res://src/actors/character_factory.gd:84)
WARNING: 'res://assets/ext/characters/npc_001.glb': In external resource #0, invalid UID: 'uid://dx8qjet4glb0c' - using text path instead: 'res://assets/ext/characters/npc_001_young_lightskinned_male_diffuse_a663699840e9d24a.jpg'.
     at: open (core/io/resource_format_binary.cpp:1025)
     GDScript backtrace (most recent call first):
         [0] _build_scene (res://src/actors/character_factory.gd:321)
         [1] <anonymous lambda> (res://src/actors/character_factory.gd:84)
WARNING: 'res://assets/ext/characters/npc_001.glb': In external resource #1, invalid UID: 'uid://d2lxnqs066wu0' - using text path instead: 'res://assets/ext/characters/npc_001_green_eye_09f2287a8dca2f43.png'.
     at: open (core/io/resource_format_binary.cpp:1025)
     GDScript backtrace (most recent call first):
         [0] _build_scene (res://src/actors/character_factory.gd:321)
         [1] <anonymous lambda> (res://src/actors/character_factory.gd:84)
WARNING: 'res://assets/ext/characters/npc_001.glb': In external resource #2, invalid UID: 'uid://qhi3shb2ir7a' - using text path instead: 'res://assets/ext/characters/npc_001_shoes03_diffuse_5285475e3006abad.jpg'.
     at: open (core/io/resource_format_binary.cpp:1025)
     GDScript backtrace (most recent call first):
         [0] _build_scene (res://src/actors/character_factory.gd:321)
         [1] <anonymous lambda> (res://src/actors/character_factory.gd:84)
WARNING: 'res://assets/ext/characters/npc_001.glb': In external resource #3, invalid UID: 'uid://vgkia8jv7vii' - using text path instead: 'res://assets/ext/characters/npc_001_teeth_0f6dae334ed4c5c5.png'.
     at: open (core/io/resource_format_binary.cpp:1025)
     GDScript backtrace (most recent call first):
         [0] _build_scene (res://src/actors/character_factory.gd:321)
         [1] <anonymous lambda> (res://src/actors/character_factory.gd:84)
WARNING: 'res://assets/ext/characters/npc_001.glb': In external resource #5, invalid UID: 'uid://moopwhxy7al1' - using text path instead: 'res://assets/ext/characters/npc_001_eyebrow008_ed3a9d88256f93e6.png'.
     at: open (core/io/resource_format_binary.cpp:1025)
     GDScript backtrace (most recent call first):
         [0] _build_scene (res://src/actors/character_factory.gd:321)
         [1] <anonymous lambda> (res://src/actors/character_factory.gd:84)
WARNING: 'res://assets/ext/characters/npc_001.glb': In external resource #6, invalid UID: 'uid://c1rojo8pak83g' - using text path instead: 'res://assets/ext/characters/npc_001_eyelashes01_5fb9b06b9281023b.png'.
     at: open (core/io/resource_format_binary.cpp:1025)
     GDScript backtrace (most recent call first):
         [0] _build_scene (res://src/actors/character_factory.gd:321)
         [1] <anonymous lambda> (res://src/actors/character_factory.gd:84)
WARNING: 'res://assets/ext/characters/npc_001.glb': In external resource #7, invalid UID: 'uid://elcn5uraxn07' - using text path instead: 'res://assets/ext/characters/npc_001_tongue01_diffuse_c71e798676e6af5d.jpg'.
     at: open (core/io/resource_format_binary.cpp:1025)
     GDScript backtrace (most recent call first):
         [0] _build_scene (res://src/actors/character_factory.gd:321)
         [1] <anonymous lambda> (res://src/actors/character_factory.gd:84)
WARNING: 'res://assets/ext/characters/npc_001.glb': In external resource #8, invalid UID: 'uid://c2erkav4fpbm5' - using text path instead: 'res://assets/ext/characters/npc_001_short02_diffuse_c989903ce78a364c.png'.
     at: open (core/io/resource_format_binary.cpp:1025)
     GDScript backtrace (most recent call first):
         [0] _build_scene (res://src/actors/character_factory.gd:321)
         [1] <anonymous lambda> (res://src/actors/character_factory.gd:84)
WARNING: 'res://assets/ext/characters/npc_006.glb': In external resource #0, invalid UID: 'uid://dif0qbfh44hri' - using text path instead: 'res://assets/ext/characters/npc_006_young_lightskinned_male_diffuse_a663699840e9d24a.jpg'.
     at: open (core/io/resource_format_binary.cpp:1025)
     GDScript backtrace (most recent call first):
         [0] _build_scene (res://src/actors/character_factory.gd:321)
         [1] <anonymous lambda> (res://src/actors/character_factory.gd:84)
WARNING: 'res://assets/ext/characters/npc_006.glb': In external resource #1, invalid UID: 'uid://c5ij526mysq5u' - using text path instead: 'res://assets/ext/characters/npc_006_blue_eye_2e8757a6cfcec72c.png'.
     at: open (core/io/resource_format_binary.cpp:1025)
     GDScript backtrace (most recent call first):
         [0] _build_scene (res://src/actors/character_factory.gd:321)
         [1] <anonymous lambda> (res://src/actors/character_factory.gd:84)
WARNING: 'res://assets/ext/characters/npc_006.glb': In external resource #2, invalid UID: 'uid://bqlxlcoxiqs5' - using text path instead: 'res://assets/ext/characters/npc_006_shoes03_diffuse_5285475e3006abad.jpg'.
     at: open (core/io/resource_format_binary.cpp:1025)
     GDScript backtrace (most recent call first):
         [0] _build_scene (res://src/actors/character_factory.gd:321)
         [1] <anonymous lambda> (res://src/actors/character_factory.gd:84)
WARNING: 'res://assets/ext/characters/npc_006.glb': In external resource #3, invalid UID: 'uid://c1at22ux08dud' - using text path instead: 'res://assets/ext/characters/npc_006_teeth_0f6dae334ed4c5c5.png'.
     at: open (core/io/resource_format_binary.cpp:1025)
     GDScript backtrace (most recent call first):
         [0] _build_scene (res://src/actors/character_factory.gd:321)
         [1] <anonymous lambda> (res://src/actors/character_factory.gd:84)
WARNING: 'res://assets/ext/characters/npc_006.glb': In external resource #4, invalid UID: 'uid://2232t740kgyo' - using text path instead: 'res://assets/ext/characters/npc_006_eyebrow004_6efbb89cfcc113e7.png'.
     at: open (core/io/resource_format_binary.cpp:1025)
     GDScript backtrace (most recent call first):
         [0] _build_scene (res://src/actors/character_factory.gd:321)
         [1] <anonymous lambda> (res://src/actors/character_factory.gd:84)
WARNING: 'res://assets/ext/characters/npc_006.glb': In external resource #5, invalid UID: 'uid://t4ac724gbn80' - using text path instead: 'res://assets/ext/characters/npc_006_eyelashes02_538849d40a7d25e7.png'.
     at: open (core/io/resource_format_binary.cpp:1025)
     GDScript backtrace (most recent call first):
         [0] _build_scene (res://src/actors/character_factory.gd:321)
         [1] <anonymous lambda> (res://src/actors/character_factory.gd:84)
WARNING: 'res://assets/ext/characters/npc_006.glb': In external resource #6, invalid UID: 'uid://c3ruir24un7uq' - using text path instead: 'res://assets/ext/characters/npc_006_tongue01_diffuse_c71e798676e6af5d.jpg'.
     at: open (core/io/resource_format_binary.cpp:1025)
     GDScript backtrace (most recent call first):
         [0] _build_scene (res://src/actors/character_factory.gd:321)
         [1] <anonymous lambda> (res://src/actors/character_factory.gd:84)
WARNING: 'res://assets/ext/characters/npc_006.glb': In external resource #8, invalid UID: 'uid://ufo6b53rgub8' - using text path instead: 'res://assets/ext/characters/npc_006_short02_diffuse_c989903ce78a364c.png'.
     at: open (core/io/resource_format_binary.cpp:1025)
     GDScript backtrace (most recent call first):
         [0] _build_scene (res://src/actors/character_factory.gd:321)
         [1] <anonymous lambda> (res://src/actors/character_factory.gd:84)
WARNING: 'res://assets/ext/characters/npc_009.glb': In external resource #0, invalid UID: 'uid://dd4vodnukh7rx' - using text path instead: 'res://assets/ext/characters/npc_009_middleage_lightskinned_male_diffuse_c7873ea1d869e207.jpg'.
     at: open (core/io/resource_format_binary.cpp:1025)
     GDScript backtrace (most recent call first):
         [0] _build_scene (res://src/actors/character_factory.gd:321)
         [1] <anonymous lambda> (res://src/actors/character_factory.gd:84)
WARNING: 'res://assets/ext/characters/npc_009.glb': In external resource #1, invalid UID: 'uid://cvabn374wbiey' - using text path instead: 'res://assets/ext/characters/npc_009_brownlight_eye_2b220ad5018d8429.png'.
     at: open (core/io/resource_format_binary.cpp:1025)
     GDScript backtrace (most recent call first):
         [0] _build_scene (res://src/actors/character_factory.gd:321)
         [1] <anonymous lambda> (res://src/actors/character_factory.gd:84)
WARNING: 'res://assets/ext/characters/npc_009.glb': In external resource #5, invalid UID: 'uid://b7a6im3ga4m10' - using text path instead: 'res://assets/ext/characters/npc_009_eyebrow010_bd8536fc788ba159.png'.
     at: open (core/io/resource_format_binary.cpp:1025)
     GDScript backtrace (most recent call first):
         [0] _build_scene (res://src/actors/character_factory.gd:321)
         [1] <anonymous lambda> (res://src/actors/character_factory.gd:84)
WARNING: 'res://assets/ext/characters/npc_009.glb': In external resource #6, invalid UID: 'uid://ify8u5cf5hep' - using text path instead: 'res://assets/ext/characters/npc_009_eyelashes01_5fb9b06b9281023b.png'.
     at: open (core/io/resource_format_binary.cpp:1025)
     GDScript backtrace (most recent call first):
         [0] _build_scene (res://src/actors/character_factory.gd:321)
         [1] <anonymous lambda> (res://src/actors/character_factory.gd:84)
characters: 16 looks ready in 478 ms
settlements: navigation for bitter_spring baked in 60 chunks, 2125 ms
WARNING: Navigation region synchronization had 4 edge error(s).
More than 2 edges tried to occupy the same map rasterization space.
This causes a logical error in the navigation mesh geometry and is commonly caused by overlap or too densely placed edges.
Consider baking with a higher 'cell_size', greater geometry margin, and less detailed bake objects to cause fewer edges.
Consider lowering the 'navigation/3d/merge_rasterizer_cell_scale' in the project settings.
This warning can be toggled under 'navigation/3d/warnings/navmesh_edge_merge_errors' in the project settings.
     at: _build_step_find_edge_connection_pairs (modules/navigation_3d/3d/nav_region_builder_3d.cpp:219)
settlements: built port_linden: 173 structures, tris ext 280k int 53k, 3968 surfaces (meshes + props), 15 door meshes, build 2053 ms (commit 558), attach 81 ms
settlements: built greer_post: 5 structures, tris ext 4k int 2k, 68 surfaces (meshes + props), 2 door meshes, build 46 ms (commit 8), attach 0 ms
settlements: built mesquite_wells: 25 structures, tris ext 41k int 13k, 461 surfaces (meshes + props), 11 door meshes, build 287 ms (commit 85), attach 4 ms
settlements: built coldwater: 37 structures, tris ext 37k int 16k, 616 surfaces (meshes + props), 10 door meshes, build 330 ms (commit 65), attach 8 ms
BOT road: PASS  errors=0  dist=274 m  stuck=0  falls=0  spikes=3  avg_ms=9.1  p99_ms=47.3
BOT explore: PASS  errors=0  dist=278 m  stuck=1  falls=0  spikes=0  avg_ms=9.7  p99_ms=50.7
settlements: unloaded mesquite_wells
settlements: unloaded port_linden
settlements: unloaded greer_post
settlements: unloaded coldwater
RIDE to mesquite_wells: en route  707 m in 75 s (avg 9.4 m/s)  waypoints 122/348  stumbles 0  stamina 33
GAIT gallop(ride) PASS  beats=4  order=RH LH RF LF  period=0.48s  slide=6.2 cm/stance (max 31.8, 179 stances)
GAIT canter(ride) PASS  beats=3  order=RH LH+RF LF  period=0.57s  slide=0.8 cm/stance (max 6.2, 26 stances)
BOT ride: PASS  errors=0  dist=707 m  stuck=0  falls=0  spikes=0  avg_ms=9.6  p99_ms=47.2
  foot IK: 26265 solves, last offsets { "LF": 0.05215033714049, "RF": 0.05346458939898, "LH": 0.02372076437057, "RH": 0.01124097456298 }
HORSE API: dismount right side=ok; whistle: arrived in 6.6 s; brush dirt=0.0 bond_xp=42; mounted right: on_horse=true; gunfire fear 0.00 -> 1.01
GAIT walk    PASS  beats=4  order=LH LF RH RF  period=1.08s  slide=0.8 cm/stance (max 1.9, 18 stances)
GAIT trot    PASS  beats=2  order=LH+RF LF+RH  period=0.72s  slide=0.8 cm/stance (max 3.0, 18 stances)
GAIT canter  PASS  beats=3  order=RH LH+RF LF  period=0.57s  slide=0.8 cm/stance (max 3.2, 25 stances)
GAIT gallop  PASS  beats=4  order=RH LH RF LF  period=0.48s  slide=6.1 cm/stance (max 27.6, 28 stances)
BOT gaits: PASS  errors=0  dist=128 m  stuck=0  falls=0  spikes=1  avg_ms=9.7  p99_ms=47.8
  town metric: 36 residents on screen of a 40 cast | on schedule 100% | spots reached 29 of 29 walks (100%), 15 skipped unseen | went home 0 | doors used 30 | stuck 2 (0.017 per NPC-minute) | chats 1, greetings 1, nudges 0 | draw calls n/a (headless)
  town reactions: resident looked at Ruth true, greetings 1 | gunshot: 35 fled or cowered, 27 ran inside within 6 s
    stuck x2 OrrinLarkin_33717 at (-386.2, 266.0, -217.6) state COWER work/plan goal (-404.4, 266.5, -233.2)
    stuck x1 ErastusQuill_44411 at (-418.2, 266.5, -249.2) state COWER errands/plan goal (-415.8, 266.5, -242.9)
  town: 38 npcs, 2 stuck events, 115.4 npc-minutes
BOT town: PASS  errors=0  npcs=38  npc_minutes=115.4
gunfight: settling vegetation
gunfight: settled
settlements: unloaded bitter_spring
settlements: unloaded caddell_camp
  gunfight: enemies 3 engaged 3 cover 1 killed 0 | player shots 9 hits 4, hits taken 5, 5 s
BOT gunfight: PASS  errors=0  enemies=3  enemy_shots=11  enemy_hits=5  engaged=3  used_cover=1  killed=0  player_shots=9  player_hits=4  player_hits_taken=5
  hunt: shot hits [[@Area3D@54772:<Area3D#5502104794402>, "chest", 34.5243682861328]] deer at (500.0033, 211.4204, 1534.997) origin (500.0, 214.1564, 1500.0)
settlements: built halvorsen_ranch: 9 structures, tris ext 10k int 0k, 91 surfaces (meshes + props), 5 door meshes, build 63 ms (commit 26), attach 1 ms
settlements: navigation for halvorsen_ranch baked in 9 chunks, 63 ms
  GAIT mule_deer/gallop PASS  beats=4  order=RH LH RF LF  period=0.42s  slide=5.3 cm/stance (max 7.3, 8 stances)
  GAIT mule_deer/stot PASS  beats=1  order=LF+LH+RF+RH  period=0.62s  slide=2.8 cm/stance (max 3.9, 8 stances)
  GAIT mule_deer/trot PASS  beats=2  order=LH+RF LF+RH  period=0.55s  slide=3.4 cm/stance (max 4.4, 8 stances)
  GAIT mule_deer/walk PASS  beats=4  order=LH LF RH RF  period=0.95s  slide=1.4 cm/stance (max 2.0, 8 stances)
  GAIT elk/gallop PASS  beats=4  order=RH LH RF LF  period=0.50s  slide=5.9 cm/stance (max 7.5, 8 stances)
  GAIT elk/trot PASS  beats=2  order=LH+RF LF+RH  period=0.70s  slide=4.6 cm/stance (max 5.5, 8 stances)
  GAIT elk/walk PASS  beats=4  order=LH LF RH RF  period=1.15s  slide=1.8 cm/stance (max 2.5, 8 stances)
  GAIT pronghorn/gallop PASS  beats=4  order=RH LH RF LF  period=0.38s  slide=8.1 cm/stance (max 11.2, 8 stances)
  GAIT pronghorn/trot PASS  beats=2  order=LH+RF LF+RH  period=0.50s  slide=3.0 cm/stance (max 3.9, 8 stances)
  GAIT pronghorn/walk PASS  beats=4  order=LH LF RH RF  period=0.85s  slide=2.7 cm/stance (max 4.0, 8 stances)
  GAIT bison/gallop PASS  beats=4  order=RH LH RF LF  period=0.55s  slide=7.1 cm/stance (max 10.2, 8 stances)
  GAIT bison/trot PASS  beats=2  order=LH+RF LF+RH  period=0.75s  slide=4.9 cm/stance (max 6.2, 8 stances)
  GAIT bison/walk PASS  beats=4  order=LH LF RH RF  period=1.30s  slide=2.7 cm/stance (max 4.8, 8 stances)
  GAIT rabbit/bound PASS  beats=3  order=LF RF LH+RH  period=0.22s  slide=3.4 cm/stance (max 6.5, 8 stances)
  GAIT rabbit/hop PASS  beats=3  order=LF RF LH+RH  period=0.45s  slide=0.6 cm/stance (max 0.8, 8 stances)
  GAIT coyote/gallop PASS  beats=4  order=RH LH LF RF  period=0.30s  slide=8.2 cm/stance (max 11.2, 8 stances)
  GAIT coyote/trot PASS  beats=2  order=LH+RF LF+RH  period=0.45s  slide=2.1 cm/stance (max 2.7, 8 stances)
  GAIT coyote/walk PASS  beats=4  order=LH LF RH RF  period=0.80s  slide=1.7 cm/stance (max 2.3, 8 stances)
  GAIT wolf/gallop PASS  beats=4  order=RH LH LF RF  period=0.37s  slide=5.5 cm/stance (max 8.0, 8 stances)
  GAIT wolf/trot PASS  beats=2  order=LH+RF LF+RH  period=0.55s  slide=2.2 cm/stance (max 2.8, 8 stances)
  GAIT wolf/walk PASS  beats=4  order=LH LF RH RF  period=0.95s  slide=2.2 cm/stance (max 3.0, 8 stances)
  GAIT cougar/gallop PASS  beats=4  order=RH LH LF RF  period=0.38s  slide=4.8 cm/stance (max 7.2, 8 stances)
  GAIT cougar/trot PASS  beats=2  order=LH+RF LF+RH  period=0.55s  slide=2.8 cm/stance (max 3.3, 8 stances)
  GAIT cougar/walk PASS  beats=4  order=LH LF RH RF  period=1.00s  slide=2.6 cm/stance (max 3.7, 8 stances)
  GAIT black_bear/gallop PASS  beats=4  order=RH LH LF RF  period=0.42s  slide=2.3 cm/stance (max 3.2, 8 stances)
  GAIT black_bear/trot PASS  beats=2  order=LH+RF LF+RH  period=0.60s  slide=2.0 cm/stance (max 2.6, 8 stances)
  GAIT black_bear/walk PASS  beats=4  order=LH LF RH RF  period=1.10s  slide=2.2 cm/stance (max 2.4, 7 stances)
  GAIT raccoon/gallop PASS  beats=4  order=RH LH LF RF  period=0.30s  slide=2.1 cm/stance (max 3.6, 8 stances)
  GAIT raccoon/trot PASS  beats=2  order=LH+RF LF+RH  period=0.40s  slide=1.2 cm/stance (max 1.8, 8 stances)
  GAIT raccoon/walk PASS  beats=4  order=LH LF RH RF  period=0.70s  slide=0.8 cm/stance (max 1.1, 8 stances)
  GAIT fox/gallop PASS  beats=4  order=RH LH LF RF  period=0.27s  slide=5.7 cm/stance (max 8.9, 8 stances)
  GAIT fox/trot PASS  beats=2  order=LH+RF LF+RH  period=0.38s  slide=2.1 cm/stance (max 2.8, 8 stances)
  GAIT fox/walk PASS  beats=4  order=LH LF RH RF  period=0.70s  slide=1.4 cm/stance (max 1.9, 8 stances)
  hunt: pelt quality 3, population samples [18, 18, 1, 1, 3, 3, 19, 19]
BOT hunt: PASS  errors=0  pelt_quality=3
  ok    first night (chapter 1)    -> first_night
  ok    a hold-up on the road      -> robbery
  ok    a murder, Doc in camp      -> murder
  ok    a murder, no Doc           -> murder_hap
  ok    a $200 poster              -> poster
  ok    low Standing               -> notorious
  ok    high Standing with Joseph  -> respected
  ok    Cutter jailed              -> cutter_jailed
  ok    Cutter dead                -> cutter_dead
  ok    Doc sober                  -> doc_sober
  ok    Doc drinking               -> doc_drink
  ok    Asa spared                 -> asa_spared
  ok    Asa killed                 -> asa_killed
  ok    a pelt in the satchel      -> hunting
  ok    nothing special            -> tom
  ok    stayed for the comet       -> comet
  ok    paid Pip's debt            -> pip
  ok    faced Rourke down          -> pip_rourke
  ok    a share in the Locomobile  -> locomobile
  ok    Del stayed                 -> del_stays
  ok    Doc answered the letter    -> doc_letter
  ok    Joseph said his piece      -> joseph_own
  ok    Billy's colt               -> billy_example
  ok    one-off talk plays once (then: tom)
  ok    doc's bark for the situation: camp_doc_reading
  ok    doc's bark for the situation: camp_doc_drinking
  ok    del's bark for the situation: camp_del_robbery
  ok    hap's bark for the situation: camp_hap_meat
  ok    joseph's bark for the situation: camp_joseph_name
  ok    doc's bark for the situation: camp_doc_barrels
  ok    del's bark for the situation: camp_del_crane
  ok    billy's bark for the situation: camp_billy_novel
  ok    hap's bark for the situation: camp_hap_widow_alone
  ok    joseph's bark for the situation: camp_joseph_map
  ok    hap's bark for the situation: camp_hap_crew_sang
  ok    hap's bark for the situation: camp_hap_crew_wire
  ok    joseph's bark for the situation: camp_joseph_false
  ok    billy's bark for the situation: camp_billy_paid
  ok    del's bark for the situation: camp_del_paid
  ok    doc's bark for the situation: camp_doc_burned
  ok    a sober Doc never brags about drinking
settlements: built caddell_camp: 11 structures, tris ext 6k int 0k, 80 surfaces (meshes + props), 0 door meshes, build 41 ms (commit 18), attach 0 ms
settlements: navigation for caddell_camp baked in 4 chunks, 55 ms
  camp: 5 companions in camp (hap, billy, del, doc, joseph)
settlements: built bitter_spring: 50 structures, tris ext 106k int 27k, 1112 surfaces (meshes + props), 22 door meshes, build 683 ms (commit 231), attach 19 ms
  camp: at the fire -> first_night; after a hold-up -> robbery; again -> del_hymns
  camp: stew true (health 100), second bowl false, Doc pours whiskey, cards with Del: 3 hands, net $2.25
BOT camp: PASS  errors=0
WARNING: Navigation region synchronization had 4 edge error(s).
More than 2 edges tried to occupy the same map rasterization space.
This causes a logical error in the navigation mesh geometry and is commonly caused by overlap or too densely placed edges.
Consider baking with a higher 'cell_size', greater geometry margin, and less detailed bake objects to cause fewer edges.
Consider lowering the 'navigation/3d/merge_rasterizer_cell_scale' in the project settings.
This warning can be toggled under 'navigation/3d/warnings/navmesh_edge_merge_errors' in the project settings.
     at: _build_step_find_edge_connection_pairs (modules/navigation_3d/3d/nav_region_builder_3d.cpp:219)
settlements: navigation for bitter_spring baked in 60 chunks, 1196 ms
settlements: built greer_post: 5 structures, tris ext 4k int 2k, 68 surfaces (meshes + props), 2 door meshes, build 29 ms (commit 6), attach 0 ms
settlements: navigation for greer_post baked in 4 chunks, 83 ms
settlements: built port_linden: 173 structures, tris ext 280k int 53k, 3968 surfaces (meshes + props), 15 door meshes, build 1944 ms (commit 578), attach 40 ms
  encounters pass A (standing +40, choices 0): wagon:-(+2.9) robbery:-(+0.0) prisoner:-(+0.0) snakebite:-(+2.9) hunter:-(+0.0) grave:-(+2.9) ambush:fought_off(+0.4) hanging:talked_down(+2.9) runaway:caught(+2.9) lost_child:home(+2.9) duel:shot(-1.0) snake_oil:bought(+0.0) bounty_hunters:paid(+0.7) stranded:robbed(+0.7) drunk:drank(+0.0) fire:saved(+2.9) preacher:gave(+1.4) stage:stopped(+2.9)
  encounters pass B (standing -30, choices 1): wagon:-(+4.0) robbery:-(+0.0) prisoner:-(+0.0) snakebite:-(+4.0) hunter:-(+0.0) grave:-(+4.0) ambush:fought_off(+0.5) hanging:rode_on(-1.6) runaway:overturned(+0.0) lost_child:home(+4.0) duel:talked(+3.0) snake_oil:exposed(+1.0) bounty_hunters:fought(+0.0) stranded:fought(+1.0) drunk:disarmed(+1.0) fire:lost(+1.0) preacher:passed(+0.0) stage:rode_on(-0.8)
  encounters pass C (standing +0, choices 0): hanging:fought(+4.0) bounty_hunters:fought(+0.0)
  encounters: 38 staged, 103 lines said, 29 distinct outcomes
BOT encounters: PASS  errors=0  lines_said=103
  armed+brave: insult/shove/draw -> combat true; defuse stood_down (calm true, standing +0.6)
  armed+brave, Ruth wanted: insult/shove/draw; defuse failed (still fighting true)
  unarmed brave: insult/shove/fists -> FIST
  unarmed: insult/shove/flee -> FLEE
  armed coward: insult/shove/flee
  lawman: insult/shove/draw; defuse failed
  lady: insult, defuse calmed, again (nothing to calm)
  greet follow-ups by band: {"high":"soc_greet_town_high_2","low":"soc_greet_town_low_1","mid":"soc_greet_town_mid_2","wanted":"soc_greet_town_wanted_2"}
  greet (Standing 40): soc_greet_woman_wanted_1
  gossip ok   Cutter jailed          -> gos_cutter_jail
  gossip ok   Cutter dead            -> gos_cutter_dead
  gossip ok   the train robbed       -> gos_payroll
  gossip ok   Pell in print          -> gos_ledger
  gossip ok   Pell arrested          -> gos_pell_arrest
  gossip ok   a storm                -> gos_w_storm
  gossip ok   night                  -> gos_night
  gossip ok   lawman, Ruth wanted    -> gos_law_eye1
  gossip ok   lawman, dead or alive  -> gos_law_eye2
  gossip ok   shop, robbed twice     -> gos_shop_robbed2
  gossip ok   shop, honourable Ruth  -> gos_shop_high
  gossip ok   shop, low Ruth         -> gos_shop_low
  gossip ok   three robberies        -> gos_robbed3
  gossip ok   a murder               -> gos_murder
  gossip ok   the comet              -> gos_comet
  paper ok   chapter 1 start    -> land_offer | SYNDICATE OFFERS FOR SABLE BASIN LAND | Tuesday, October 17, 1899
  paper ok   Willow Bend        -> willow_bend | SHOOTING AT WILLOW BEND | Tuesday, October 17, 1899
  paper ok   the press attacked -> press | THE LANTERN WILL NOT BE PUT OUT | Thursday, November 2, 1899
  paper ok   the poster         -> poster | WOMAN SOUGHT IN BANK AFFAIR | Thursday, November 16, 1899
  paper ok   Cutter jailed      -> cutter_jailed | CUTTER SHALE IN THE COUNTY JAIL | Thursday, December 7, 1899
  paper ok   the strike         -> strike | THE KESTREL STRIKE SETTLED | Friday, January 19, 1900
  paper ok   the express        -> express | MERIDIAN EXPRESS STOPPED AT KESSLER'S TANK | Friday, January 19, 1900
  paper ok   Pell's ledger      -> ledger | MR. PELL'S LEDGER | Thursday, February 15, 1900
  paper ok   Pell arrested      -> pell_arrested | LUCIUS PELL ARRESTED | Thursday, February 15, 1900
  paper ok   spring             -> spring | SPRING IN THE SABLE COUNTRY | Thursday, April 12, 1900
  paper ok   a store robbed     -> store_robbery | STORE ROBBED IN COLDWATER | Tuesday, October 17, 1899
  paper ok   robbery wave       -> robberies | WAVE OF ROBBERIES ALARMS THE COUNTY | Tuesday, October 17, 1899
  paper ok   a gunfight         -> gunfight | GUNFIGHT IN THE STREETS OF BITTER SPRING | Tuesday, October 17, 1899
  paper ok   a bounty           -> bounty | OUTLAW JUBAL PARDEE BROUGHT TO JUSTICE | Tuesday, October 17, 1899
  paper ok   old news           -> willow_bend | SHOOTING AT WILLOW BEND | Monday, October 16, 1899
  paper ok   the comet          -> comet | COMET SEEN OVER THE KESTREL | Tuesday, October 17, 1899
  bought The Port Linden Lantern for 5 cents: SYNDICATE OFFERS FOR SABLE BASIN LAND, page opened false
BOT social: PASS  errors=0
settlements: built mesquite_wells: 25 structures, tris ext 41k int 13k, 461 surfaces (meshes + props), 11 door meshes, build 187 ms (commit 60), attach 4 ms
  board at bitter_spring: Cole Hatcher ($60, hideout), Ezra Penn ($50, roaming), Judith Marlow ($75, roaming)
  roaming camp moves: Marlow day 0 (1401.0, 235.0, 584.0), day 1 (2044.0, 227.0, 421.0)
  bounty hatcher: alive, carried across the saddle true, paid $90.00 (expected $90.00)
  bounty penn: dead, carried across the saddle false, paid $50.00 (expected $50.00)
  Hatcher's saddlebag: treasure_map_1 true
  journal extra pages: Cole Hatcher, Ezra Penn, The Hatcher Map
  gossip after: gos_out_hatcher; paper lead: OUTLAW EZRA PENN BROUGHT TO JUSTICE
  legend The Grey Widow (wolf): clues 3, beast hp 400 (species 80), pelt true, outfit true
  legend Old Ironhide (black_bear): clues 3, beast hp 1040 (species 260), pelt true, outfit true
  legend The Pale Ghost (cougar): clues 3, beast hp 440 (species 110), pelt true, outfit true
  legend The Sable King (elk): clues 3, beast hp 560 (species 160), pelt true, outfit true
  trapper stall at Greer's: true; paper lead after the hunts: THE SABLE KING BROUGHT DOWN; options left: 0
  map 1: X at (646, -90) dry, relief 128 m, water cells 24, dig prompt 'Dig where the map's X is' -> treasure_map_2
  map 2: X at (2969, 265) dry, relief 93 m, water cells 1157, dig prompt 'Dig where the map's X is' -> treasure_map_3
  map 3: X at (-3031, 2758) dry, relief 170 m, water cells 0, dig prompt 'Dig where the map's X is' -> gold
  lawman: insult -> fine $5, wanted 1; shove -> fine $15; paid at the board true ($15.00), wanted now 0
  satchel: newspaper readable true, last edition 'BURIED GOLD AT SAN LAZARO?', opened true
BOT openworld: PASS  errors=0
  interior audio: listener in bitter_spring/03_saloon, interior true, bed 'crowd_saloon'
BOT systems: PASS  errors=0  checks=[wanted_after_murder:2, bounty:1, shops:9, encounters:57, robbery:2, fishing:1, interior_audio:2]
settlements: unloaded halvorsen_ranch
  ui: screens visited ["Pause", "Map", "Journal", "Satchel", "Today\'s Paper", "Settings", "Controls", "Accessibility"]
BOT ui: PASS  errors=0  checks=[rebind:ok, glyphs:2, screens:8]
  footik flat: ankle above ground L 0.076 R 0.076
  footik off: ankle above ground L 0.132 R 0.037
  footik ik: ankle above ground L 0.075 R 0.075  (ik solves 59, weight 1.00)
BOT footik: PASS  errors=0  checks=[ankle_diff_cm:2]
settlements: built halvorsen_ranch: 9 structures, tris ext 10k int 0k, 91 surfaces (meshes + props), 5 door meshes, build 46 ms (commit 15), attach 1 ms
settlements: unloaded caddell_camp
  cover: { "gap_m": 0.52, "hidden_crouched": true, "slid_m": 1.08, "exposed_aiming": true, "blind_fire_rounds": 1, "left_cover": true, "peek_m": 0.6, "edge": 1 }
BOT cover: PASS  errors=0  checks=[gap_m:0.52, hidden_crouched:true, slid_m:1.08, exposed_aiming:true, blind_fire_rounds:1, left_cover:true, peek_m:0.6, edge:1]
settlements: unloaded greer_post
settlements: unloaded port_linden
  melee: { "first_blow_hp": 80.5, "taken_open": 20.2, "taken_guard": 8.6, "knocked_down": true, "alive": true, "got_up": true, "state_after": "IDLE" }
BOT melee: PASS  errors=0  checks=[first_blow_hp:80.5, taken_open:20.2, taken_guard:8.6, knocked_down:true, alive:true, got_up:true, state_after:IDLE]
  armory: { "cond_after_6": 0.985, "spread_clean_vs_fouled": [0.45, 1.03], "jams_in_120": 7, "loaded": "revolver_express", "damage_std_vs_express": [38.0, 44.8], "slug": { "pellets": 1, "damage": 78.0, "range": 40.0 }, "save_load": true }
BOT armory: PASS  errors=0  checks=[cond_after_6:0.985, spread_clean_vs_fouled:2, jams_in_120:7, loaded:revolver_express, damage_std_vs_express:2, slug:3, save_load:true]
BOTS PASS -> /Users/runner/work/blocksmith/blocksmith/snaps/bot_report.json
WARNING: 216 ObjectDB instances were leaked at exit (run with `--verbose` for details).
   at: cleanup (core/object/object.cpp:2536)
