focused check: Blocksmith --ridecheck --out snaps
ride crawler: t   0 s: ship at -288,153,51 yaw 0.40 speed 0.0; bot ship-space 12.50,22.01,46.50 standing
ride crawler: t  30 s: ship at -191,149,78 yaw -1.48 speed 6.1; bot ship-space 22.39,22.14,51.84
ride crawler: t  60 s: ship at -95,163,21 yaw 3.05 speed 5.9; bot ship-space 12.62,22.14,43.10
ride crawler: t  90 s: ship at -10,184,-22 yaw -1.43 speed 6.0; bot ship-space 22.27,22.14,41.91
ride crawler: t 120 s: ship at 90,151,0 yaw 0.32 speed 5.9; bot ship-space 15.06,22.14,60.43
ride crawler: t 150 s: ship at 162,153,10 yaw -1.48 speed 1.4; bot ship-space 22.20,22.00,36.66 standing
ride crawler: t 180 s: ship at 243,174,-47 yaw -2.95 speed 4.9; bot ship-space 12.60,22.00,44.87 standing
ride crawler: t 210 s: ship at 313,179,-115 yaw -1.15 speed 6.0; bot ship-space 22.46,22.00,56.64 standing
ride crawler: drove 1338 blocks, turned 2441 degrees; bot walked 11 laps (44 legs)
PASS ride crawler: the vehicle drives and turns (1338 blocks, 42.6 rad)
PASS ride crawler: the bot never leaves the deck (0 ticks off, 0 below)
PASS ride crawler: the bot is never inside a solid (0 ticks)
PASS ride crawler: standing still, the bot drifts 0.0003 blocks over the deck (limit 0.05)
PASS ride crawler: no deck-relative velocity spikes (0 over 3 b/s in a tick, worst 1.59)
PASS ride crawler: never shoved across the deck (fastest 5.61 b/s relative; sprint is 5.6)
PASS ride crawler: no bouncing on the flat deck (0 ticks, worst 0.00 b/s)
PASS ride crawler: world velocity never jumps (worst change 1.66 b/s in a tick, limit 6)
PASS ride crawler: the bot walks laps (11, at least 4)
ride crawler: scene took 4 s
ride rough: t   0 s: ship at 307,158,-190 yaw 0.40 speed 0.0; bot ship-space 12.50,22.01,46.50 standing
ride rough: t  30 s: ship at 411,175,-174 yaw -1.24 speed 5.9; bot ship-space 22.39,22.14,51.86
ride rough: t  60 s: ship at 492,174,-252 yaw -2.99 speed 6.5; bot ship-space 12.61,22.14,42.86
ride rough: t  90 s: ship at 562,205,-313 yaw -1.13 speed 5.8; bot ship-space 22.35,22.14,42.18
ride rough: t 120 s: ship at 672,180,-314 yaw 0.62 speed 6.5; bot ship-space 15.07,22.14,60.49
ride rough: t 150 s: ship at 767,197,-320 yaw -1.18 speed 5.9; bot ship-space 22.23,22.00,37.07 standing
ride rough: t 180 s: ship at 840,219,-404 yaw -2.86 speed 5.9; bot ship-space 12.60,22.00,44.27 standing
ride rough: t 210 s: ship at 904,229,-476 yaw -1.06 speed 5.9; bot ship-space 22.47,22.00,57.50 standing
ride rough: drove 1392 blocks, turned 2438 degrees; bot walked 11 laps (44 legs)
PASS ride rough: the vehicle drives and turns (1392 blocks, 42.6 rad)
PASS ride rough: the bot never leaves the deck (0 ticks off, 0 below)
PASS ride rough: the bot is never inside a solid (0 ticks)
PASS ride rough: standing still, the bot drifts 0.0006 blocks over the deck (limit 0.05)
PASS ride rough: no deck-relative velocity spikes (0 over 3 b/s in a tick, worst 1.60)
PASS ride rough: never shoved across the deck (fastest 5.62 b/s relative; sprint is 5.6)
PASS ride rough: no bouncing on the flat deck (0 ticks, worst 0.00 b/s)
PASS ride rough: world velocity never jumps (worst change 1.67 b/s in a tick, limit 6)
PASS ride rough: the bot walks laps (11, at least 4)
ride rough: scene took 4 s
ride frigate: t   0 s: ship at -226,244,60 yaw 0.40 speed 0.1; bot ship-space 15.50,15.01,119.50 standing
ride frigate: t  30 s: ship at -108,280,-148 yaw -1.61 speed 10.0; bot ship-space 21.43,15.14,127.31
ride frigate: t  60 s: ship at 78,325,-319 yaw 0.31 speed 10.4; bot ship-space 10.95,15.14,108.76
ride frigate: t  90 s: ship at 193,352,-544 yaw -1.61 speed 9.9; bot ship-space 14.91,15.14,131.39
ride frigate: t 120 s: ship at 379,352,-715 yaw 0.31 speed 9.9; bot ship-space 13.08,15.14,108.69
ride frigate: t 150 s: ship at 494,351,-940 yaw -1.61 speed 10.0; bot ship-space 9.81,15.00,130.65 standing
ride frigate: t 180 s: ship at 680,307,-1111 yaw 0.31 speed 10.6; bot ship-space 21.44,15.00,127.42 standing
ride frigate: t 210 s: ship at 795,263,-1336 yaw -1.61 speed 10.1; bot ship-space 21.21,15.00,111.54 standing
ride frigate: drove 2370 blocks, turned 909 degrees; bot walked 12 laps (48 legs)
PASS ride frigate: the vehicle drives and turns (2370 blocks, 15.9 rad)
PASS ride frigate: the bot never leaves the deck (0 ticks off, 0 below)
PASS ride frigate: the bot is never inside a solid (0 ticks)
PASS ride frigate: standing still, the bot drifts 0.0015 blocks over the deck (limit 0.05)
PASS ride frigate: no deck-relative velocity spikes (0 over 3 b/s in a tick, worst 1.60)
PASS ride frigate: never shoved across the deck (fastest 5.62 b/s relative; sprint is 5.6)
PASS ride frigate: no bouncing on the flat deck (0 ticks, worst 0.00 b/s)
PASS ride frigate: world velocity never jumps (worst change 1.64 b/s in a tick, limit 6)
PASS ride frigate: the bot walks laps (12, at least 4)
ride frigate: scene took 1 s
ride warfrigate: t   0 s: ship at -226,227,60 yaw 0.40 speed 0.1; bot ship-space 56.50,27.01,190.50 standing
ride warfrigate: t  30 s: ship at -108,263,-148 yaw -1.61 speed 10.0; bot ship-space 59.35,27.14,190.92
ride warfrigate: t  60 s: ship at 78,307,-319 yaw 0.31 speed 10.4; bot ship-space 53.73,27.14,201.41
ride warfrigate: drove 878 blocks, turned 342 degrees; bot walked 3 laps (12 legs)
PASS ride warfrigate: the vehicle drives and turns (878 blocks, 6.0 rad)
PASS ride warfrigate: the bot never leaves the deck (0 ticks off, 0 below)
PASS ride warfrigate: the bot is never inside a solid (0 ticks)
PASS ride warfrigate: standing still, the bot drifts 0.0025 blocks over the deck (limit 0.05)
PASS ride warfrigate: no deck-relative velocity spikes (0 over 3 b/s in a tick, worst 1.59)
PASS ride warfrigate: never shoved across the deck (fastest 5.62 b/s relative; sprint is 5.6)
PASS ride warfrigate: no bouncing on the flat deck (0 ticks, worst 0.00 b/s)
PASS ride warfrigate: world velocity never jumps (worst change 1.60 b/s in a tick, limit 6)
PASS ride warfrigate: the bot walks laps (3, at least 1)
ride warfrigate: scene took 1 s
ride board: crawler at -288.1,153.0,50.1, wheels' bottom 135.2, ground under it 136 (world top 136, generator 136), up 0.01,1.00,0.04; ground at the ladder foot 141
ride board: t   0 s: phase 0 step 0, bot ship-space 3.34,4.85,29.34, aboard no, ramp down, ship speed 1.10
ride board: reached: reach the port ladder
ride board: t  20 s: phase 1 step 0, bot ship-space 5.57,14.18,29.06, aboard yes, ramp down, ship speed 1.20
ride board: reached: climb it to the roof walkway
ride board: reached: walk through the hatch into the command deck
ride board: t  40 s: phase 3 step 3, bot ship-space 7.48,21.57,30.02, aboard yes, ramp down, ship speed 1.20
ride board: reached: walk back out and down the ladder to the ground
ride board: t  60 s: phase 4 step 1, bot ship-space 0.34,-0.77,83.75, aboard no, ramp down, ship speed 0.80
ride board: t  80 s: phase 4 step 2, bot ship-space 12.81,-1.66,91.28, aboard no, ramp down, ship speed 0.80
ride board: t 100 s: phase 4 step 5, bot ship-space 17.50,10.21,74.71, aboard yes, ramp down, ship speed 0.80
ride board: reached: walk round to the rear ramp and up it into the troop bay
ride board: reached: walk down the ramp to the ground
ride board: reached: reach the port ladder at 1 s; climb it to the roof walkway at 33 s; walk through the hatch into the command deck at 3 s; walk back out and down the ladder to the ground at 5 s; walk round to the rear ramp and up it into the troop bay at 63 s; walk down the ramp to the ground at 8 s
PASS ride board: the bot can reach the port ladder while the crawler moves
PASS ride board: the bot can climb it to the roof walkway while the crawler moves
PASS ride board: the bot can walk through the hatch into the command deck while the crawler moves
PASS ride board: the bot can walk back out and down the ladder to the ground while the crawler moves
PASS ride board: the bot can walk round to the rear ramp and up it into the troop bay while the crawler moves
PASS ride board: the bot can walk down the ramp to the ground while the crawler moves
PASS ride board: never inside a solid while aboard (0 ticks)
PASS ride board: boarding and leaving keep the bot's world velocity (16 changes, worst jump 2.07 b/s)
PASS ride board: no deck-relative velocity spikes aboard (0, worst 3.66)
ride board: scene took 3 s
ride frigateboard: t   0 s: phase 0, bot ship-space 15.52,24.02,131.99, aboard no, flying yes
ride frigateboard: reached: fly down onto the flight deck
ride frigateboard: t  20 s: phase 1, bot ship-space 26.58,15.00,55.43, aboard yes, flying no
ride frigateboard: reached: walk through the hangar, the deckhouse and the starboard door, forward along the side deck and back aft to the flight deck
ride frigateboard: t  40 s: phase 2, bot ship-space 13.51,15.00,98.09, aboard yes, flying no
ride frigateboard: t  60 s: phase 2, bot ship-space 4.39,15.00,85.71, aboard yes, flying no
ride frigateboard: reached: do the same on the port side
ride frigateboard: reached: take off and fly clear
ride frigateboard: reached: fly down onto the flight deck at 4 s; walk through the hangar, the deckhouse and the starboard door, forward along the side deck and back aft to the flight deck at 32 s; do the same on the port side at 31 s; take off and fly clear at 2 s
PASS ride frigateboard: the bot can fly down onto the flight deck while the frigate cruises and turns
PASS ride frigateboard: the bot can walk through the hangar, the deckhouse and the starboard door, forward along the side deck and back aft to the flight deck while the frigate cruises and turns
PASS ride frigateboard: the bot can do the same on the port side while the frigate cruises and turns
PASS ride frigateboard: the bot can take off and fly clear while the frigate cruises and turns
PASS ride frigateboard: aboard all the way round (0 ticks off)
PASS ride frigateboard: never inside a solid (0 ticks)
PASS ride frigateboard: landing and taking off keep the bot's world velocity (2 changes, worst jump 1.06 b/s)
PASS ride frigateboard: no velocity spikes or bouncing aboard (0, 0; worst 1.67)
ride frigateboard: scene took 1 s
ride crew: crew 15 of 15 aboard; ship at 90,151,0 speed 5.9
PASS ride crew: every crew post is manned (15/15)
PASS ride crew: the crew ride the moving vehicle (0 crew-ticks off it)
PASS ride crew: every soldier holds its post while it drives and turns (worst 0.30 blocks: soldier_marksman at post 6)
PASS ride crew: no crew member inside a solid (0 crew-ticks)
ride crew: disabled at 5.8 b/s (wheels destroyed): came to rest after 7.1 s; worst deceleration 1.46 b/s2, fastest drop 0.21 b/s; impact 0.0 b/s; 15 crew alive
PASS ride crew: the disabled vehicle comes to rest (wheels destroyed)
PASS ride crew: it stays in the world (no despawn)
PASS ride crew: it grinds to a stop, not at once (7.1 s from 5.8 b/s)
PASS ride crew: no sudden stop (worst deceleration 1.46 b/s2)
PASS ride crew: the crew fight enemy soldiers from aboard (403 shots)
PASS ride crew: the crew stay aboard the disabled vehicle (0 crew-ticks off)
PASS ride crew: the crew survive it (15 of 15 alive when it came to rest, 15 at the end)
PASS ride crew: the crew are released to fight
ride crew: scene took 4 s
ride troops: before the foes: ramp up, AI wants 3.0 b/s, speed 3.0, driver alive yes
ride troops: t 5 s: ramp down, AI wants 1.0 b/s, speed 1.0, target yes, 2 troops walking out 8.4,10.0,42.3 (5 left); 24.7,10.0,62.7 (5 left)
ride troops: t 10 s: ramp down, AI wants 1.0 b/s, speed 1.0, target yes, 2 troops walking out 8.0,10.0,52.3 (5 left); 18.3,10.0,72.3 (4 left)
ride troops: t 15 s: ramp down, AI wants 0.0 b/s, speed 0.1, target yes, 1 troops walking out 7.9,10.0,62.3 (5 left)
ride troops: t 20 s: ramp down, AI wants 0.0 b/s, speed 0.0, target yes, 1 troops walking out 9.1,10.0,71.2 (4 left)
ride troops: t 25 s: ramp down, AI wants 0.0 b/s, speed 0.0, target yes, 1 troops walking out 17.4,10.0,74.1 (2 left)
ride troops: t 30 s: ramp down, AI wants 1.0 b/s, speed 1.0, target yes, 3 troops walking out 18.6,6.0,78.7 (2 left); 24.7,10.0,38.7 (5 left)
ride troops: ramp up before the foes came; 2 troops walked out in 30 s; troops left 4
PASS ride troops: the ramp is up while it drives and comes down for the troops
PASS ride troops: bay troops walk out by the ramp onto the ground (2)
PASS ride troops: no troop is teleported (0 jumps over a block in a tick)
PASS ride troops: no troop inside a solid on the way out (0 troop-ticks)
ride troops: scene took 1 s
ride frigatecrew: crew 9 of 9 aboard; ship at -21,306,-726 speed 10.3
PASS ride frigatecrew: every crew post is manned (9/9)
PASS ride frigatecrew: the crew ride the moving vehicle (0 crew-ticks off it)
PASS ride frigatecrew: every soldier holds its post while it drives and turns (worst 0.01 blocks: soldier_marksman at post 1)
PASS ride frigatecrew: no crew member inside a solid (0 crew-ticks)
ride frigatecrew: disabled at 9.9 b/s (engines destroyed): came to rest after 14.4 s; worst deceleration 230.18 b/s2, fastest drop 6.99 b/s; impact 3.8 b/s; 9 crew alive
PASS ride frigatecrew: the disabled vehicle comes to rest (engines destroyed)
PASS ride frigatecrew: it stays in the world (no despawn)
PASS ride frigatecrew: it comes down over time, not at once (14.4 s)
PASS ride frigatecrew: it never drops faster than 8 b/s (6.99)
PASS ride frigatecrew: the crew flare it: touchdown at 3.8 b/s (under 5)
PASS ride frigatecrew: the crew stay aboard the disabled vehicle (0 crew-ticks off)
PASS ride frigatecrew: the crew survive it (9 of 9 alive when it came to rest, 9 at the end)
PASS ride frigatecrew: the crew are released to fight
ride frigatecrew: scene took 1 s
ride frigatecrash: came down 90 blocks in 20 s, touchdown at 3.9 b/s; bot health 20 -> 20
PASS ride frigatecrash: the frigate crash-lands and stays (no despawn)
PASS ride frigatecrash: the bot rides it down on the deck (0 ticks off)
PASS ride frigatecrash: never inside a solid (0 ticks)
PASS ride frigatecrash: standing, it drifts 0.0011 blocks over the deck on the way down
PASS ride frigatecrash: the bot survives with sensible damage (20 -> 20)
ride frigatecrash: scene took 1 s
ridecheck: PASS (10 scenes in 21 s)
