imagecheck texsrc_procedural_forest.png magenta=0.00000 black=0.0010 white=0.0008 std=30.8 hash=9fa3018a81583028
imagecheck texsrc_procedural_forest.png magenta=0.00000 black=0.0010 white=0.0008 std=30.8 hash=9fa3018a81583028
imagecheck texsrc_procedural_cliff.png magenta=0.00000 black=0.0002 white=0.0008 std=29.9 hash=0508e65bd7268e3f
imagecheck texsrc_procedural_cliff.png magenta=0.00000 black=0.0002 white=0.0008 std=29.9 hash=0508e65bd7268e3f
imagecheck texsrc_procedural_village.png magenta=0.00000 black=0.0000 white=0.0008 std=56.3 hash=7f08cefcae630e7a
imagecheck texsrc_procedural_village.png magenta=0.00000 black=0.0000 white=0.0008 std=56.3 hash=7f08cefcae630e7a
imagecheck texsrc_cc0_forest.png magenta=0.00000 black=0.0009 white=0.0008 std=31.0 hash=d29bed07b082fa88
imagecheck texsrc_cc0_forest.png magenta=0.00000 black=0.0009 white=0.0008 std=31.0 hash=d29bed07b082fa88
imagecheck texsrc_cc0_cliff.png magenta=0.00000 black=0.0000 white=0.0008 std=30.6 hash=928f9a4c3a4dc33f
imagecheck texsrc_cc0_cliff.png magenta=0.00000 black=0.0000 white=0.0008 std=30.6 hash=928f9a4c3a4dc33f
imagecheck texsrc_cc0_village.png magenta=0.00000 black=0.0000 white=0.0008 std=56.8 hash=7c8baed24bf5569f
imagecheck texsrc_cc0_village.png magenta=0.00000 black=0.0000 white=0.0008 std=56.8 hash=7c8baed24bf5569f
imagecheck texsrc_gemini_forest.png magenta=0.00000 black=0.0051 white=0.0008 std=36.5 hash=2918f7068c5b26a9
imagecheck texsrc_gemini_forest.png magenta=0.00000 black=0.0051 white=0.0008 std=36.5 hash=2918f7068c5b26a9
imagecheck texsrc_gemini_cliff.png magenta=0.00000 black=0.0022 white=0.0008 std=30.6 hash=f6d8bfbbcfe9f9b3
imagecheck texsrc_gemini_cliff.png magenta=0.00000 black=0.0022 white=0.0008 std=30.6 hash=f6d8bfbbcfe9f9b3
imagecheck texsrc_gemini_village.png magenta=0.00000 black=0.0000 white=0.0008 std=58.2 hash=0b4dcdae8f62a2dd
imagecheck texsrc_gemini_village.png magenta=0.00000 black=0.0000 white=0.0008 std=58.2 hash=0b4dcdae8f62a2dd
imagecheck mobs.png magenta=0.00000 black=0.0048 white=0.0008 std=28.1 hash=bac849e1c84b9ac6
imagecheck mobs.png magenta=0.00000 black=0.0048 white=0.0008 std=28.1 hash=bac849e1c84b9ac6
imagecheck mob_shadows.png magenta=0.00000 black=0.0031 white=0.0008 std=29.6 hash=b6d08235372a8dde
imagecheck mob_shadows.png magenta=0.00000 black=0.0031 white=0.0008 std=29.6 hash=b6d08235372a8dde
imagecheck hostile.png magenta=0.00000 black=0.0047 white=0.0008 std=27.1 hash=0397d3b3a1cfbd56
imagecheck hostile.png magenta=0.00000 black=0.0047 white=0.0008 std=27.1 hash=0397d3b3a1cfbd56
imagecheck nether.png magenta=0.00000 black=0.0005 white=0.0009 std=28.2 hash=5f9c9ecb24c09c11
imagecheck nether.png magenta=0.00000 black=0.0005 white=0.0009 std=28.2 hash=5f9c9ecb24c09c11
imagecheck ember_crimson.png magenta=0.00000 black=0.0248 white=0.0008 std=25.1 hash=40328aaab6c1129c
imagecheck ember_crimson.png magenta=0.00000 black=0.0248 white=0.0008 std=25.1 hash=40328aaab6c1129c
imagecheck ember_warped.png magenta=0.00000 black=0.0030 white=0.0128 std=55.4 hash=670088cff9b76096
imagecheck ember_warped.png magenta=0.00000 black=0.0030 white=0.0128 std=55.4 hash=670088cff9b76096
imagecheck ember_soul.png magenta=0.00000 black=0.0009 white=0.0008 std=18.1 hash=b431263f4d4e97f4
imagecheck ember_soul.png magenta=0.00000 black=0.0009 white=0.0008 std=18.1 hash=b431263f4d4e97f4
imagecheck ember_basalt.png magenta=0.00000 black=0.0003 white=0.0008 std=64.4 hash=43e0d3bd0af9c32d
imagecheck ember_basalt.png magenta=0.00000 black=0.0003 white=0.0008 std=64.4 hash=43e0d3bd0af9c32d
imagecheck nether_wide.png magenta=0.00000 black=0.0005 white=0.0008 std=35.7 hash=cfc540877829d45f
imagecheck nether_wide.png magenta=0.00000 black=0.0005 white=0.0008 std=35.7 hash=cfc540877829d45f
imagecheck fortress.png magenta=0.00000 black=0.2175 white=0.0008 std=13.5 hash=25186f017d2c1202
imagecheck fortress.png magenta=0.00000 black=0.2175 white=0.0008 std=13.5 hash=25186f017d2c1202
imagecheck fortress_far.png magenta=0.00000 black=0.1741 white=0.0008 std=16.2 hash=dcbdb3393bceadfc
imagecheck fortress_far.png magenta=0.00000 black=0.1741 white=0.0008 std=16.2 hash=dcbdb3393bceadfc
imagecheck nether_mobs.png magenta=0.00000 black=0.1871 white=0.0008 std=16.2 hash=63daed878edaa972
imagecheck nether_mobs.png magenta=0.00000 black=0.1871 white=0.0008 std=16.2 hash=63daed878edaa972
imagecheck bastion.png magenta=0.00000 black=0.0279 white=0.0008 std=14.6 hash=c5dd7c3719cb7d23
imagecheck bastion.png magenta=0.00000 black=0.0279 white=0.0008 std=14.6 hash=c5dd7c3719cb7d23
imagecheck bastion_far.png magenta=0.00000 black=0.0005 white=0.0008 std=19.0 hash=24bde6a22eba6fb6
imagecheck bastion_far.png magenta=0.00000 black=0.0005 white=0.0008 std=19.0 hash=24bde6a22eba6fb6
imagecheck canyon.png magenta=0.00000 black=0.0000 white=0.0008 std=54.0 hash=f5ed02f24e518730
imagecheck canyon.png magenta=0.00000 black=0.0000 white=0.0008 std=54.0 hash=f5ed02f24e518730
imagecheck canyon_floor.png magenta=0.00000 black=0.0011 white=0.0008 std=32.6 hash=393cce7139a2f174
imagecheck canyon_floor.png magenta=0.00000 black=0.0011 white=0.0008 std=32.6 hash=393cce7139a2f174
imagecheck spire.png magenta=0.00000 black=0.0000 white=0.0008 std=44.9 hash=7bf0ebfea25d4d17
imagecheck spire.png magenta=0.00000 black=0.0000 white=0.0008 std=44.9 hash=7bf0ebfea25d4d17
imagecheck spire_inside.png magenta=0.00000 black=0.0188 white=0.0008 std=18.0 hash=cc21987fb7ba6794
imagecheck spire_inside.png magenta=0.00000 black=0.0188 white=0.0008 std=18.0 hash=cc21987fb7ba6794
imagecheck spire_horizon.png magenta=0.00000 black=0.0000 white=0.0056 std=33.8 hash=fce8cbc8f9231bc9
imagecheck spire_horizon.png magenta=0.00000 black=0.0000 white=0.0056 std=33.8 hash=fce8cbc8f9231bc9
imagecheck photo_dof.png magenta=0.00000 black=0.0000 white=0.0000 std=32.7 hash=a048fa987851a78e
imagecheck photo_dof.png magenta=0.00000 black=0.0000 white=0.0000 std=32.7 hash=a048fa987851a78e
imagecheck photo_dof_far.png magenta=0.00000 black=0.0000 white=0.0000 std=33.0 hash=94f938b1e2952685
imagecheck photo_dof_far.png magenta=0.00000 black=0.0000 white=0.0000 std=33.0 hash=94f938b1e2952685
imagecheck volcano_far.png magenta=0.00000 black=0.0000 white=0.0029 std=52.0 hash=820612d18cdfaec3
imagecheck volcano_far.png magenta=0.00000 black=0.0000 white=0.0029 std=52.0 hash=820612d18cdfaec3
imagecheck volcano_crater.png magenta=0.00000 black=0.0000 white=0.0008 std=54.1 hash=4738b3c6d65171d5
imagecheck volcano_crater.png magenta=0.00000 black=0.0000 white=0.0008 std=54.1 hash=4738b3c6d65171d5
imagecheck volcano_horizon.png magenta=0.00000 black=0.0000 white=0.0008 std=39.8 hash=40f2ee555fdb680e
imagecheck volcano_horizon.png magenta=0.00000 black=0.0000 white=0.0008 std=39.8 hash=40f2ee555fdb680e
imagecheck volcano_horizon_night.png magenta=0.00000 black=0.3187 white=0.0008 std=17.7 hash=e82f1fa231de0c08
imagecheck volcano_horizon_night.png magenta=0.00000 black=0.3187 white=0.0008 std=17.7 hash=e82f1fa231de0c08
imagecheck volcano_dusk.png magenta=0.00000 black=0.0002 white=0.0008 std=52.5 hash=2f709d19e2fd62f9
imagecheck volcano_dusk.png magenta=0.00000 black=0.0002 white=0.0008 std=52.5 hash=2f709d19e2fd62f9
imagecheck citadel_far.png magenta=0.00000 black=0.0000 white=0.0021 std=52.2 hash=2988c9a992b8e708
imagecheck citadel_far.png magenta=0.00000 black=0.0000 white=0.0021 std=52.2 hash=2988c9a992b8e708
imagecheck citadel_gate.png magenta=0.00000 black=0.0000 white=0.0024 std=49.8 hash=827775bbb01b343b
imagecheck citadel_gate.png magenta=0.00000 black=0.0000 white=0.0024 std=49.8 hash=827775bbb01b343b
imagecheck citadel_top.png magenta=0.00000 black=0.0000 white=0.0012 std=46.5 hash=0bfd80cac4cea5eb
imagecheck citadel_top.png magenta=0.00000 black=0.0000 white=0.0012 std=46.5 hash=0bfd80cac4cea5eb
imagecheck citadel_turret.png magenta=0.00000 black=0.0000 white=0.0016 std=50.4 hash=927ad1c827e603de
imagecheck citadel_turret.png magenta=0.00000 black=0.0000 white=0.0016 std=50.4 hash=927ad1c827e603de
imagecheck citadel_plaza.png magenta=0.00000 black=0.0002 white=0.0049 std=50.7 hash=8270e63e79c22911
imagecheck citadel_plaza.png magenta=0.00000 black=0.0002 white=0.0049 std=50.7 hash=8270e63e79c22911
imagecheck village.png magenta=0.00000 black=0.0000 white=0.0008 std=39.9 hash=5ee9056b60b558ba
imagecheck village.png magenta=0.00000 black=0.0000 white=0.0008 std=39.9 hash=5ee9056b60b558ba
imagecheck village_top.png magenta=0.00000 black=0.0000 white=0.0011 std=28.3 hash=d45b1ee6854dc2f2
imagecheck village_top.png magenta=0.00000 black=0.0000 white=0.0011 std=28.3 hash=d45b1ee6854dc2f2
imagecheck village2.png magenta=0.00000 black=0.0000 white=0.0009 std=53.9 hash=f6159c08471b2414
imagecheck village2.png magenta=0.00000 black=0.0000 white=0.0009 std=53.9 hash=f6159c08471b2414
imagecheck village3.png magenta=0.00000 black=0.0000 white=0.0008 std=39.6 hash=d136389c32e7fa6e
imagecheck village3.png magenta=0.00000 black=0.0000 white=0.0008 std=39.6 hash=d136389c32e7fa6e
imagecheck village_street.png magenta=0.00000 black=0.0019 white=0.0017 std=33.3 hash=79a58e54def75f59
imagecheck village_street.png magenta=0.00000 black=0.0019 white=0.0017 std=33.3 hash=79a58e54def75f59
imagecheck temple.png magenta=0.00000 black=0.0011 white=0.0008 std=65.5 hash=d552c4a7614f6fd0
imagecheck temple.png magenta=0.00000 black=0.0011 white=0.0008 std=65.5 hash=d552c4a7614f6fd0
imagecheck temple2.png magenta=0.00000 black=0.0000 white=0.0008 std=42.7 hash=3db552f12b929e9b
imagecheck temple2.png magenta=0.00000 black=0.0000 white=0.0008 std=42.7 hash=3db552f12b929e9b
imagecheck desert_temple.png magenta=0.00000 black=0.0000 white=0.0008 std=40.8 hash=d59c076bc79fb162
imagecheck desert_temple.png magenta=0.00000 black=0.0000 white=0.0008 std=40.8 hash=d59c076bc79fb162
imagecheck desert_temple_inside.png magenta=0.00000 black=0.0011 white=0.0008 std=28.2 hash=b6d0595d9fa006d4
imagecheck desert_temple_inside.png magenta=0.00000 black=0.0011 white=0.0008 std=28.2 hash=b6d0595d9fa006d4
imagecheck jungle_temple.png magenta=0.00000 black=0.0000 white=0.0008 std=32.3 hash=f2849d01fb50829e
imagecheck jungle_temple.png magenta=0.00000 black=0.0000 white=0.0008 std=32.3 hash=f2849d01fb50829e
imagecheck outpost.png magenta=0.00000 black=0.0000 white=0.0008 std=50.2 hash=2cda36cf74de6659
imagecheck outpost.png magenta=0.00000 black=0.0000 white=0.0008 std=50.2 hash=2cda36cf74de6659
imagecheck outpost_close.png magenta=0.00000 black=0.0007 white=0.0008 std=51.2 hash=534ea8eeda8dfa9c
imagecheck outpost_close.png magenta=0.00000 black=0.0007 white=0.0008 std=51.2 hash=534ea8eeda8dfa9c
imagecheck snowslope.png magenta=0.00000 black=0.0000 white=0.0032 std=44.1 hash=723c3752c0d4c158
imagecheck snowslope.png magenta=0.00000 black=0.0000 white=0.0032 std=44.1 hash=723c3752c0d4c158
imagecheck ruined_portal.png magenta=0.00000 black=0.0014 white=0.0008 std=29.8 hash=a20213165b3d5eef
imagecheck ruined_portal.png magenta=0.00000 black=0.0014 white=0.0008 std=29.8 hash=a20213165b3d5eef
imagecheck shipwreck.png magenta=0.00000 black=0.0000 white=0.0009 std=53.0 hash=c15e488e36472312
imagecheck shipwreck.png magenta=0.00000 black=0.0000 white=0.0009 std=53.0 hash=c15e488e36472312
imagecheck desert_well.png magenta=0.00000 black=0.0000 white=0.0008 std=40.4 hash=65474f7198e9b430
imagecheck desert_well.png magenta=0.00000 black=0.0000 white=0.0008 std=40.4 hash=65474f7198e9b430
imagecheck ocean_ruin.png magenta=0.00000 black=0.0000 white=0.0010 std=50.3 hash=0df84c0bad0d0223
imagecheck ocean_ruin.png magenta=0.00000 black=0.0000 white=0.0010 std=50.3 hash=0df84c0bad0d0223
imagecheck trail_ruins.png magenta=0.00000 black=0.0003 white=0.0008 std=47.7 hash=554ff935e34559e3
imagecheck trail_ruins.png magenta=0.00000 black=0.0003 white=0.0008 std=47.7 hash=554ff935e34559e3
imagecheck mineshaft.png magenta=0.00000 black=0.0000 white=0.0010 std=27.2 hash=097e00033203cf93
imagecheck mineshaft.png magenta=0.00000 black=0.0000 white=0.0010 std=27.2 hash=097e00033203cf93
imagecheck stronghold.png magenta=0.00000 black=0.0000 white=0.0008 std=27.7 hash=8079ab82d26a6b3f
imagecheck stronghold.png magenta=0.00000 black=0.0000 white=0.0008 std=27.7 hash=8079ab82d26a6b3f
imagecheck end.png magenta=0.00000 black=0.1567 white=0.0013 std=28.4 hash=3f0ff363855ef330
imagecheck end.png magenta=0.00000 black=0.1567 white=0.0013 std=28.4 hash=3f0ff363855ef330
imagecheck end_top.png magenta=0.00000 black=0.1237 white=0.0008 std=33.9 hash=7b5bf5eadfc5f395
imagecheck end_top.png magenta=0.00000 black=0.1237 white=0.0008 std=33.9 hash=7b5bf5eadfc5f395
imagecheck end_outer.png magenta=0.00000 black=0.0031 white=0.0008 std=17.1 hash=82288a386db151de
imagecheck end_outer.png magenta=0.00000 black=0.0031 white=0.0008 std=17.1 hash=82288a386db151de
imagecheck end_city.png magenta=0.00000 black=0.0003 white=0.0061 std=41.5 hash=efe721d0c797fb94
imagecheck end_city.png magenta=0.00000 black=0.0003 white=0.0061 std=41.5 hash=efe721d0c797fb94
imagecheck portal.png magenta=0.00000 black=0.0073 white=0.0008 std=28.5 hash=d2b747c1232b10a4
imagecheck portal.png magenta=0.00000 black=0.0073 white=0.0008 std=28.5 hash=d2b747c1232b10a4
imagecheck redstone.png magenta=0.00000 black=0.0000 white=0.0016 std=38.4 hash=46a9b8e24bcc2a9c
imagecheck redstone.png magenta=0.00000 black=0.0000 white=0.0016 std=38.4 hash=46a9b8e24bcc2a9c
imagecheck brewing.png magenta=0.00000 black=0.0133 white=0.0103 std=50.4 hash=3773b11f63f7c88c
imagecheck brewing.png magenta=0.00000 black=0.0133 white=0.0103 std=50.4 hash=3773b11f63f7c88c
imagecheck enchant.png magenta=0.00000 black=0.0132 white=0.0084 std=46.0 hash=aa4928313340a285
imagecheck enchant.png magenta=0.00000 black=0.0132 white=0.0084 std=46.0 hash=aa4928313340a285
imagecheck anvil.png magenta=0.00000 black=0.0145 white=0.0095 std=48.4 hash=908631e6dcbff96a
imagecheck anvil.png magenta=0.00000 black=0.0145 white=0.0095 std=48.4 hash=908631e6dcbff96a
imagecheck effects.png magenta=0.00000 black=0.0003 white=0.0027 std=33.9 hash=df6f7a3c25ee49f3
imagecheck effects.png magenta=0.00000 black=0.0003 white=0.0027 std=33.9 hash=df6f7a3c25ee49f3
imagecheck magic_blocks.png magenta=0.00000 black=0.0000 white=0.0156 std=39.8 hash=fd07776067194748
imagecheck magic_blocks.png magenta=0.00000 black=0.0000 white=0.0156 std=39.8 hash=fd07776067194748
imagecheck trade.png magenta=0.00000 black=0.0141 white=0.0111 std=57.5 hash=3121d095ab7e066d
imagecheck trade.png magenta=0.00000 black=0.0141 white=0.0111 std=57.5 hash=3121d095ab7e066d
imagecheck villagers.png magenta=0.00000 black=0.0000 white=0.0008 std=55.7 hash=1743ea2a110bb3fe
imagecheck villagers.png magenta=0.00000 black=0.0000 white=0.0008 std=55.7 hash=1743ea2a110bb3fe
imagecheck mobs_g.png magenta=0.00000 black=0.0000 white=0.0011 std=42.3 hash=a358bdce3f174eee
imagecheck mobs_g.png magenta=0.00000 black=0.0000 white=0.0011 std=42.3 hash=a358bdce3f174eee
imagecheck villager_jobs.png magenta=0.00000 black=0.0000 white=0.0008 std=41.3 hash=4ace13157f236a94
imagecheck villager_jobs.png magenta=0.00000 black=0.0000 white=0.0008 std=41.3 hash=4ace13157f236a94
imagecheck hisser.png magenta=0.00000 black=0.0000 white=0.0008 std=39.6 hash=8643cb5b511e27f9
imagecheck hisser.png magenta=0.00000 black=0.0000 white=0.0008 std=39.6 hash=8643cb5b511e27f9
imagecheck heads.png magenta=0.00000 black=0.0003 white=0.0008 std=33.5 hash=db06029f2fe308ab
imagecheck heads.png magenta=0.00000 black=0.0003 white=0.0008 std=33.5 hash=db06029f2fe308ab
imagecheck beacon.png magenta=0.00000 black=0.3101 white=0.0073 std=41.0 hash=a807edcd604e9a4f
imagecheck beacon.png magenta=0.00000 black=0.3101 white=0.0073 std=41.0 hash=a807edcd604e9a4f
imagecheck rain.png magenta=0.00000 black=0.0000 white=0.0008 std=23.1 hash=eb7b56cebda74867
imagecheck rain.png magenta=0.00000 black=0.0000 white=0.0008 std=23.1 hash=eb7b56cebda74867
imagecheck thunder.png magenta=0.00000 black=0.0000 white=0.0193 std=55.6 hash=32bfdf152851c841
imagecheck thunder.png magenta=0.00000 black=0.0000 white=0.0193 std=55.6 hash=32bfdf152851c841
imagecheck snowfall.png magenta=0.00000 black=0.0008 white=0.0008 std=41.9 hash=827661f20695491b
imagecheck snowfall.png magenta=0.00000 black=0.0008 white=0.0008 std=41.9 hash=827661f20695491b
imagecheck animals1.png magenta=0.00000 black=0.0000 white=0.0008 std=40.3 hash=76d4c4be547f20e7
imagecheck animals1.png magenta=0.00000 black=0.0000 white=0.0008 std=40.3 hash=76d4c4be547f20e7
imagecheck animals2.png magenta=0.00000 black=0.0000 white=0.0008 std=39.8 hash=13a7f7308d9baed2
imagecheck animals2.png magenta=0.00000 black=0.0000 white=0.0008 std=39.8 hash=13a7f7308d9baed2
imagecheck animals3.png magenta=0.00000 black=0.0000 white=0.0008 std=40.5 hash=10085e55161a19f2
imagecheck animals3.png magenta=0.00000 black=0.0000 white=0.0008 std=40.5 hash=10085e55161a19f2
imagecheck aquatic.png magenta=0.00000 black=0.0000 white=0.0008 std=51.4 hash=2b9e40405e133404
imagecheck aquatic.png magenta=0.00000 black=0.0000 white=0.0008 std=51.4 hash=2b9e40405e133404
imagecheck boats.png magenta=0.00000 black=0.0000 white=0.0008 std=53.8 hash=b5be0d660ec2c700
imagecheck boats.png magenta=0.00000 black=0.0000 white=0.0008 std=53.8 hash=b5be0d660ec2c700
imagecheck armor.png magenta=0.00000 black=0.0000 white=0.0008 std=40.6 hash=6faf94032a278772
imagecheck armor.png magenta=0.00000 black=0.0000 white=0.0008 std=40.6 hash=6faf94032a278772
imagecheck banners.png magenta=0.00000 black=0.0000 white=0.0008 std=37.2 hash=6588cf05fbb7149d
imagecheck banners.png magenta=0.00000 black=0.0000 white=0.0008 std=37.2 hash=6588cf05fbb7149d
imagecheck loom.png magenta=0.00000 black=0.0126 white=0.0090 std=47.5 hash=adb5e6de494be3e6
imagecheck loom.png magenta=0.00000 black=0.0126 white=0.0090 std=47.5 hash=adb5e6de494be3e6
imagecheck book.png magenta=0.00000 black=0.0129 white=0.0040 std=65.1 hash=5a21d41e154383ff
imagecheck book.png magenta=0.00000 black=0.0129 white=0.0040 std=65.1 hash=5a21d41e154383ff
imagecheck advancements.png magenta=0.00000 black=0.0135 white=0.0083 std=50.7 hash=c472cbedd4714b69
imagecheck advancements.png magenta=0.00000 black=0.0135 white=0.0083 std=50.7 hash=c472cbedd4714b69
imagecheck credits.png magenta=0.00000 black=0.9814 white=0.0000 std=23.3 hash=685a14e5bf8a47f5
imagecheck credits.png magenta=0.00000 black=0.9814 white=0.0000 std=23.3 hash=685a14e5bf8a47f5
imagecheck pause.png magenta=0.00000 black=0.0137 white=0.0115 std=54.3 hash=8ef3434127da225f
imagecheck pause.png magenta=0.00000 black=0.0137 white=0.0115 std=54.3 hash=8ef3434127da225f
imagecheck options.png magenta=0.00000 black=0.0137 white=0.0143 std=56.6 hash=effdf132159454ad
imagecheck options.png magenta=0.00000 black=0.0137 white=0.0143 std=56.6 hash=effdf132159454ad
imagecheck death.png magenta=0.00000 black=0.0025 white=0.0037 std=41.8 hash=f404f27e7b55ab52
imagecheck death.png magenta=0.00000 black=0.0025 white=0.0037 std=41.8 hash=f404f27e7b55ab52
imagecheck title.png magenta=0.00000 black=0.0128 white=0.0065 std=48.8 hash=935c825f721755b7
imagecheck title.png magenta=0.00000 black=0.0128 white=0.0065 std=48.8 hash=935c825f721755b7
imagecheck create.png magenta=0.00000 black=0.0131 white=0.0091 std=49.5 hash=68286a6fa7b9d5e8
imagecheck create.png magenta=0.00000 black=0.0131 white=0.0091 std=49.5 hash=68286a6fa7b9d5e8
imagecheck recipes.png magenta=0.00000 black=0.0138 white=0.0151 std=73.2 hash=dde7883ec05c5601
imagecheck recipes.png magenta=0.00000 black=0.0138 white=0.0151 std=73.2 hash=dde7883ec05c5601
imagecheck commands.png magenta=0.00000 black=0.0152 white=0.0068 std=42.9 hash=62f34a8b47c3cd94
imagecheck commands.png magenta=0.00000 black=0.0152 white=0.0068 std=42.9 hash=62f34a8b47c3cd94
imagecheck boom_night.png magenta=0.00000 black=0.1585 white=0.0282 std=83.1 hash=79514bf59414436b
imagecheck boom_night.png magenta=0.00000 black=0.1585 white=0.0282 std=83.1 hash=79514bf59414436b
imagecheck fireworks.png magenta=0.00000 black=0.4700 white=0.0048 std=32.7 hash=a89db98ef76bb457
imagecheck fireworks.png magenta=0.00000 black=0.4700 white=0.0048 std=32.7 hash=a89db98ef76bb457
imagecheck monument.png magenta=0.00000 black=0.0000 white=0.0008 std=51.3 hash=b2c84553700895e1
imagecheck monument.png magenta=0.00000 black=0.0000 white=0.0008 std=51.3 hash=b2c84553700895e1
imagecheck mansion.png magenta=0.00000 black=0.0000 white=0.0008 std=56.8 hash=d842f8c0756ee740
imagecheck mansion.png magenta=0.00000 black=0.0000 white=0.0008 std=56.8 hash=d842f8c0756ee740
imagecheck mansion_inside.png magenta=0.00000 black=0.0010 white=0.0008 std=44.9 hash=5f9a770b3455bd5a
imagecheck mansion_inside.png magenta=0.00000 black=0.0010 white=0.0008 std=44.9 hash=5f9a770b3455bd5a
imagecheck ancient_city.png magenta=0.00000 black=0.0000 white=0.0012 std=33.2 hash=62f1c464e633008f
imagecheck ancient_city.png magenta=0.00000 black=0.0000 white=0.0012 std=33.2 hash=62f1c464e633008f
imagecheck trial_chambers.png magenta=0.00000 black=0.0001 white=0.0017 std=28.1 hash=0bf19fc528579c88
imagecheck trial_chambers.png magenta=0.00000 black=0.0001 white=0.0017 std=28.1 hash=0bf19fc528579c88
imagecheck copper.png magenta=0.00000 black=0.0000 white=0.0025 std=33.2 hash=6d0301b1b5af7e38
imagecheck copper.png magenta=0.00000 black=0.0000 white=0.0025 std=33.2 hash=6d0301b1b5af7e38
imagecheck decor.png magenta=0.00000 black=0.0000 white=0.0008 std=41.8 hash=4a4de458071a8574
imagecheck decor.png magenta=0.00000 black=0.0000 white=0.0008 std=41.8 hash=4a4de458071a8574
imagecheck chips.png magenta=0.00000 black=0.0000 white=0.0008 std=34.9 hash=a6cab62a137a21b5
imagecheck chips.png magenta=0.00000 black=0.0000 white=0.0008 std=34.9 hash=a6cab62a137a21b5
imagecheck map.png magenta=0.00000 black=0.0000 white=0.0008 std=48.7 hash=b0b49f0e19325241
imagecheck map.png magenta=0.00000 black=0.0000 white=0.0008 std=48.7 hash=b0b49f0e19325241
imagecheck third_back.png magenta=0.00000 black=0.0000 white=0.0007 std=38.1 hash=feae9353d8b07311
imagecheck third_back.png magenta=0.00000 black=0.0000 white=0.0007 std=38.1 hash=feae9353d8b07311
imagecheck third_swim.png magenta=0.00000 black=0.0000 white=0.0007 std=10.4 hash=ec7be373ff73496d
imagecheck third_swim.png magenta=0.00000 black=0.0000 white=0.0007 std=10.4 hash=ec7be373ff73496d
imagecheck third_front.png magenta=0.00000 black=0.0000 white=0.0007 std=38.9 hash=1bdf7ed561bcaf77
imagecheck third_front.png magenta=0.00000 black=0.0000 white=0.0007 std=38.9 hash=1bdf7ed561bcaf77
imagecheck mobs_new.png magenta=0.00000 black=0.0000 white=0.0008 std=36.8 hash=daecdc1e9469fa83
imagecheck mobs_new.png magenta=0.00000 black=0.0000 white=0.0008 std=36.8 hash=daecdc1e9469fa83
imagecheck soldiers.png magenta=0.00000 black=0.0011 white=0.0008 std=38.9 hash=1bd3c73388785024
imagecheck soldiers.png magenta=0.00000 black=0.0011 white=0.0008 std=38.9 hash=1bd3c73388785024
imagecheck soldier_ranks_front.png magenta=0.00000 black=0.0044 white=0.0012 std=48.9 hash=3ea24c151938e5ec
imagecheck soldier_ranks_front.png magenta=0.00000 black=0.0044 white=0.0012 std=48.9 hash=3ea24c151938e5ec
imagecheck soldier_ranks_side.png magenta=0.00000 black=0.0032 white=0.0012 std=49.7 hash=5e455bc56386f04f
imagecheck soldier_ranks_side.png magenta=0.00000 black=0.0032 white=0.0012 std=49.7 hash=5e455bc56386f04f
imagecheck soldier_ranks_back.png magenta=0.00000 black=0.0052 white=0.0012 std=49.7 hash=043c31b864cf7e72
imagecheck soldier_ranks_back.png magenta=0.00000 black=0.0052 white=0.0012 std=49.7 hash=043c31b864cf7e72
imagecheck soldier_ranks_night_front.png magenta=0.00000 black=0.0200 white=0.0359 std=73.3 hash=07f7bb4be9fa3582
imagecheck soldier_ranks_night_front.png magenta=0.00000 black=0.0200 white=0.0359 std=73.3 hash=07f7bb4be9fa3582
imagecheck soldier_ranks_night_side.png magenta=0.00000 black=0.0174 white=0.0361 std=72.3 hash=e316a3e28a7885fa
imagecheck soldier_ranks_night_side.png magenta=0.00000 black=0.0174 white=0.0361 std=72.3 hash=e316a3e28a7885fa
imagecheck soldier_ranks_night_back.png magenta=0.00000 black=0.0306 white=0.0358 std=74.6 hash=6d04cc7952de9ab1
imagecheck soldier_ranks_night_back.png magenta=0.00000 black=0.0306 white=0.0358 std=74.6 hash=6d04cc7952de9ab1
imagecheck soldier_ranks_aim.png magenta=0.00000 black=0.0046 white=0.0012 std=49.0 hash=d08ece40ccd1be99
imagecheck soldier_ranks_aim.png magenta=0.00000 black=0.0046 white=0.0012 std=49.0 hash=d08ece40ccd1be99
imagecheck soldier_actions.png magenta=0.00000 black=0.0002 white=0.0017 std=48.9 hash=1dd2c1174c8af992
imagecheck soldier_actions.png magenta=0.00000 black=0.0002 white=0.0017 std=48.9 hash=1dd2c1174c8af992
imagecheck soldier_actions_heavy.png magenta=0.00000 black=0.0045 white=0.0014 std=49.1 hash=a843aca81742043f
imagecheck soldier_actions_heavy.png magenta=0.00000 black=0.0045 white=0.0014 std=49.2 hash=a843aca81742043f
imagecheck soldier_stations.png magenta=0.00000 black=0.0003 white=0.0013 std=49.5 hash=3e11f85b19251a5c
imagecheck soldier_stations.png magenta=0.00000 black=0.0003 white=0.0013 std=49.5 hash=3e11f85b19251a5c
imagecheck soldier_closeup.png magenta=0.00000 black=0.0000 white=0.0008 std=42.9 hash=3558ca6db74457f7
imagecheck soldier_closeup.png magenta=0.00000 black=0.0000 white=0.0008 std=42.9 hash=3558ca6db74457f7
imagecheck soldier_squad.png magenta=0.00000 black=0.0002 white=0.0011 std=50.4 hash=f77da446cac45d01
imagecheck soldier_squad.png magenta=0.00000 black=0.0002 white=0.0011 std=50.5 hash=c35c9fd566118032
imagecheck soldier_squad_night.png magenta=0.00000 black=0.0182 white=0.0019 std=76.2 hash=e28be2fc61b2c344
imagecheck soldier_squad_night.png magenta=0.00000 black=0.0181 white=0.0019 std=76.2 hash=e28be2fc61b2c344
imagecheck captains.png magenta=0.00000 black=0.0001 white=0.0008 std=39.7 hash=7c6b71e52292761f
imagecheck captains.png magenta=0.00000 black=0.0001 white=0.0008 std=39.7 hash=7c6b71e52292761f
imagecheck firefight.png magenta=0.00000 black=0.0001 white=0.0049 std=30.3 hash=8b337dff0c894fad
imagecheck firefight.png magenta=0.00000 black=0.0001 white=0.0049 std=30.3 hash=8b337dff0c894fad
imagecheck deck_gun.png magenta=0.00000 black=0.0000 white=0.0008 std=23.7 hash=03249eb1ede5031c
imagecheck deck_gun.png magenta=0.00000 black=0.0000 white=0.0008 std=23.7 hash=03249eb1ede5031c
imagecheck spear_hold.png magenta=0.00000 black=0.0037 white=0.0007 std=39.8 hash=6e97abad6bc56fa1
imagecheck spear_hold.png magenta=0.00000 black=0.0037 white=0.0007 std=39.8 hash=6e97abad6bc56fa1
imagecheck gun_hip.png magenta=0.00000 black=0.0000 white=0.0013 std=39.7 hash=a3aa9e66e12f22aa
imagecheck gun_hip.png magenta=0.00000 black=0.0000 white=0.0013 std=39.7 hash=a3aa9e66e12f22aa
imagecheck gun_aim.png magenta=0.00000 black=0.0000 white=0.0011 std=39.3 hash=3f4f5ad8af82de55
imagecheck gun_aim.png magenta=0.00000 black=0.0000 white=0.0011 std=39.3 hash=3f4f5ad8af82de55
imagecheck gun_scope.png magenta=0.00000 black=0.2804 white=0.0004 std=56.9 hash=4e0c8aa6e2b48dd5
imagecheck gun_scope.png magenta=0.00000 black=0.2804 white=0.0004 std=56.9 hash=4e0c8aa6e2b48dd5
imagecheck steelhold.png magenta=0.00000 black=0.0000 white=0.0025 std=49.8 hash=c7692c7d4f7c3f59
imagecheck steelhold.png magenta=0.00000 black=0.0000 white=0.0025 std=49.8 hash=c7692c7d4f7c3f59
imagecheck steelhold_gate.png magenta=0.00000 black=0.0000 white=0.0020 std=49.6 hash=9d0f9bced5ffcff8
imagecheck steelhold_gate.png magenta=0.00000 black=0.0000 white=0.0020 std=49.6 hash=9d0f9bced5ffcff8
imagecheck steelhold_armory.png magenta=0.00000 black=0.0001 white=0.0184 std=65.2 hash=0497684282ea598f
imagecheck steelhold_armory.png magenta=0.00000 black=0.0001 white=0.0184 std=65.2 hash=0497684282ea598f
imagecheck steelhold_armory_swords.png magenta=0.00000 black=0.0002 white=0.0184 std=65.1 hash=e2a3677447aab25f
imagecheck steelhold_armory_swords.png magenta=0.00000 black=0.0002 white=0.0184 std=65.1 hash=e2a3677447aab25f
imagecheck steelhold_armory_fast.png magenta=0.00000 black=0.0001 white=0.0008 std=26.5 hash=55f547456b24ed90
imagecheck steelhold_armory_fast.png magenta=0.00000 black=0.0001 white=0.0008 std=26.5 hash=55f547456b24ed90
imagecheck steelhold_armory_close.png magenta=0.00000 black=0.0000 white=0.0163 std=60.0 hash=68b70d7c4a4135df
imagecheck steelhold_armory_close.png magenta=0.00000 black=0.0000 white=0.0163 std=60.0 hash=68b70d7c4a4135df
imagecheck steelhold_fight.png magenta=0.00000 black=0.0000 white=0.0023 std=34.5 hash=105193ce0eaa11f1
imagecheck steelhold_fight.png magenta=0.00000 black=0.0000 white=0.0023 std=34.5 hash=105193ce0eaa11f1
imagecheck steelhold_command.png magenta=0.00000 black=0.0001 white=0.0104 std=57.2 hash=a3e27f682de01654
imagecheck steelhold_command.png magenta=0.00000 black=0.0001 white=0.0104 std=57.2 hash=a3e27f682de01654
imagecheck mobtests.png magenta=0.00000 black=0.0000 white=0.0001 std=37.0 hash=e08d8670d33b6f82
imagecheck mobtests.png magenta=0.00000 black=0.0000 white=0.0001 std=37.0 hash=e08d8670d33b6f82
imagecheck pathtest.png magenta=0.00000 black=0.0000 white=0.0029 std=21.9 hash=e0c40318047f3a04
imagecheck pathtest.png magenta=0.00000 black=0.0000 white=0.0029 std=21.9 hash=e0c40318047f3a04
imagecheck ashen_grove.png magenta=0.00000 black=0.0005 white=0.0008 std=49.6 hash=65d39fc3e27ddddf
imagecheck ashen_grove.png magenta=0.00000 black=0.0005 white=0.0008 std=49.6 hash=65d39fc3e27ddddf
imagecheck ashen_inside.png magenta=0.00000 black=0.0120 white=0.0008 std=44.0 hash=b40f32cb0320a591
imagecheck ashen_inside.png magenta=0.00000 black=0.0120 white=0.0008 std=44.0 hash=b40f32cb0320a591
imagecheck ashen_night.png magenta=0.00000 black=0.4363 white=0.0008 std=24.7 hash=1b421ec6d7b50842
imagecheck ashen_night.png magenta=0.00000 black=0.4363 white=0.0008 std=24.7 hash=1b421ec6d7b50842
imagecheck lush_caves.png magenta=0.00000 black=0.0010 white=0.0008 std=38.1 hash=3828b388ef4a83d6
imagecheck lush_caves.png magenta=0.00000 black=0.0010 white=0.0008 std=38.1 hash=3828b388ef4a83d6
imagecheck dripstone_caves.png magenta=0.00000 black=0.0000 white=0.0008 std=25.9 hash=9110d309e28f4806
imagecheck dripstone_caves.png magenta=0.00000 black=0.0000 white=0.0008 std=25.9 hash=9110d309e28f4806
imagecheck mineshaft_torches.png magenta=0.00000 black=0.0004 white=0.0024 std=26.4 hash=dcc6df2d506ff9f7
imagecheck mineshaft_torches.png magenta=0.00000 black=0.0004 white=0.0024 std=26.4 hash=dcc6df2d506ff9f7
imagecheck deep_dark.png magenta=0.00000 black=0.0102 white=0.0010 std=31.5 hash=c257cc18d45ce6e1
imagecheck deep_dark.png magenta=0.00000 black=0.0102 white=0.0010 std=31.5 hash=c257cc18d45ce6e1
imagecheck dark_forest.png magenta=0.00000 black=0.0020 white=0.0008 std=38.6 hash=199b503d4f2675fc
imagecheck dark_forest.png magenta=0.00000 black=0.0020 white=0.0008 std=38.6 hash=199b503d4f2675fc
imagecheck seabed_warm.png magenta=0.00000 black=0.0000 white=0.0008 std=24.2 hash=af046d43c33f1b2c
imagecheck seabed_warm.png magenta=0.00000 black=0.0000 white=0.0008 std=24.2 hash=af046d43c33f1b2c
imagecheck seabed_deep.png magenta=0.00000 black=0.0000 white=0.0008 std=12.3 hash=da9b0bf024b57745
imagecheck seabed_deep.png magenta=0.00000 black=0.0000 white=0.0008 std=12.3 hash=da9b0bf024b57745
imagecheck seabed_deep_far.png magenta=0.00000 black=0.0000 white=0.0008 std=10.6 hash=5a203d851f2cce18
imagecheck seabed_deep_far.png magenta=0.00000 black=0.0000 white=0.0008 std=10.6 hash=5a203d851f2cce18
imagecheck cave_dark.png magenta=0.00000 black=0.0001 white=0.0008 std=10.8 hash=04a9a491761bc112
imagecheck cave_dark.png magenta=0.00000 black=0.0001 white=0.0008 std=10.8 hash=04a9a491761bc112
imagecheck cave_dark_moody.png magenta=0.00000 black=0.8770 white=0.0008 std=11.9 hash=3c73da6b9e51a42d
imagecheck cave_dark_moody.png magenta=0.00000 black=0.8770 white=0.0008 std=11.9 hash=3c73da6b9e51a42d
imagecheck cave_dark_bright.png magenta=0.00000 black=0.0000 white=0.0008 std=11.7 hash=5bcbaf2a362ad7b3
imagecheck cave_dark_bright.png magenta=0.00000 black=0.0000 white=0.0008 std=11.7 hash=5bcbaf2a362ad7b3
imagecheck cave_dark_fast.png magenta=0.00000 black=0.0000 white=0.0008 std=12.8 hash=8448da9101ea1fc5
imagecheck cave_dark_fast.png magenta=0.00000 black=0.0000 white=0.0008 std=12.8 hash=8448da9101ea1fc5
imagecheck cave_dark_mobs.png magenta=0.00000 black=0.0010 white=0.0008 std=38.1 hash=3828b388ef4a83d6
imagecheck cave_dark_mobs.png magenta=0.00000 black=0.0010 white=0.0008 std=38.1 hash=3828b388ef4a83d6
imagecheck cave_torches.png magenta=0.00000 black=0.0000 white=0.0049 std=28.3 hash=183c73b0f42ac8c8
imagecheck cave_torches.png magenta=0.00000 black=0.0000 white=0.0049 std=28.3 hash=183c73b0f42ac8c8
imagecheck in_lava.png magenta=0.00000 black=0.0000 white=0.0008 std=20.7 hash=2f6c8bae8c0a26be
imagecheck in_lava.png magenta=0.00000 black=0.0000 white=0.0008 std=20.7 hash=2f6c8bae8c0a26be
imagecheck spawn_portal_check.png magenta=0.00000 black=0.0000 white=0.0156 std=43.5 hash=8845e65a3335b288
imagecheck spawn_portal_check.png magenta=0.00000 black=0.0000 white=0.0156 std=43.5 hash=8845e65a3335b288
imagecheck gallery_stone.png magenta=0.00000 black=0.0000 white=0.0008 std=40.5 hash=139fba35b427beec
imagecheck gallery_stone.png magenta=0.00000 black=0.0000 white=0.0008 std=40.5 hash=139fba35b427beec
imagecheck gallery_wood.png magenta=0.00000 black=0.0000 white=0.0008 std=41.8 hash=f34f72c0c2233d06
imagecheck gallery_wood.png magenta=0.00000 black=0.0000 white=0.0008 std=41.8 hash=f34f72c0c2233d06
imagecheck gallery_ores.png magenta=0.00000 black=0.0000 white=0.0008 std=39.0 hash=79990858236a65ae
imagecheck gallery_ores.png magenta=0.00000 black=0.0000 white=0.0008 std=39.0 hash=79990858236a65ae
imagecheck gallery_earth.png magenta=0.00000 black=0.0000 white=0.0012 std=41.4 hash=d59514cce524be39
imagecheck gallery_earth.png magenta=0.00000 black=0.0000 white=0.0012 std=41.4 hash=d59514cce524be39
imagecheck gallery_color.png magenta=0.00000 black=0.0000 white=0.0008 std=39.3 hash=314d1c1282287eaf
imagecheck gallery_color.png magenta=0.00000 black=0.0000 white=0.0008 std=39.3 hash=314d1c1282287eaf
imagecheck gallery_build.png magenta=0.00000 black=0.0000 white=0.0014 std=40.0 hash=6c5ebd252cf24ce5
imagecheck gallery_build.png magenta=0.00000 black=0.0000 white=0.0014 std=40.0 hash=6c5ebd252cf24ce5
imagecheck gallery_build_night.png magenta=0.00000 black=0.3473 white=0.0034 std=46.7 hash=4fa654281cc22d0b
imagecheck gallery_build_night.png magenta=0.00000 black=0.3473 white=0.0034 std=46.7 hash=4fa654281cc22d0b
imagecheck gallery_ember.png magenta=0.00000 black=0.0000 white=0.0014 std=43.6 hash=607319c06823e1f0
imagecheck gallery_ember.png magenta=0.00000 black=0.0000 white=0.0014 std=43.6 hash=607319c06823e1f0
imagecheck gallery_plants.png magenta=0.00000 black=0.0000 white=0.0008 std=39.0 hash=f44f4538660827f8
imagecheck gallery_plants.png magenta=0.00000 black=0.0000 white=0.0008 std=39.0 hash=f44f4538660827f8
imagecheck gallery_copper.png magenta=0.00000 black=0.0000 white=0.0017 std=39.5 hash=eb60a8685e43d62f
imagecheck gallery_copper.png magenta=0.00000 black=0.0000 white=0.0017 std=39.5 hash=eb60a8685e43d62f
imagecheck gallery_copper_night.png magenta=0.00000 black=0.3478 white=0.0059 std=47.9 hash=f638562083a7cf24
imagecheck gallery_copper_night.png magenta=0.00000 black=0.3478 white=0.0059 std=47.9 hash=f638562083a7cf24
imagecheck farm_variants.png magenta=0.00000 black=0.0001 white=0.0008 std=41.3 hash=f5566165c3b88348
imagecheck farm_variants.png magenta=0.00000 black=0.0001 white=0.0008 std=41.3 hash=f5566165c3b88348
imagecheck copper_golems.png magenta=0.00000 black=0.0000 white=0.0008 std=39.7 hash=d0a69cdf1558bd3e
imagecheck copper_golems.png magenta=0.00000 black=0.0000 white=0.0008 std=39.7 hash=d0a69cdf1558bd3e
imagecheck gallery_hollow.png magenta=0.00000 black=0.0000 white=0.0086 std=43.6 hash=bf9806e955cae891
imagecheck gallery_hollow.png magenta=0.00000 black=0.0000 white=0.0086 std=43.6 hash=bf9806e955cae891
imagecheck leak_12345.png magenta=0.00000 black=0.0000 white=0.0008 std=40.6 hash=0a1e2dbe2faed447
imagecheck leak_12345.png magenta=0.00000 black=0.0000 white=0.0008 std=40.6 hash=0a1e2dbe2faed447
imagecheck agent_door_777.png magenta=0.00000 black=0.0000 white=0.0008 std=48.8 hash=ed5dcf78d38b6e4c
imagecheck agent_door_777.png magenta=0.00000 black=0.0000 white=0.0008 std=48.8 hash=ed5dcf78d38b6e4c
imagecheck selftest.png magenta=0.00000 black=0.0023 white=0.0550 std=62.1 hash=381e2bbb451c3d39
imagecheck selftest.png magenta=0.00000 black=0.0023 white=0.0550 std=62.1 hash=381e2bbb451c3d39
imagecheck flicker_village.png magenta=0.00000 black=0.0000 white=0.0008 std=53.2 hash=4b1b6b1170f25b43 flicker=0.00021
imagecheck flicker_village.png magenta=0.00000 black=0.0000 white=0.0008 std=53.2 hash=4b1b6b1170f25b43 flicker=0.00021
imagecheck flicker_forest.png magenta=0.00000 black=0.0000 white=0.0008 std=50.7 hash=76b32d516d4829c3 flicker=0.00002
imagecheck flicker_forest.png magenta=0.00000 black=0.0000 white=0.0008 std=50.7 hash=76b32d516d4829c3 flicker=0.00002
imagecheck flicker_build.png magenta=0.00000 black=0.0000 white=0.0012 std=39.9 hash=d8a0d87967814288 flicker=0.00020
imagecheck flicker_build.png magenta=0.00000 black=0.0000 white=0.0012 std=39.9 hash=d8a0d87967814288 flicker=0.00020
