imagecheck tour_777_aerial_fast.png magenta=0.00000 black=0.0000 white=0.0008 std=41.2 hash=c37708b94115b449
imagecheck tour_777_aerial_fast.png magenta=0.00000 black=0.0000 white=0.0008 std=41.2 hash=c37708b94115b449
imagecheck tour_777_aerial_nocull.png magenta=0.00000 black=0.0000 white=0.0008 std=45.7 hash=c630ea6739bc8b8c
imagecheck tour_777_aerial_nocull.png magenta=0.00000 black=0.0000 white=0.0008 std=45.7 hash=c630ea6739bc8b8c
imagecheck tour_12345_aerial.png magenta=0.00000 black=0.0000 white=0.0017 std=33.6 hash=dffc19a4d7301046
imagecheck tour_12345_aerial.png magenta=0.00000 black=0.0000 white=0.0017 std=33.6 hash=dffc19a4d7301046
imagecheck tour_12345_low.png magenta=0.00000 black=0.0000 white=0.0008 std=51.7 hash=bbdf2b8212574c8b
imagecheck tour_12345_low.png magenta=0.00000 black=0.0000 white=0.0008 std=51.7 hash=bbdf2b8212574c8b
imagecheck tour_777_aerial.png magenta=0.00000 black=0.0000 white=0.0008 std=45.7 hash=22003ee076c8e26d
imagecheck tour_777_aerial.png magenta=0.00000 black=0.0000 white=0.0008 std=45.7 hash=22003ee076c8e26d
imagecheck tour_777_low.png magenta=0.00000 black=0.0000 white=0.0008 std=48.6 hash=9f84f1fe7520a66b
imagecheck tour_777_low.png magenta=0.00000 black=0.0000 white=0.0008 std=48.6 hash=9f84f1fe7520a66b
imagecheck tour_424242_aerial.png magenta=0.00000 black=0.0000 white=0.0008 std=44.4 hash=0339b48cfde575b3
imagecheck tour_424242_aerial.png magenta=0.00000 black=0.0000 white=0.0008 std=44.4 hash=0339b48cfde575b3
imagecheck tour_424242_low.png magenta=0.00000 black=0.0000 white=0.0025 std=57.8 hash=01ed6141651e260f
imagecheck tour_424242_low.png magenta=0.00000 black=0.0000 white=0.0025 std=57.8 hash=01ed6141651e260f
imagecheck tour_1_aerial.png magenta=0.00000 black=0.0000 white=0.0008 std=47.3 hash=4301be244c3e7ad6
imagecheck tour_1_aerial.png magenta=0.00000 black=0.0000 white=0.0008 std=47.3 hash=4301be244c3e7ad6
imagecheck tour_1_low.png magenta=0.00000 black=0.0000 white=0.0059 std=61.1 hash=742e1a88b684ad26
imagecheck tour_1_low.png magenta=0.00000 black=0.0000 white=0.0059 std=61.1 hash=742e1a88b684ad26
imagecheck tour_98765_aerial.png magenta=0.00000 black=0.0000 white=0.0010 std=50.3 hash=0dda5bf1b521b098
imagecheck tour_98765_aerial.png magenta=0.00000 black=0.0000 white=0.0010 std=50.3 hash=0dda5bf1b521b098
imagecheck tour_98765_low.png magenta=0.00000 black=0.0000 white=0.0008 std=50.8 hash=772fd2b72cd6c1de
imagecheck tour_98765_low.png magenta=0.00000 black=0.0000 white=0.0008 std=50.8 hash=772fd2b72cd6c1de
imagecheck tour_peaks.png magenta=0.00000 black=0.0000 white=0.0008 std=38.0 hash=63f2e610e3517fa7
imagecheck tour_peaks.png magenta=0.00000 black=0.0000 white=0.0008 std=38.0 hash=63f2e610e3517fa7
imagecheck tour_forest_floor.png magenta=0.00000 black=0.0221 white=0.0008 std=17.3 hash=e32b0016bd804285
imagecheck tour_forest_floor.png magenta=0.00000 black=0.0221 white=0.0008 std=17.3 hash=e32b0016bd804285
imagecheck tour_desert.png magenta=0.00000 black=0.0000 white=0.0008 std=45.3 hash=2a56020727a45f0d
imagecheck tour_desert.png magenta=0.00000 black=0.0000 white=0.0008 std=45.3 hash=2a56020727a45f0d
imagecheck cactus_mid.png magenta=0.00000 black=0.0000 white=0.0008 std=40.5 hash=1beac689b06da413
imagecheck cactus_mid.png magenta=0.00000 black=0.0000 white=0.0008 std=40.5 hash=1beac689b06da413
imagecheck cactus_mid_fast.png magenta=0.00000 black=0.0000 white=0.0008 std=43.8 hash=6844841865b0479e
imagecheck cactus_mid_fast.png magenta=0.00000 black=0.0000 white=0.0008 std=43.8 hash=6844841865b0479e
imagecheck cactus_far.png magenta=0.00000 black=0.0000 white=0.0008 std=48.1 hash=b321aa7546af193c
imagecheck cactus_far.png magenta=0.00000 black=0.0000 white=0.0008 std=48.1 hash=b321aa7546af193c
imagecheck cactus_far_nolod.png magenta=0.00000 black=0.0000 white=0.0008 std=48.1 hash=628e42f49edc5252
imagecheck cactus_far_nolod.png magenta=0.00000 black=0.0000 white=0.0008 std=48.1 hash=628e42f49edc5252
imagecheck tour_jungle.png magenta=0.00000 black=0.0000 white=0.0008 std=48.9 hash=5ca29099dc97a0ca
imagecheck tour_jungle.png magenta=0.00000 black=0.0000 white=0.0008 std=48.9 hash=5ca29099dc97a0ca
imagecheck tour_river.png magenta=0.00000 black=0.0000 white=0.0008 std=33.1 hash=af05aeee6b16f110
imagecheck tour_river.png magenta=0.00000 black=0.0000 white=0.0008 std=33.1 hash=af05aeee6b16f110
imagecheck tour_river_777.png magenta=0.00000 black=0.0000 white=0.0008 std=39.3 hash=192add46b87bd546
imagecheck tour_river_777.png magenta=0.00000 black=0.0000 white=0.0008 std=39.3 hash=192add46b87bd546
imagecheck tour_lake.png magenta=0.00000 black=0.0000 white=0.0008 std=38.2 hash=0cbf248bb60cc324
imagecheck tour_lake.png magenta=0.00000 black=0.0000 white=0.0008 std=38.2 hash=0cbf248bb60cc324
imagecheck tour_lake_424242.png magenta=0.00000 black=0.0000 white=0.0008 std=44.7 hash=1595e8d09a6097f5
imagecheck tour_lake_424242.png magenta=0.00000 black=0.0000 white=0.0008 std=44.7 hash=1595e8d09a6097f5
imagecheck tour_delta.png magenta=0.00000 black=0.0000 white=0.0008 std=37.9 hash=234f1f70ee4e335e
imagecheck tour_delta.png magenta=0.00000 black=0.0000 white=0.0008 std=37.9 hash=234f1f70ee4e335e
imagecheck tour_delta_777.png magenta=0.00000 black=0.0000 white=0.0010 std=51.2 hash=d61809e6925c577f
imagecheck tour_delta_777.png magenta=0.00000 black=0.0000 white=0.0010 std=51.2 hash=d61809e6925c577f
imagecheck tour_mesa.png magenta=0.00000 black=0.0000 white=0.0008 std=51.9 hash=c5bc528b550c5495
imagecheck tour_mesa.png magenta=0.00000 black=0.0000 white=0.0008 std=51.9 hash=c5bc528b550c5495
imagecheck tour_coast.png magenta=0.00000 black=0.0000 white=0.0008 std=41.1 hash=4da24878f013c29f
imagecheck tour_coast.png magenta=0.00000 black=0.0000 white=0.0008 std=41.1 hash=4da24878f013c29f
imagecheck tour_snowline.png magenta=0.00000 black=0.0000 white=0.0038 std=47.7 hash=9d830007ed57cda3
imagecheck tour_snowline.png magenta=0.00000 black=0.0000 white=0.0038 std=47.7 hash=9d830007ed57cda3
imagecheck spawn.png magenta=0.00000 black=0.0053 white=0.0008 std=31.7 hash=e5b2b284252c3486
imagecheck spawn.png magenta=0.00000 black=0.0053 white=0.0008 std=31.7 hash=e5b2b284252c3486
imagecheck ship_boat.png magenta=0.00000 black=0.0000 white=0.0022 std=53.6 hash=5ae44d733bd4c981
imagecheck ship_boat.png magenta=0.00000 black=0.0000 white=0.0022 std=53.6 hash=5ae44d733bd4c981
imagecheck ship_deck.png magenta=0.00000 black=0.0000 white=0.0025 std=47.8 hash=68daabccfef5bee6
imagecheck ship_deck.png magenta=0.00000 black=0.0000 white=0.0025 std=47.8 hash=68daabccfef5bee6
imagecheck ship_airship.png magenta=0.00000 black=0.0000 white=0.0023 std=48.1 hash=da08a22990122cfa
imagecheck ship_airship.png magenta=0.00000 black=0.0000 white=0.0023 std=48.1 hash=da08a22990122cfa
imagecheck ship_car.png magenta=0.00000 black=0.0000 white=0.0019 std=31.7 hash=8b5152eb52659b99
imagecheck ship_car.png magenta=0.00000 black=0.0000 white=0.0019 std=31.7 hash=8b5152eb52659b99
imagecheck ship_plane.png magenta=0.00000 black=0.0000 white=0.0024 std=50.5 hash=898133ccf8483fb3
imagecheck ship_plane.png magenta=0.00000 black=0.0000 white=0.0024 std=50.5 hash=898133ccf8483fb3
imagecheck ship_gunboat.png magenta=0.00000 black=0.0000 white=0.0022 std=54.5 hash=83b9e7909bb6568e
imagecheck ship_gunboat.png magenta=0.00000 black=0.0000 white=0.0022 std=54.5 hash=83b9e7909bb6568e
imagecheck ship_frigate.png magenta=0.00000 black=0.0000 white=0.0186 std=34.9 hash=fafa8ac0dca9cbf3
imagecheck ship_frigate.png magenta=0.00000 black=0.0000 white=0.0186 std=34.9 hash=fafa8ac0dca9cbf3
imagecheck ship_frigate_bow.png magenta=0.00000 black=0.0000 white=0.0116 std=37.3 hash=e4f72c6443054660
imagecheck ship_frigate_bow.png magenta=0.00000 black=0.0000 white=0.0116 std=37.3 hash=e4f72c6443054660
imagecheck ship_frigate_side.png magenta=0.00000 black=0.0000 white=0.0058 std=35.3 hash=cd20d4196bcfacd9
imagecheck ship_frigate_side.png magenta=0.00000 black=0.0000 white=0.0058 std=35.3 hash=cd20d4196bcfacd9
imagecheck ship_frigate_top.png magenta=0.00000 black=0.0000 white=0.0065 std=33.6 hash=34b23b9af26ff4a4
imagecheck ship_frigate_top.png magenta=0.00000 black=0.0000 white=0.0065 std=33.6 hash=34b23b9af26ff4a4
imagecheck ship_frigate_deck.png magenta=0.00000 black=0.0000 white=0.0094 std=38.2 hash=40cdd036acd1a061
imagecheck ship_frigate_deck.png magenta=0.00000 black=0.0000 white=0.0094 std=38.2 hash=40cdd036acd1a061
imagecheck ship_carriage.png magenta=0.00000 black=0.0000 white=0.0019 std=40.6 hash=7c93e172eb28c806
imagecheck ship_carriage.png magenta=0.00000 black=0.0000 white=0.0019 std=40.6 hash=7c93e172eb28c806
imagecheck ship_battle.png magenta=0.00000 black=0.0000 white=0.0605 std=60.5 hash=b894a2d3911d1ab3
imagecheck ship_battle.png magenta=0.00000 black=0.0000 white=0.0605 std=60.5 hash=b894a2d3911d1ab3
imagecheck physicstest.png magenta=0.00000 black=0.0000 white=0.0022 std=35.8 hash=245ea337cc15828c
imagecheck physicstest.png magenta=0.00000 black=0.0000 white=0.0022 std=35.8 hash=245ea337cc15828c
imagecheck ship_warfrigate.png magenta=0.00000 black=0.0000 white=0.0054 std=50.8 hash=b8cbd75d1f80c10b
imagecheck ship_warfrigate.png magenta=0.00000 black=0.0000 white=0.0054 std=50.8 hash=b8cbd75d1f80c10b
imagecheck ship_crawler.png magenta=0.00000 black=0.0000 white=0.0101 std=59.2 hash=9513c87d5451a962
imagecheck ship_crawler.png magenta=0.00000 black=0.0000 white=0.0101 std=59.2 hash=9513c87d5451a962
imagecheck ship_capitalbattle.png magenta=0.00000 black=0.0000 white=0.0059 std=50.1 hash=f356882fd63a9216
imagecheck ship_capitalbattle.png magenta=0.00000 black=0.0000 white=0.0059 std=50.1 hash=f356882fd63a9216
imagecheck capitaltest.png magenta=0.00000 black=0.0000 white=0.0098 std=61.6 hash=84a98640ed563b2d
imagecheck capitaltest.png magenta=0.00000 black=0.0000 white=0.0098 std=61.6 hash=84a98640ed563b2d
imagecheck plantcheck.png magenta=0.00000 black=0.0000 white=0.0008 std=41.4 hash=c3ff8aaf4a989ffe
imagecheck plantcheck.png magenta=0.00000 black=0.0000 white=0.0008 std=41.4 hash=c3ff8aaf4a989ffe
imagecheck musiccheck.png magenta=0.00000 black=0.0000 white=0.0008 std=36.3 hash=62370ce492e04141
imagecheck musiccheck.png magenta=0.00000 black=0.0000 white=0.0008 std=36.3 hash=62370ce492e04141
imagecheck mobcheck.png magenta=0.00000 black=0.0000 white=0.0507 std=47.8 hash=f68076de652afea0
imagecheck mobcheck.png magenta=0.00000 black=0.0000 white=0.0506 std=48.8 hash=0cb4dc2adc4d8455
imagecheck coop.png magenta=0.00000 black=0.0025 white=0.0124 std=37.4 hash=0bfbc3c920eb1d0a
imagecheck coop.png magenta=0.00000 black=0.0025 white=0.0124 std=37.4 hash=0bfbc3c920eb1d0a
imagecheck tv_coop.png magenta=0.00000 black=0.0037 white=0.0013 std=42.5 hash=44a181d08856340b
imagecheck tv_coop.png magenta=0.00000 black=0.0037 white=0.0013 std=42.5 hash=44a181d08856340b
imagecheck tv_coop_side.png magenta=0.00000 black=0.0021 white=0.0013 std=42.4 hash=03e020c082250a41
imagecheck tv_coop_side.png magenta=0.00000 black=0.0021 white=0.0013 std=42.4 hash=03e020c082250a41
imagecheck aerial.png magenta=0.00000 black=0.0000 white=0.0025 std=50.3 hash=275e93cd71b72f6c
imagecheck aerial.png magenta=0.00000 black=0.0000 white=0.0025 std=50.3 hash=275e93cd71b72f6c
imagecheck aerial16.png magenta=0.00000 black=0.0000 white=0.0008 std=45.6 hash=0826326f0c964da6
imagecheck aerial16.png magenta=0.00000 black=0.0000 white=0.0008 std=45.6 hash=0826326f0c964da6
imagecheck aerial16_fast.png magenta=0.00000 black=0.0000 white=0.0008 std=38.0 hash=24ef22bdcb2ea347
imagecheck aerial16_fast.png magenta=0.00000 black=0.0000 white=0.0008 std=38.0 hash=24ef22bdcb2ea347
imagecheck ground16.png magenta=0.00000 black=0.0000 white=0.0013 std=57.3 hash=4dd5dcfa5d2d04ef
imagecheck ground16.png magenta=0.00000 black=0.0000 white=0.0013 std=57.3 hash=4dd5dcfa5d2d04ef
imagecheck ground16_fast.png magenta=0.00000 black=0.0000 white=0.0013 std=57.4 hash=25cbb84b6cbbb60f
imagecheck ground16_fast.png magenta=0.00000 black=0.0000 white=0.0013 std=57.4 hash=25cbb84b6cbbb60f
imagecheck aerial16_777.png magenta=0.00000 black=0.0000 white=0.0008 std=46.0 hash=14006bf6aea43c3a
imagecheck aerial16_777.png magenta=0.00000 black=0.0000 white=0.0008 std=46.0 hash=14006bf6aea43c3a
imagecheck ocean_night_777.png magenta=0.00000 black=0.5717 white=0.0008 std=18.8 hash=09cce388b01150ba
imagecheck ocean_night_777.png magenta=0.00000 black=0.5717 white=0.0008 std=18.8 hash=09cce388b01150ba
imagecheck ocean_night_777_fast.png magenta=0.00000 black=0.5598 white=0.0008 std=14.9 hash=39199e26c6155b65
imagecheck ocean_night_777_fast.png magenta=0.00000 black=0.5598 white=0.0008 std=14.9 hash=39199e26c6155b65
imagecheck aerial16_424242.png magenta=0.00000 black=0.0000 white=0.0016 std=44.3 hash=49437080f1229c2d
imagecheck aerial16_424242.png magenta=0.00000 black=0.0000 white=0.0016 std=44.3 hash=49437080f1229c2d
imagecheck aerial24.png magenta=0.00000 black=0.0000 white=0.0076 std=48.2 hash=b86427571d6e020f
imagecheck aerial24.png magenta=0.00000 black=0.0000 white=0.0076 std=48.2 hash=b86427571d6e020f
imagecheck sunset.png magenta=0.00000 black=0.0000 white=0.0008 std=47.8 hash=2696c5ca970faf6e
imagecheck sunset.png magenta=0.00000 black=0.0000 white=0.0008 std=47.8 hash=2696c5ca970faf6e
imagecheck sunset_fast.png magenta=0.00000 black=0.0000 white=0.0008 std=44.3 hash=9485fef54a974cef
imagecheck sunset_fast.png magenta=0.00000 black=0.0000 white=0.0008 std=44.3 hash=9485fef54a974cef
imagecheck sunset_sun.png magenta=0.00000 black=0.0001 white=0.0107 std=71.9 hash=44f1b173ce838304
imagecheck sunset_sun.png magenta=0.00000 black=0.0001 white=0.0107 std=71.9 hash=44f1b173ce838304
imagecheck night.png magenta=0.00000 black=0.1849 white=0.0008 std=15.4 hash=cc570ec77acb609f
imagecheck night.png magenta=0.00000 black=0.1849 white=0.0008 std=15.4 hash=cc570ec77acb609f
imagecheck lake.png magenta=0.00000 black=0.0000 white=0.0008 std=48.7 hash=1abf819e4120229f
imagecheck lake.png magenta=0.00000 black=0.0000 white=0.0008 std=48.7 hash=1abf819e4120229f
imagecheck lake_glint.png magenta=0.00000 black=0.0000 white=0.0367 std=60.8 hash=6cf3bd91e28d3c83
imagecheck lake_glint.png magenta=0.00000 black=0.0000 white=0.0367 std=60.8 hash=6cf3bd91e28d3c83
imagecheck shore.png magenta=0.00000 black=0.0000 white=0.0008 std=32.4 hash=06c4076022869187
imagecheck shore.png magenta=0.00000 black=0.0000 white=0.0008 std=32.4 hash=06c4076022869187
imagecheck underwater_up.png magenta=0.00000 black=0.0000 white=0.0008 std=21.6 hash=71dcd6fd969d5044
imagecheck underwater_up.png magenta=0.00000 black=0.0000 white=0.0008 std=21.6 hash=71dcd6fd969d5044
imagecheck underwater.png magenta=0.00000 black=0.0000 white=0.0008 std=11.0 hash=d6efe39037f4a77c
imagecheck underwater.png magenta=0.00000 black=0.0000 white=0.0008 std=11.0 hash=d6efe39037f4a77c
imagecheck down.png magenta=0.00000 black=0.0000 white=0.0008 std=38.0 hash=356f4d5eb3786198
imagecheck down.png magenta=0.00000 black=0.0000 white=0.0008 std=38.0 hash=356f4d5eb3786198
imagecheck forest.png magenta=0.00000 black=0.0000 white=0.0008 std=50.7 hash=76b32d516d4829c3
imagecheck forest.png magenta=0.00000 black=0.0000 white=0.0008 std=50.7 hash=76b32d516d4829c3
imagecheck forest_fast.png magenta=0.00000 black=0.0000 white=0.0008 std=51.6 hash=4355edf8db92e029
imagecheck forest_fast.png magenta=0.00000 black=0.0000 white=0.0008 std=51.6 hash=4355edf8db92e029
imagecheck forest_nocull.png magenta=0.00000 black=0.0000 white=0.0008 std=50.7 hash=76b32d516d4829c3
imagecheck forest_nocull.png magenta=0.00000 black=0.0000 white=0.0008 std=50.7 hash=76b32d516d4829c3
imagecheck forest_nobase.png magenta=0.00000 black=0.0000 white=0.0008 std=50.7 hash=76b32d516d4829c3
imagecheck forest_nobase.png magenta=0.00000 black=0.0000 white=0.0008 std=50.7 hash=76b32d516d4829c3
imagecheck forest_verify.png magenta=0.00000 black=0.0000 white=0.0008 std=50.7 hash=76b32d516d4829c3
imagecheck forest_verify.png magenta=0.00000 black=0.0000 white=0.0008 std=50.7 hash=76b32d516d4829c3
imagecheck forest_in.png magenta=0.00000 black=0.0001 white=0.0008 std=34.6 hash=77be9718ded51a6f
imagecheck forest_in.png magenta=0.00000 black=0.0001 white=0.0008 std=34.6 hash=77be9718ded51a6f
imagecheck crack.png magenta=0.00000 black=0.0001 white=0.0008 std=43.0 hash=3db0843c2f8ae580
imagecheck crack.png magenta=0.00000 black=0.0001 white=0.0008 std=43.0 hash=3db0843c2f8ae580
imagecheck snowy.png magenta=0.00000 black=0.0000 white=0.0008 std=55.6 hash=a0ced043217ac5c9
imagecheck snowy.png magenta=0.00000 black=0.0000 white=0.0008 std=55.6 hash=a0ced043217ac5c9
imagecheck biome_desert.png magenta=0.00000 black=0.0000 white=0.0008 std=43.1 hash=c5dc4d7a85ae0bd5
imagecheck biome_desert.png magenta=0.00000 black=0.0000 white=0.0008 std=43.1 hash=c5dc4d7a85ae0bd5
imagecheck biome_jungle.png magenta=0.00000 black=0.0002 white=0.0008 std=41.9 hash=f72a32696d6df8a3
imagecheck biome_jungle.png magenta=0.00000 black=0.0002 white=0.0008 std=41.9 hash=f72a32696d6df8a3
imagecheck biome_badlands.png magenta=0.00000 black=0.0000 white=0.0008 std=51.3 hash=2597ae8751924bd4
imagecheck biome_badlands.png magenta=0.00000 black=0.0000 white=0.0008 std=51.3 hash=2597ae8751924bd4
imagecheck biome_dark_forest.png magenta=0.00000 black=0.0004 white=0.0008 std=41.0 hash=0897223953a738b5
imagecheck biome_dark_forest.png magenta=0.00000 black=0.0004 white=0.0008 std=41.0 hash=0897223953a738b5
imagecheck biome_cherry_grove.png magenta=0.00000 black=0.0000 white=0.0073 std=48.3 hash=13d229b4805a9b2e
imagecheck biome_cherry_grove.png magenta=0.00000 black=0.0000 white=0.0073 std=48.3 hash=13d229b4805a9b2e
imagecheck biome_jagged_peaks.png magenta=0.00000 black=0.0000 white=0.0008 std=35.1 hash=1864378c2a542305
imagecheck biome_jagged_peaks.png magenta=0.00000 black=0.0000 white=0.0008 std=35.1 hash=1864378c2a542305
imagecheck biome_savanna.png magenta=0.00000 black=0.0000 white=0.0008 std=47.3 hash=e74bb951363338a8
imagecheck biome_savanna.png magenta=0.00000 black=0.0000 white=0.0008 std=47.3 hash=e74bb951363338a8
imagecheck biome_swamp.png magenta=0.00000 black=0.0000 white=0.0010 std=53.2 hash=fe6b6a7867501901
imagecheck biome_swamp.png magenta=0.00000 black=0.0000 white=0.0010 std=53.2 hash=fe6b6a7867501901
imagecheck biome_taiga.png magenta=0.00000 black=0.0005 white=0.0008 std=44.5 hash=4555225956448a14
imagecheck biome_taiga.png magenta=0.00000 black=0.0005 white=0.0008 std=44.5 hash=4555225956448a14
imagecheck biome_warm_ocean.png magenta=0.00000 black=0.0000 white=0.0009 std=54.0 hash=da34ce398e6ac66e
imagecheck biome_warm_ocean.png magenta=0.00000 black=0.0000 white=0.0009 std=54.0 hash=da34ce398e6ac66e
imagecheck biome_birch_forest.png magenta=0.00000 black=0.0000 white=0.0008 std=49.2 hash=c79e1d0c8e3d49ad
imagecheck biome_birch_forest.png magenta=0.00000 black=0.0000 white=0.0008 std=49.2 hash=c79e1d0c8e3d49ad
imagecheck biome_mangrove_swamp.png magenta=0.00000 black=0.0000 white=0.0008 std=61.4 hash=2862e9b1ac5e4f85
imagecheck biome_mangrove_swamp.png magenta=0.00000 black=0.0000 white=0.0008 std=61.4 hash=2862e9b1ac5e4f85
imagecheck meadow.png magenta=0.00000 black=0.0000 white=0.0008 std=42.6 hash=fda138739a86f7b5
imagecheck meadow.png magenta=0.00000 black=0.0000 white=0.0008 std=42.6 hash=fda138739a86f7b5
imagecheck stars.png magenta=0.00000 black=0.5758 white=0.0008 std=16.3 hash=76bf63265ce68b8f
imagecheck stars.png magenta=0.00000 black=0.5758 white=0.0008 std=16.3 hash=76bf63265ce68b8f
imagecheck clouds.png magenta=0.00000 black=0.0000 white=0.0685 std=51.8 hash=db1b140e73af90e5
imagecheck clouds.png magenta=0.00000 black=0.0000 white=0.0685 std=51.8 hash=db1b140e73af90e5
imagecheck torches.png magenta=0.00000 black=0.0022 white=0.0040 std=56.8 hash=2c4f3ffe4c5236c8
imagecheck torches.png magenta=0.00000 black=0.0022 white=0.0040 std=56.8 hash=2c4f3ffe4c5236c8
imagecheck torches_near.png magenta=0.00000 black=0.0000 white=0.0123 std=46.4 hash=a777a223f729142e
imagecheck torches_near.png magenta=0.00000 black=0.0000 white=0.0123 std=46.4 hash=a777a223f729142e
imagecheck torches_day.png magenta=0.00000 black=0.0000 white=0.0022 std=31.1 hash=bbe3c356613e4364
imagecheck torches_day.png magenta=0.00000 black=0.0000 white=0.0022 std=31.1 hash=bbe3c356613e4364
imagecheck water_flow.png magenta=0.00000 black=0.0000 white=0.0008 std=24.0 hash=f06efed638586bdb
imagecheck water_flow.png magenta=0.00000 black=0.0000 white=0.0008 std=24.0 hash=f06efed638586bdb
imagecheck inventory.png magenta=0.00000 black=0.0132 white=0.0121 std=55.2 hash=8a5df7222b8a8334
imagecheck inventory.png magenta=0.00000 black=0.0132 white=0.0121 std=55.2 hash=8a5df7222b8a8334
imagecheck creative.png magenta=0.00000 black=0.0135 white=0.0122 std=45.7 hash=a8b6bb620db08042
imagecheck creative.png magenta=0.00000 black=0.0135 white=0.0122 std=45.7 hash=a8b6bb620db08042
imagecheck crafting.png magenta=0.00000 black=0.0134 white=0.0109 std=49.4 hash=79e3871f595be9fa
imagecheck crafting.png magenta=0.00000 black=0.0134 white=0.0109 std=49.4 hash=79e3871f595be9fa
imagecheck craftbook.png magenta=0.00000 black=0.0142 white=0.0151 std=72.9 hash=d66b471459865b3d
imagecheck craftbook.png magenta=0.00000 black=0.0142 white=0.0151 std=72.9 hash=d66b471459865b3d
imagecheck tv_craftbook.png magenta=0.00000 black=0.0145 white=0.0184 std=75.0 hash=f09a76ed89e4a903
imagecheck tv_craftbook.png magenta=0.00000 black=0.0145 white=0.0184 std=75.0 hash=f09a76ed89e4a903
imagecheck tv_craftbook2.png magenta=0.00000 black=0.0145 white=0.0174 std=67.2 hash=ee4ea66f6f8cf4fd
imagecheck tv_craftbook2.png magenta=0.00000 black=0.0145 white=0.0174 std=67.2 hash=ee4ea66f6f8cf4fd
imagecheck tv_craftbook_all.png magenta=0.00000 black=0.0145 white=0.0171 std=67.1 hash=ee4ea66f6f8cf4fd
imagecheck tv_craftbook_all.png magenta=0.00000 black=0.0145 white=0.0171 std=67.1 hash=ee4ea66f6f8cf4fd
imagecheck note-2026-10-05_03.34.55.png magenta=0.00000 black=0.0027 white=0.0011 std=30.8 hash=6c718d275a88f59e
imagecheck bugnotes.png magenta=0.00000 black=0.0053 white=0.0013 std=32.0 hash=e5b2b284252c3486
imagecheck bugnotes.png magenta=0.00000 black=0.0053 white=0.0013 std=32.0 hash=e5b2b284252c3486
imagecheck padtest.png magenta=0.00000 black=0.0040 white=0.0163 std=55.2 hash=65d29703754516e5
imagecheck padtest.png magenta=0.00000 black=0.0040 white=0.0163 std=55.2 hash=65d29703754516e5
imagecheck inventory_pad.png magenta=0.00000 black=0.0132 white=0.0125 std=55.0 hash=d7e4903a6ac878a3
imagecheck inventory_pad.png magenta=0.00000 black=0.0132 white=0.0125 std=55.0 hash=d7e4903a6ac878a3
imagecheck tv_options.png magenta=0.00000 black=0.0153 white=0.0158 std=58.6 hash=8c7697bf44d020ad
imagecheck tv_options.png magenta=0.00000 black=0.0153 white=0.0158 std=58.6 hash=8c7697bf44d020ad
imagecheck tv_keyboard.png magenta=0.00000 black=0.0224 white=0.0220 std=63.1 hash=baf3d8d92ef93002
imagecheck tv_keyboard.png magenta=0.00000 black=0.0224 white=0.0220 std=63.1 hash=baf3d8d92ef93002
imagecheck tv_worlds.png magenta=0.00000 black=0.0164 white=0.0203 std=63.8 hash=964840c97ecb9d27
imagecheck tv_worlds.png magenta=0.00000 black=0.0164 white=0.0203 std=63.8 hash=964840c97ecb9d27
imagecheck tv_confirm.png magenta=0.00000 black=0.0176 white=0.0175 std=67.3 hash=21848fddbd4d3539
imagecheck tv_confirm.png magenta=0.00000 black=0.0176 white=0.0175 std=67.3 hash=21848fddbd4d3539
imagecheck tv_title.png magenta=0.00000 black=0.0160 white=0.0131 std=62.6 hash=34d12308d085bf74
imagecheck tv_title.png magenta=0.00000 black=0.0160 white=0.0131 std=62.6 hash=34d12308d085bf74
imagecheck padmap.png magenta=0.00000 black=0.0142 white=0.0145 std=56.9 hash=abef514af2e57362
imagecheck padmap.png magenta=0.00000 black=0.0142 white=0.0145 std=56.9 hash=abef514af2e57362
imagecheck tv_combat.png magenta=0.00000 black=0.0080 white=0.0037 std=45.8 hash=bda1ea2d09fd9a83
imagecheck tv_combat.png magenta=0.00000 black=0.0080 white=0.0037 std=45.8 hash=bda1ea2d09fd9a83
imagecheck vehicle_hud.png magenta=0.00000 black=0.0010 white=0.0035 std=48.9 hash=f5bbfc33d0bcd678
imagecheck vehicle_hud.png magenta=0.00000 black=0.0010 white=0.0035 std=41.2 hash=60a4dfe45f23bb53
imagecheck tv_map.png magenta=0.00000 black=0.0156 white=0.0123 std=59.1 hash=159b892eade4c1e0
imagecheck tv_map.png magenta=0.00000 black=0.0153 white=0.0307 std=79.3 hash=d394367c9df64ffd
imagecheck controls_ref.png magenta=0.00000 black=0.0142 white=0.0116 std=53.7 hash=7a2dd076ceb3eb1f
imagecheck controls_ref.png magenta=0.00000 black=0.0142 white=0.0116 std=53.7 hash=7a2dd076ceb3eb1f
imagecheck tv_hud.png magenta=0.00000 black=0.0062 white=0.0040 std=40.7 hash=5abf018b51ea3134
imagecheck tv_hud.png magenta=0.00000 black=0.0062 white=0.0040 std=40.7 hash=5abf018b51ea3134
imagecheck furnace.png magenta=0.00000 black=0.0132 white=0.0088 std=49.9 hash=7e03a145ac24d4a2
imagecheck furnace.png magenta=0.00000 black=0.0132 white=0.0088 std=49.9 hash=7e03a145ac24d4a2
imagecheck drops.png magenta=0.00000 black=0.0042 white=0.0008 std=33.4 hash=efea0cfbbb3fd20b
imagecheck drops.png magenta=0.00000 black=0.0042 white=0.0008 std=33.4 hash=efea0cfbbb3fd20b
imagecheck subtitles.png magenta=0.00000 black=0.0053 white=0.0029 std=32.3 hash=c3906274f9b9c4c2
imagecheck subtitles.png magenta=0.00000 black=0.0053 white=0.0029 std=32.3 hash=c3906274f9b9c4c2
imagecheck survival.png magenta=0.00000 black=0.0057 white=0.0013 std=40.3 hash=6db85ac748d04a3f
imagecheck survival.png magenta=0.00000 black=0.0057 white=0.0013 std=40.3 hash=6db85ac748d04a3f
imagecheck sim.png magenta=0.00000 black=0.0434 white=0.0029 std=21.7 hash=b0f12277c5f1d71b
imagecheck sim.png magenta=0.00000 black=0.0434 white=0.0029 std=21.7 hash=b0f12277c5f1d71b
