imagecheck audiotest.png magenta=0.00000 black=0.0000 white=0.0024 std=39.1 hash=16bf0902ba283fee
imagecheck audiotest.png magenta=0.00000 black=0.0000 white=0.0024 std=39.1 hash=16bf0902ba283fee
imagecheck issue_1.png magenta=0.00000 black=0.0000 white=0.0010 std=31.2 hash=351f6eba0583b441
imagecheck issue_1.png magenta=0.00000 black=0.0000 white=0.0010 std=31.2 hash=351f6eba0583b441
imagecheck gencheck_leak_1.png magenta=0.00000 black=0.0002 white=0.0008 std=40.8 hash=a56d4f9354336cd3
imagecheck gencheck_leak_1.png magenta=0.00000 black=0.0002 white=0.0008 std=40.8 hash=a56d4f9354336cd3
imagecheck gencheck_leak_2.png magenta=0.00000 black=0.0002 white=0.0008 std=40.8 hash=a56d4f9354336cd3
imagecheck gencheck_leak_2.png magenta=0.00000 black=0.0002 white=0.0008 std=40.8 hash=a56d4f9354336cd3
imagecheck texsrc_procedural_forest.png magenta=0.00000 black=0.0016 white=0.0008 std=35.3 hash=905e25bd74a93f55
imagecheck texsrc_procedural_forest.png magenta=0.00000 black=0.0016 white=0.0008 std=35.3 hash=905e25bd74a93f55
imagecheck texsrc_procedural_cliff.png magenta=0.00000 black=0.0002 white=0.0008 std=33.1 hash=893e322ce417e4b5
imagecheck texsrc_procedural_cliff.png magenta=0.00000 black=0.0002 white=0.0008 std=33.1 hash=893e322ce417e4b5
imagecheck texsrc_procedural_village.png magenta=0.00000 black=0.0000 white=0.0009 std=59.5 hash=70c364131e8c5e67
imagecheck texsrc_procedural_village.png magenta=0.00000 black=0.0000 white=0.0009 std=59.5 hash=70c364131e8c5e67
imagecheck texsrc_cc0_forest.png magenta=0.00000 black=0.0015 white=0.0008 std=36.5 hash=bdf87aa0d2d0557c
imagecheck texsrc_cc0_forest.png magenta=0.00000 black=0.0015 white=0.0008 std=36.5 hash=bdf87aa0d2d0557c
imagecheck texsrc_cc0_cliff.png magenta=0.00000 black=0.0000 white=0.0008 std=34.0 hash=415c1a6d92ec6684
imagecheck texsrc_cc0_cliff.png magenta=0.00000 black=0.0000 white=0.0008 std=34.0 hash=415c1a6d92ec6684
imagecheck texsrc_cc0_village.png magenta=0.00000 black=0.0000 white=0.0009 std=61.2 hash=3789c243aae23c8f
imagecheck texsrc_cc0_village.png magenta=0.00000 black=0.0000 white=0.0009 std=61.2 hash=3789c243aae23c8f
imagecheck texsrc_gemini_forest.png magenta=0.00000 black=0.0057 white=0.0008 std=40.2 hash=81331acca2ecd871
imagecheck texsrc_gemini_forest.png magenta=0.00000 black=0.0057 white=0.0008 std=40.2 hash=81331acca2ecd871
imagecheck texsrc_gemini_cliff.png magenta=0.00000 black=0.0022 white=0.0008 std=33.5 hash=1f1a5c9b0630e5e4
imagecheck texsrc_gemini_cliff.png magenta=0.00000 black=0.0022 white=0.0008 std=33.5 hash=1f1a5c9b0630e5e4
imagecheck texsrc_gemini_village.png magenta=0.00000 black=0.0000 white=0.0009 std=61.4 hash=ebfec1d7af358a1a
imagecheck texsrc_gemini_village.png magenta=0.00000 black=0.0000 white=0.0009 std=61.4 hash=ebfec1d7af358a1a
imagecheck mobs.png magenta=0.00000 black=0.0048 white=0.0008 std=33.2 hash=4399fd101ecef49f
imagecheck mobs.png magenta=0.00000 black=0.0048 white=0.0008 std=33.2 hash=4399fd101ecef49f
imagecheck mob_shadows.png magenta=0.00000 black=0.0031 white=0.0008 std=30.1 hash=526ecfe577df3c13
imagecheck mob_shadows.png magenta=0.00000 black=0.0031 white=0.0008 std=30.1 hash=526ecfe577df3c13
imagecheck hostile.png magenta=0.00000 black=0.0047 white=0.0008 std=31.6 hash=6128ccf611b798a5
imagecheck hostile.png magenta=0.00000 black=0.0047 white=0.0008 std=31.6 hash=6128ccf611b798a5
imagecheck nether.png magenta=0.00000 black=0.0311 white=0.0009 std=28.6 hash=58cbc202b37dad1f
imagecheck nether.png magenta=0.00000 black=0.0311 white=0.0009 std=28.6 hash=58cbc202b37dad1f
imagecheck ember_crimson.png magenta=0.00000 black=0.0248 white=0.0008 std=25.2 hash=745a43978c4c8c4a
imagecheck ember_crimson.png magenta=0.00000 black=0.0248 white=0.0008 std=25.2 hash=745a43978c4c8c4a
imagecheck ember_warped.png magenta=0.00000 black=0.0347 white=0.0128 std=55.9 hash=39dc9d31dd2a37d4
imagecheck ember_warped.png magenta=0.00000 black=0.0347 white=0.0128 std=55.9 hash=39dc9d31dd2a37d4
imagecheck ember_soul.png magenta=0.00000 black=0.0342 white=0.0008 std=19.1 hash=3857e6b56eb4ca6b
imagecheck ember_soul.png magenta=0.00000 black=0.0342 white=0.0008 std=19.1 hash=3857e6b56eb4ca6b
imagecheck ember_basalt.png magenta=0.00000 black=0.0012 white=0.0008 std=65.0 hash=895ea8167e24c57c
imagecheck ember_basalt.png magenta=0.00000 black=0.0012 white=0.0008 std=65.0 hash=895ea8167e24c57c
imagecheck nether_wide.png magenta=0.00000 black=0.0311 white=0.0008 std=36.3 hash=43595aad9ac0e2ee
imagecheck nether_wide.png magenta=0.00000 black=0.0311 white=0.0008 std=36.3 hash=43595aad9ac0e2ee
imagecheck fortress.png magenta=0.00000 black=0.2914 white=0.0008 std=13.0 hash=f84dad62f2462869
imagecheck fortress.png magenta=0.00000 black=0.2914 white=0.0008 std=13.0 hash=f84dad62f2462869
imagecheck fortress_far.png magenta=0.00000 black=0.2273 white=0.0008 std=15.7 hash=7f0f78a1687d2d2f
imagecheck fortress_far.png magenta=0.00000 black=0.2273 white=0.0008 std=15.7 hash=7f0f78a1687d2d2f
imagecheck nether_mobs.png magenta=0.00000 black=0.2562 white=0.0008 std=16.0 hash=248f7f782eecd11a
imagecheck nether_mobs.png magenta=0.00000 black=0.2562 white=0.0008 std=16.0 hash=248f7f782eecd11a
imagecheck bastion.png magenta=0.00000 black=0.0634 white=0.0008 std=13.6 hash=a3021bce55aa35ac
imagecheck bastion.png magenta=0.00000 black=0.0634 white=0.0008 std=13.6 hash=a3021bce55aa35ac
imagecheck bastion_far.png magenta=0.00000 black=0.0307 white=0.0008 std=19.9 hash=8a77b01c9918af1b
imagecheck bastion_far.png magenta=0.00000 black=0.0307 white=0.0008 std=19.9 hash=8a77b01c9918af1b
imagecheck canyon.png magenta=0.00000 black=0.0000 white=0.0008 std=62.0 hash=631fb5b47df727e7
imagecheck canyon.png magenta=0.00000 black=0.0000 white=0.0008 std=62.0 hash=631fb5b47df727e7
imagecheck canyon_floor.png magenta=0.00000 black=0.0011 white=0.0008 std=33.0 hash=8869879e9fbf56f6
imagecheck canyon_floor.png magenta=0.00000 black=0.0011 white=0.0008 std=33.0 hash=8869879e9fbf56f6
imagecheck spire.png magenta=0.00000 black=0.0000 white=0.0009 std=47.7 hash=7dd4d14e7fc4c1b1
imagecheck spire.png magenta=0.00000 black=0.0000 white=0.0009 std=47.7 hash=7dd4d14e7fc4c1b1
imagecheck spire_inside.png magenta=0.00000 black=0.2468 white=0.0008 std=19.8 hash=02bfdf5ef1137f69
imagecheck spire_inside.png magenta=0.00000 black=0.2468 white=0.0008 std=19.8 hash=02bfdf5ef1137f69
imagecheck spire_horizon.png magenta=0.00000 black=0.0000 white=0.0056 std=33.8 hash=fce8cbc8f9231bc9
imagecheck spire_horizon.png magenta=0.00000 black=0.0000 white=0.0056 std=33.8 hash=fce8cbc8f9231bc9
imagecheck photo_dof.png magenta=0.00000 black=0.0000 white=0.0000 std=36.2 hash=993bfedab4037ab7
imagecheck photo_dof.png magenta=0.00000 black=0.0000 white=0.0000 std=36.2 hash=993bfedab4037ab7
imagecheck photo_dof_far.png magenta=0.00000 black=0.0000 white=0.0000 std=24.1 hash=30bb378e00e251e6
imagecheck photo_dof_far.png magenta=0.00000 black=0.0000 white=0.0000 std=24.1 hash=30bb378e00e251e6
imagecheck volcano_far.png magenta=0.00000 black=0.0000 white=0.0029 std=48.5 hash=e3eec224aa6a110a
imagecheck volcano_far.png magenta=0.00000 black=0.0000 white=0.0029 std=48.5 hash=e3eec224aa6a110a
imagecheck volcano_far_nolod.png magenta=0.00000 black=0.0000 white=0.0029 std=48.7 hash=a225b859c07a046f
imagecheck volcano_far_nolod.png magenta=0.00000 black=0.0000 white=0.0029 std=48.7 hash=a225b859c07a046f
imagecheck volcano_crater.png magenta=0.00000 black=0.0000 white=0.0008 std=52.9 hash=a0c1ce4ac71a6054
imagecheck volcano_crater.png magenta=0.00000 black=0.0000 white=0.0008 std=52.9 hash=a0c1ce4ac71a6054
imagecheck volcano_horizon.png magenta=0.00000 black=0.0000 white=0.0008 std=38.7 hash=5095d510b37bb69b
imagecheck volcano_horizon.png magenta=0.00000 black=0.0000 white=0.0008 std=38.7 hash=5095d510b37bb69b
imagecheck volcano_horizon_night.png magenta=0.00000 black=0.3187 white=0.0008 std=17.7 hash=da8749830996de0b
imagecheck volcano_horizon_night.png magenta=0.00000 black=0.3187 white=0.0008 std=17.7 hash=da8749830996de0b
imagecheck volcano_dusk.png magenta=0.00000 black=0.0002 white=0.0008 std=52.7 hash=a4b407bf2beb105c
imagecheck volcano_dusk.png magenta=0.00000 black=0.0002 white=0.0008 std=52.7 hash=a4b407bf2beb105c
imagecheck citadel_far.png magenta=0.00000 black=0.0000 white=0.0529 std=53.3 hash=1762ecddee938608
imagecheck citadel_far.png magenta=0.00000 black=0.0000 white=0.0529 std=53.3 hash=1762ecddee938608
imagecheck citadel_gate.png magenta=0.00000 black=0.0009 white=0.0034 std=55.1 hash=fe5be71733e685f4
imagecheck citadel_gate.png magenta=0.00000 black=0.0009 white=0.0034 std=55.1 hash=fe5be71733e685f4
imagecheck citadel_top.png magenta=0.00000 black=0.0000 white=0.0243 std=47.1 hash=a015da64b0f7bd08
imagecheck citadel_top.png magenta=0.00000 black=0.0000 white=0.0243 std=47.1 hash=a015da64b0f7bd08
imagecheck citadel_turret.png magenta=0.00000 black=0.0000 white=0.0193 std=53.7 hash=b9f956d10f950c21
imagecheck citadel_turret.png magenta=0.00000 black=0.0000 white=0.0193 std=53.7 hash=b9f956d10f950c21
imagecheck citadel_plaza.png magenta=0.00000 black=0.0003 white=0.0107 std=52.4 hash=e3f23e3bd153046a
imagecheck citadel_plaza.png magenta=0.00000 black=0.0003 white=0.0107 std=52.4 hash=e3f23e3bd153046a
imagecheck village.png magenta=0.00000 black=0.0000 white=0.0009 std=48.1 hash=868882ee26f7fb47
imagecheck village.png magenta=0.00000 black=0.0000 white=0.0009 std=48.1 hash=868882ee26f7fb47
imagecheck village_top.png magenta=0.00000 black=0.0000 white=0.0011 std=29.3 hash=625f2cffb2c01039
imagecheck village_top.png magenta=0.00000 black=0.0000 white=0.0011 std=29.3 hash=625f2cffb2c01039
imagecheck village2.png magenta=0.00000 black=0.0000 white=0.0035 std=59.3 hash=89d245da3b1c6674
imagecheck village2.png magenta=0.00000 black=0.0000 white=0.0035 std=59.3 hash=89d245da3b1c6674
imagecheck village3.png magenta=0.00000 black=0.0000 white=0.0008 std=46.3 hash=0514e95267d2806c
imagecheck village3.png magenta=0.00000 black=0.0000 white=0.0008 std=46.3 hash=0514e95267d2806c
imagecheck village_street.png magenta=0.00000 black=0.0019 white=0.0018 std=39.8 hash=cf751078f7f88df4
imagecheck village_street.png magenta=0.00000 black=0.0019 white=0.0018 std=39.8 hash=cf751078f7f88df4
imagecheck temple.png magenta=0.00000 black=0.0011 white=0.0149 std=78.8 hash=55a15691714812ee
imagecheck temple.png magenta=0.00000 black=0.0011 white=0.0149 std=78.8 hash=55a15691714812ee
imagecheck temple2.png magenta=0.00000 black=0.0000 white=0.0008 std=45.8 hash=72a2e4eb5c535b16
imagecheck temple2.png magenta=0.00000 black=0.0000 white=0.0008 std=45.8 hash=72a2e4eb5c535b16
imagecheck desert_temple.png magenta=0.00000 black=0.0000 white=0.0023 std=52.7 hash=aadcce0e5a26ce77
imagecheck desert_temple.png magenta=0.00000 black=0.0000 white=0.0023 std=52.7 hash=aadcce0e5a26ce77
imagecheck desert_temple_inside.png magenta=0.00000 black=0.0011 white=0.0008 std=29.0 hash=d97c2555901f6762
imagecheck desert_temple_inside.png magenta=0.00000 black=0.0011 white=0.0008 std=29.0 hash=d97c2555901f6762
imagecheck jungle_temple.png magenta=0.00000 black=0.0000 white=0.0008 std=38.1 hash=264896310d450eca
imagecheck jungle_temple.png magenta=0.00000 black=0.0000 white=0.0008 std=38.1 hash=264896310d450eca
imagecheck outpost.png magenta=0.00000 black=0.0000 white=0.0025 std=56.7 hash=8f85a0b2349b5969
imagecheck outpost.png magenta=0.00000 black=0.0000 white=0.0025 std=56.7 hash=8f85a0b2349b5969
imagecheck outpost_close.png magenta=0.00000 black=0.0007 white=0.0008 std=58.7 hash=a8d6272fa009b942
imagecheck outpost_close.png magenta=0.00000 black=0.0007 white=0.0008 std=58.7 hash=a8d6272fa009b942
imagecheck snowslope.png magenta=0.00000 black=0.0000 white=0.0233 std=56.0 hash=41e9796719d26051
imagecheck snowslope.png magenta=0.00000 black=0.0000 white=0.0233 std=56.0 hash=41e9796719d26051
imagecheck ruined_portal.png magenta=0.00000 black=0.0019 white=0.0008 std=40.9 hash=b90ed692af4aa65c
imagecheck ruined_portal.png magenta=0.00000 black=0.0019 white=0.0008 std=40.9 hash=b90ed692af4aa65c
imagecheck shipwreck.png magenta=0.00000 black=0.0000 white=0.0009 std=52.9 hash=ed3d9a432018fb39
imagecheck shipwreck.png magenta=0.00000 black=0.0000 white=0.0009 std=52.9 hash=ed3d9a432018fb39
imagecheck desert_well.png magenta=0.00000 black=0.0000 white=0.0041 std=54.5 hash=3843336e68c8120b
imagecheck desert_well.png magenta=0.00000 black=0.0000 white=0.0041 std=54.5 hash=3843336e68c8120b
imagecheck ocean_ruin.png magenta=0.00000 black=0.0000 white=0.0010 std=50.5 hash=66105a34e0ab16f8
imagecheck ocean_ruin.png magenta=0.00000 black=0.0000 white=0.0010 std=50.5 hash=66105a34e0ab16f8
imagecheck trail_ruins.png magenta=0.00000 black=0.0003 white=0.0009 std=60.3 hash=7a43ba22f9403850
imagecheck trail_ruins.png magenta=0.00000 black=0.0003 white=0.0009 std=60.3 hash=7a43ba22f9403850
imagecheck mineshaft.png magenta=0.00000 black=0.0000 white=0.0010 std=26.9 hash=3dfb30535adf3d39
imagecheck mineshaft.png magenta=0.00000 black=0.0000 white=0.0010 std=26.9 hash=3dfb30535adf3d39
imagecheck stronghold.png magenta=0.00000 black=0.0000 white=0.0008 std=27.7 hash=8079ab82d26a6b3f
imagecheck stronghold.png magenta=0.00000 black=0.0000 white=0.0008 std=27.7 hash=8079ab82d26a6b3f
imagecheck end.png magenta=0.00000 black=0.1568 white=0.0013 std=27.7 hash=b86dcdc9ac7d9867
imagecheck end.png magenta=0.00000 black=0.1568 white=0.0013 std=27.7 hash=b86dcdc9ac7d9867
imagecheck end_top.png magenta=0.00000 black=0.1239 white=0.0008 std=32.8 hash=c0f398618d7fd417
imagecheck end_top.png magenta=0.00000 black=0.1239 white=0.0008 std=32.8 hash=c0f398618d7fd417
imagecheck end_outer.png magenta=0.00000 black=0.0031 white=0.0008 std=16.9 hash=ceb16c85df4ba15e
imagecheck end_outer.png magenta=0.00000 black=0.0031 white=0.0008 std=16.9 hash=ceb16c85df4ba15e
imagecheck end_city.png magenta=0.00000 black=0.0003 white=0.0061 std=41.4 hash=66406f2204fbf35f
imagecheck end_city.png magenta=0.00000 black=0.0003 white=0.0061 std=41.4 hash=66406f2204fbf35f
imagecheck portal.png magenta=0.00020 black=0.0073 white=0.0008 std=28.7 hash=80eddd9e0b8f3d97
imagecheck portal.png magenta=0.00020 black=0.0073 white=0.0008 std=28.7 hash=80eddd9e0b8f3d97
imagecheck redstone.png magenta=0.00000 black=0.0000 white=0.0018 std=50.3 hash=ce77643f47417e9b
imagecheck redstone.png magenta=0.00000 black=0.0000 white=0.0018 std=50.3 hash=ce77643f47417e9b
imagecheck brewing.png magenta=0.00000 black=0.0133 white=0.0103 std=51.6 hash=98cd378f218ba443
imagecheck brewing.png magenta=0.00000 black=0.0133 white=0.0103 std=51.6 hash=98cd378f218ba443
imagecheck enchant.png magenta=0.00000 black=0.0132 white=0.0084 std=47.4 hash=14887c012bcf3cf2
imagecheck enchant.png magenta=0.00000 black=0.0132 white=0.0084 std=47.4 hash=14887c012bcf3cf2
imagecheck anvil.png magenta=0.00000 black=0.0145 white=0.0095 std=49.8 hash=3db7761e3f3401bd
imagecheck anvil.png magenta=0.00000 black=0.0145 white=0.0095 std=49.8 hash=3db7761e3f3401bd
imagecheck effects.png magenta=0.00000 black=0.0003 white=0.0027 std=33.9 hash=c862a6076b14122a
imagecheck effects.png magenta=0.00000 black=0.0003 white=0.0027 std=33.9 hash=c862a6076b14122a
imagecheck magic_blocks.png magenta=0.00000 black=0.0000 white=0.0167 std=52.7 hash=0cdc7c99ce40f2b8
imagecheck magic_blocks.png magenta=0.00000 black=0.0000 white=0.0167 std=52.7 hash=0cdc7c99ce40f2b8
imagecheck trade.png magenta=0.00000 black=0.0140 white=0.0099 std=57.5 hash=682fc6fe9fb61afa
imagecheck trade.png magenta=0.00000 black=0.0140 white=0.0099 std=57.5 hash=682fc6fe9fb61afa
imagecheck villagers.png magenta=0.00000 black=0.0000 white=0.0008 std=56.4 hash=ccc4651d905f7b53
imagecheck villagers.png magenta=0.00000 black=0.0000 white=0.0008 std=56.4 hash=ccc4651d905f7b53
imagecheck mobs_g.png magenta=0.00000 black=0.0000 white=0.0011 std=46.5 hash=5321d46c22240db0
imagecheck mobs_g.png magenta=0.00000 black=0.0000 white=0.0011 std=46.5 hash=5321d46c22240db0
imagecheck villager_jobs.png magenta=0.00000 black=0.0000 white=0.0008 std=45.6 hash=1dc4582edca704af
imagecheck villager_jobs.png magenta=0.00000 black=0.0000 white=0.0008 std=45.6 hash=1dc4582edca704af
imagecheck hisser.png magenta=0.00000 black=0.0000 white=0.0008 std=43.5 hash=bdee14a57e4d6d0f
imagecheck hisser.png magenta=0.00000 black=0.0000 white=0.0008 std=43.5 hash=bdee14a57e4d6d0f
imagecheck heads.png magenta=0.00000 black=0.0003 white=0.0008 std=45.8 hash=67a6f6f7939a04e9
imagecheck heads.png magenta=0.00000 black=0.0003 white=0.0008 std=45.8 hash=67a6f6f7939a04e9
imagecheck beacon.png magenta=0.00000 black=0.3126 white=0.0073 std=40.8 hash=ff6cc2c304b4d4de
imagecheck beacon.png magenta=0.00000 black=0.3126 white=0.0073 std=40.8 hash=ff6cc2c304b4d4de
imagecheck rain.png magenta=0.00000 black=0.0000 white=0.0008 std=23.1 hash=eb7b56cebda74867
imagecheck rain.png magenta=0.00000 black=0.0000 white=0.0008 std=23.1 hash=eb7b56cebda74867
imagecheck thunder.png magenta=0.00000 black=0.0000 white=0.0193 std=55.6 hash=453d6367513b4c8c
imagecheck thunder.png magenta=0.00000 black=0.0000 white=0.0193 std=55.6 hash=453d6367513b4c8c
imagecheck snowfall.png magenta=0.00000 black=0.0008 white=0.0008 std=41.9 hash=827661f20695491b
imagecheck snowfall.png magenta=0.00000 black=0.0008 white=0.0008 std=41.9 hash=827661f20695491b
imagecheck animals1.png magenta=0.00000 black=0.0000 white=0.0008 std=45.0 hash=1c56b9b7ed71a066
imagecheck animals1.png magenta=0.00000 black=0.0000 white=0.0008 std=45.0 hash=1c56b9b7ed71a066
imagecheck animals2.png magenta=0.00000 black=0.0000 white=0.0008 std=45.0 hash=5bb99fe71e1275ec
imagecheck animals2.png magenta=0.00000 black=0.0000 white=0.0008 std=45.0 hash=5bb99fe71e1275ec
imagecheck animals3.png magenta=0.00000 black=0.0000 white=0.0008 std=43.1 hash=a9f7daaa3ccb623e
imagecheck animals3.png magenta=0.00000 black=0.0000 white=0.0008 std=43.1 hash=a9f7daaa3ccb623e
imagecheck aquatic.png magenta=0.00000 black=0.0000 white=0.0008 std=51.4 hash=2b9e40405e133404
imagecheck aquatic.png magenta=0.00000 black=0.0000 white=0.0008 std=51.4 hash=2b9e40405e133404
imagecheck boats.png magenta=0.00000 black=0.0000 white=0.0008 std=53.9 hash=b5be0d660ec2c700
imagecheck boats.png magenta=0.00000 black=0.0000 white=0.0008 std=53.9 hash=b5be0d660ec2c700
imagecheck armor.png magenta=0.00000 black=0.0000 white=0.0008 std=44.5 hash=f25a97ecc50a373c
imagecheck armor.png magenta=0.00000 black=0.0000 white=0.0008 std=44.5 hash=f25a97ecc50a373c
imagecheck banners.png magenta=0.00000 black=0.0000 white=0.0008 std=44.5 hash=b8d8c01338b2e106
imagecheck banners.png magenta=0.00000 black=0.0000 white=0.0008 std=44.5 hash=b8d8c01338b2e106
imagecheck loom.png magenta=0.00000 black=0.0126 white=0.0090 std=49.1 hash=aaee9c3c70d31b1a
imagecheck loom.png magenta=0.00000 black=0.0126 white=0.0090 std=49.1 hash=aaee9c3c70d31b1a
imagecheck book.png magenta=0.00000 black=0.0129 white=0.0040 std=65.7 hash=41d5bea1170eac18
imagecheck book.png magenta=0.00000 black=0.0129 white=0.0040 std=65.7 hash=41d5bea1170eac18
imagecheck advancements.png magenta=0.00000 black=0.0135 white=0.0083 std=51.7 hash=5b7ace4726b7af64
imagecheck advancements.png magenta=0.00000 black=0.0135 white=0.0083 std=51.7 hash=5b7ace4726b7af64
imagecheck credits.png magenta=0.00000 black=0.9814 white=0.0000 std=23.3 hash=685a14e5bf8a47f5
imagecheck credits.png magenta=0.00000 black=0.9814 white=0.0000 std=23.3 hash=685a14e5bf8a47f5
imagecheck pause.png magenta=0.00000 black=0.0137 white=0.0115 std=54.9 hash=3a124702372623f4
imagecheck pause.png magenta=0.00000 black=0.0137 white=0.0115 std=54.9 hash=3a124702372623f4
imagecheck options.png magenta=0.00000 black=0.0137 white=0.0141 std=57.1 hash=7b743b9490c2bc84
imagecheck options.png magenta=0.00000 black=0.0137 white=0.0141 std=57.1 hash=7b743b9490c2bc84
imagecheck death.png magenta=0.00000 black=0.0025 white=0.0037 std=43.0 hash=d17715a32cb4849f
imagecheck death.png magenta=0.00000 black=0.0025 white=0.0037 std=43.0 hash=d17715a32cb4849f
imagecheck title.png magenta=0.00000 black=0.0128 white=0.0065 std=50.2 hash=5916b37e965366ee
imagecheck title.png magenta=0.00000 black=0.0128 white=0.0065 std=50.2 hash=5916b37e965366ee
imagecheck create.png magenta=0.00000 black=0.0131 white=0.0091 std=50.7 hash=340e4a85a1da5808
imagecheck create.png magenta=0.00000 black=0.0131 white=0.0091 std=50.7 hash=340e4a85a1da5808
imagecheck recipes.png magenta=0.00000 black=0.0138 white=0.0151 std=72.8 hash=2082dfe5bf1031df
imagecheck recipes.png magenta=0.00000 black=0.0138 white=0.0151 std=72.8 hash=2082dfe5bf1031df
imagecheck commands.png magenta=0.00000 black=0.0152 white=0.0068 std=44.3 hash=94e614521478273e
imagecheck commands.png magenta=0.00000 black=0.0152 white=0.0068 std=44.3 hash=94e614521478273e
imagecheck boom_night.png magenta=0.00000 black=0.1590 white=0.0259 std=82.6 hash=702b159d4950e20a
imagecheck boom_night.png magenta=0.00000 black=0.1590 white=0.0259 std=82.6 hash=702b159d4950e20a
imagecheck fireworks.png magenta=0.00000 black=0.4710 white=0.0047 std=32.7 hash=a224c0b44cc6034c
imagecheck fireworks.png magenta=0.00000 black=0.4710 white=0.0047 std=32.7 hash=a224c0b44cc6034c
imagecheck monument.png magenta=0.00000 black=0.0000 white=0.0008 std=51.3 hash=67b447780ad8969a
imagecheck monument.png magenta=0.00000 black=0.0000 white=0.0008 std=51.3 hash=67b447780ad8969a
imagecheck mansion.png magenta=0.00000 black=0.0000 white=0.0008 std=56.0 hash=38c6448a271d9f0c
imagecheck mansion.png magenta=0.00000 black=0.0000 white=0.0008 std=56.0 hash=38c6448a271d9f0c
imagecheck mansion_inside.png magenta=0.00000 black=0.0013 white=0.0008 std=45.2 hash=90ad059c310ba872
imagecheck mansion_inside.png magenta=0.00000 black=0.0013 white=0.0008 std=45.2 hash=90ad059c310ba872
imagecheck ancient_city.png magenta=0.00000 black=0.0000 white=0.0012 std=33.0 hash=a57e853bc1319179
imagecheck ancient_city.png magenta=0.00000 black=0.0000 white=0.0012 std=33.0 hash=a57e853bc1319179
imagecheck trial_chambers.png magenta=0.00000 black=0.0001 white=0.0017 std=28.1 hash=0bf19fc528579c88
imagecheck trial_chambers.png magenta=0.00000 black=0.0001 white=0.0017 std=28.1 hash=0bf19fc528579c88
imagecheck copper.png magenta=0.00000 black=0.0000 white=0.0027 std=46.9 hash=4f4d5bef328dd889
imagecheck copper.png magenta=0.00000 black=0.0000 white=0.0027 std=46.9 hash=4f4d5bef328dd889
imagecheck decor.png magenta=0.00000 black=0.0000 white=0.0008 std=45.4 hash=cdb2192ca179c2c5
imagecheck decor.png magenta=0.00000 black=0.0000 white=0.0008 std=45.4 hash=cdb2192ca179c2c5
imagecheck chips.png magenta=0.00000 black=0.0002 white=0.0008 std=40.3 hash=91f203f4327baee3
imagecheck chips.png magenta=0.00000 black=0.0002 white=0.0008 std=40.3 hash=91f203f4327baee3
imagecheck map.png magenta=0.00000 black=0.0000 white=0.0008 std=48.8 hash=6d80789f44e3ae5c
imagecheck map.png magenta=0.00000 black=0.0000 white=0.0008 std=48.8 hash=6d80789f44e3ae5c
imagecheck third_back.png magenta=0.00000 black=0.0000 white=0.0007 std=43.1 hash=0b86dbc2935349e5
imagecheck third_back.png magenta=0.00000 black=0.0000 white=0.0007 std=43.1 hash=0b86dbc2935349e5
imagecheck third_swim.png magenta=0.00000 black=0.0000 white=0.0007 std=10.4 hash=ec7be373ff73496d
imagecheck third_swim.png magenta=0.00000 black=0.0000 white=0.0007 std=10.4 hash=ec7be373ff73496d
imagecheck third_front.png magenta=0.00000 black=0.0000 white=0.0007 std=34.7 hash=c4cd592f12718699
imagecheck third_front.png magenta=0.00000 black=0.0000 white=0.0007 std=34.7 hash=c4cd592f12718699
imagecheck mobs_new.png magenta=0.00000 black=0.0000 white=0.0008 std=39.1 hash=77462c5c143ea2f9
imagecheck mobs_new.png magenta=0.00000 black=0.0000 white=0.0008 std=39.1 hash=77462c5c143ea2f9
imagecheck soldiers.png magenta=0.00000 black=0.0007 white=0.0008 std=44.8 hash=fa9e200a770d3e9a
imagecheck soldiers.png magenta=0.00000 black=0.0007 white=0.0008 std=44.8 hash=fa9e200a770d3e9a
imagecheck soldier_ranks_front.png magenta=0.00000 black=0.0042 white=0.0041 std=53.8 hash=1f9f766ed57f35f3
imagecheck soldier_ranks_front.png magenta=0.00000 black=0.0042 white=0.0041 std=53.8 hash=1f9f766ed57f35f3
imagecheck soldier_ranks_side.png magenta=0.00000 black=0.0034 white=0.0041 std=53.5 hash=387fa44c324fafa0
imagecheck soldier_ranks_side.png magenta=0.00000 black=0.0034 white=0.0041 std=53.5 hash=387fa44c324fafa0
imagecheck soldier_ranks_back.png magenta=0.00000 black=0.0038 white=0.0041 std=55.5 hash=2a211eeab57a99b4
imagecheck soldier_ranks_back.png magenta=0.00000 black=0.0038 white=0.0041 std=55.5 hash=2a211eeab57a99b4
imagecheck soldier_ranks_night_front.png magenta=0.00000 black=0.0215 white=0.0375 std=74.0 hash=fc9e15ce96b551ac
imagecheck soldier_ranks_night_front.png magenta=0.00000 black=0.0215 white=0.0375 std=74.0 hash=fc9e15ce96b551ac
imagecheck soldier_ranks_night_side.png magenta=0.00000 black=0.0185 white=0.0376 std=72.9 hash=23c977d749f82b2f
imagecheck soldier_ranks_night_side.png magenta=0.00000 black=0.0185 white=0.0376 std=72.9 hash=23c977d749f82b2f
imagecheck soldier_ranks_night_back.png magenta=0.00000 black=0.0275 white=0.0375 std=74.7 hash=13412c77f0c4bafb
imagecheck soldier_ranks_night_back.png magenta=0.00000 black=0.0275 white=0.0375 std=74.7 hash=13412c77f0c4bafb
imagecheck soldier_ranks_aim.png magenta=0.00000 black=0.0046 white=0.0041 std=54.0 hash=d565f8f6f94eeb7a
imagecheck soldier_ranks_aim.png magenta=0.00000 black=0.0046 white=0.0041 std=54.0 hash=d565f8f6f94eeb7a
imagecheck soldier_actions.png magenta=0.00000 black=0.0002 white=0.0046 std=52.4 hash=51b4e7bf34f8fe9e
imagecheck soldier_actions.png magenta=0.00000 black=0.0002 white=0.0046 std=52.4 hash=51b4e7bf34f8fe9e
imagecheck soldier_actions_heavy.png magenta=0.00000 black=0.0042 white=0.0043 std=52.6 hash=359957861f03197e
imagecheck soldier_actions_heavy.png magenta=0.00000 black=0.0042 white=0.0043 std=52.6 hash=359957861f03197e
imagecheck soldier_stations.png magenta=0.00000 black=0.0005 white=0.0042 std=55.0 hash=daa20896d19e8d35
imagecheck soldier_stations.png magenta=0.00000 black=0.0005 white=0.0042 std=55.0 hash=daa20896d19e8d35
imagecheck soldier_closeup.png magenta=0.00000 black=0.0000 white=0.0008 std=43.7 hash=9734421b240f92b7
imagecheck soldier_closeup.png magenta=0.00000 black=0.0000 white=0.0008 std=43.7 hash=9734421b240f92b7
imagecheck soldier_squad.png magenta=0.00000 black=0.0001 white=0.0036 std=52.8 hash=6c896555f357b481
imagecheck soldier_squad.png magenta=0.00000 black=0.0001 white=0.0036 std=52.8 hash=6c896555f357b481
imagecheck soldier_squad_night.png magenta=0.00000 black=0.0331 white=0.0022 std=77.8 hash=a4407be40eb0ca1a
imagecheck soldier_squad_night.png magenta=0.00000 black=0.0331 white=0.0022 std=77.8 hash=a4407be40eb0ca1a
imagecheck captains.png magenta=0.00000 black=0.0001 white=0.0008 std=45.8 hash=896aaaed4361e031
imagecheck captains.png magenta=0.00000 black=0.0001 white=0.0008 std=45.8 hash=896aaaed4361e031
imagecheck firefight.png magenta=0.00000 black=0.0001 white=0.0049 std=40.9 hash=6edcc40eca45d2bc
imagecheck firefight.png magenta=0.00000 black=0.0001 white=0.0049 std=40.9 hash=6edcc40eca45d2bc
imagecheck deck_gun.png magenta=0.00000 black=0.0000 white=0.0008 std=24.5 hash=93e0e623f2736cf2
imagecheck deck_gun.png magenta=0.00000 black=0.0000 white=0.0008 std=24.5 hash=93e0e623f2736cf2
imagecheck spear_hold.png magenta=0.00000 black=0.0037 white=0.0007 std=43.3 hash=7baeee6204149833
imagecheck spear_hold.png magenta=0.00000 black=0.0037 white=0.0007 std=43.3 hash=7baeee6204149833
imagecheck gun_hip.png magenta=0.00000 black=0.0000 white=0.0013 std=43.0 hash=276ace3f4c9b4d89
imagecheck gun_hip.png magenta=0.00000 black=0.0000 white=0.0013 std=43.0 hash=276ace3f4c9b4d89
imagecheck gun_aim.png magenta=0.00000 black=0.0000 white=0.0011 std=42.7 hash=a23a8e7ea1e1173f
imagecheck gun_aim.png magenta=0.00000 black=0.0000 white=0.0011 std=42.7 hash=a23a8e7ea1e1173f
imagecheck gun_scope.png magenta=0.00000 black=0.2259 white=0.0004 std=63.7 hash=4042de850657e801
imagecheck gun_scope.png magenta=0.00000 black=0.2259 white=0.0004 std=63.7 hash=4042de850657e801
imagecheck steelhold.png magenta=0.00000 black=0.0000 white=0.0520 std=51.0 hash=0a5d58861a4c8d7c
imagecheck steelhold.png magenta=0.00000 black=0.0000 white=0.0520 std=51.0 hash=0a5d58861a4c8d7c
imagecheck steelhold_gate.png magenta=0.00000 black=0.0000 white=0.0042 std=51.3 hash=4b64045aa407f5f5
imagecheck steelhold_gate.png magenta=0.00000 black=0.0000 white=0.0042 std=51.3 hash=4b64045aa407f5f5
imagecheck steelhold_armory.png magenta=0.00000 black=0.0006 white=0.0210 std=65.3 hash=818525b983be7f1c
imagecheck steelhold_armory.png magenta=0.00000 black=0.0006 white=0.0210 std=65.3 hash=818525b983be7f1c
imagecheck steelhold_armory_swords.png magenta=0.00000 black=0.0001 white=0.0210 std=65.0 hash=787639832ff9ba18
imagecheck steelhold_armory_swords.png magenta=0.00000 black=0.0001 white=0.0210 std=65.0 hash=787639832ff9ba18
imagecheck steelhold_armory_fast.png magenta=0.00000 black=0.0001 white=0.0008 std=28.1 hash=fcae12f30f4249a4
imagecheck steelhold_armory_fast.png magenta=0.00000 black=0.0001 white=0.0008 std=28.1 hash=fcae12f30f4249a4
imagecheck steelhold_armory_close.png magenta=0.00000 black=0.0000 white=0.0186 std=60.1 hash=906f1f99d523446f
imagecheck steelhold_armory_close.png magenta=0.00000 black=0.0000 white=0.0186 std=60.1 hash=906f1f99d523446f
imagecheck steelhold_fight.png magenta=0.00000 black=0.0001 white=0.0156 std=47.8 hash=52dd884bf7b6dce5
imagecheck steelhold_fight.png magenta=0.00000 black=0.0001 white=0.0156 std=47.8 hash=52dd884bf7b6dce5
imagecheck steelhold_command.png magenta=0.00000 black=0.0001 white=0.0104 std=57.2 hash=3a33a3fa0ff6b14f
imagecheck steelhold_command.png magenta=0.00000 black=0.0001 white=0.0104 std=57.2 hash=3a33a3fa0ff6b14f
imagecheck mobtests.png magenta=0.00000 black=0.0000 white=0.0001 std=36.6 hash=4c12f707174cda22
imagecheck mobtests.png magenta=0.00000 black=0.0000 white=0.0001 std=36.6 hash=4c12f707174cda22
imagecheck pathtest.png magenta=0.00000 black=0.0000 white=0.0029 std=22.4 hash=72831557130575fd
imagecheck pathtest.png magenta=0.00000 black=0.0000 white=0.0029 std=22.4 hash=72831557130575fd
imagecheck ashen_grove.png magenta=0.00000 black=0.0005 white=0.0008 std=54.5 hash=68c23fe4ffe09956
imagecheck ashen_grove.png magenta=0.00000 black=0.0005 white=0.0008 std=54.5 hash=68c23fe4ffe09956
imagecheck ashen_inside.png magenta=0.00000 black=0.0120 white=0.0009 std=44.4 hash=889b2a0468ba96d8
imagecheck ashen_inside.png magenta=0.00000 black=0.0120 white=0.0009 std=44.4 hash=889b2a0468ba96d8
imagecheck ashen_night.png magenta=0.00000 black=0.4376 white=0.0008 std=24.5 hash=cf79d736a3d7e0a3
imagecheck ashen_night.png magenta=0.00000 black=0.4376 white=0.0008 std=24.5 hash=cf79d736a3d7e0a3
imagecheck lush_caves.png magenta=0.00000 black=0.0137 white=0.0008 std=38.8 hash=2951137b6c77a1b6
imagecheck lush_caves.png magenta=0.00000 black=0.0137 white=0.0008 std=38.8 hash=2951137b6c77a1b6
imagecheck dripstone_caves.png magenta=0.00000 black=0.0000 white=0.0008 std=26.2 hash=5a3849c9b1c290d6
imagecheck dripstone_caves.png magenta=0.00000 black=0.0000 white=0.0008 std=26.2 hash=5a3849c9b1c290d6
imagecheck mineshaft_torches.png magenta=0.00000 black=0.0045 white=0.0024 std=27.7 hash=177237699cd3e38b
imagecheck mineshaft_torches.png magenta=0.00000 black=0.0045 white=0.0024 std=27.7 hash=177237699cd3e38b
imagecheck deep_dark.png magenta=0.00000 black=0.0102 white=0.0010 std=31.5 hash=69bb6b7c24281185
imagecheck deep_dark.png magenta=0.00000 black=0.0102 white=0.0010 std=31.5 hash=69bb6b7c24281185
imagecheck dark_forest.png magenta=0.00000 black=0.0020 white=0.0008 std=39.6 hash=043482e5ce942ea1
imagecheck dark_forest.png magenta=0.00000 black=0.0020 white=0.0008 std=39.6 hash=043482e5ce942ea1
imagecheck seabed_warm.png magenta=0.00000 black=0.0000 white=0.0008 std=24.2 hash=af046d43c33f1b2c
imagecheck seabed_warm.png magenta=0.00000 black=0.0000 white=0.0008 std=24.2 hash=af046d43c33f1b2c
imagecheck seabed_deep.png magenta=0.00000 black=0.0000 white=0.0008 std=13.2 hash=81fa56cb498825dc
imagecheck seabed_deep.png magenta=0.00000 black=0.0000 white=0.0008 std=13.2 hash=81fa56cb498825dc
imagecheck seabed_deep_far.png magenta=0.00000 black=0.0000 white=0.0008 std=11.6 hash=955e1f37316d834d
imagecheck seabed_deep_far.png magenta=0.00000 black=0.0000 white=0.0008 std=11.6 hash=955e1f37316d834d
imagecheck cave_torches.png magenta=0.00000 black=0.0000 white=0.0049 std=28.4 hash=e87a6837630f5afe
imagecheck cave_torches.png magenta=0.00000 black=0.0000 white=0.0049 std=28.4 hash=e87a6837630f5afe
imagecheck in_lava.png magenta=0.00000 black=0.0000 white=0.0008 std=20.7 hash=2f6c8bae8c0a26be
imagecheck in_lava.png magenta=0.00000 black=0.0000 white=0.0008 std=20.7 hash=2f6c8bae8c0a26be
imagecheck spawn_portal_check.png magenta=0.00000 black=0.0000 white=0.0156 std=43.6 hash=fb83e2d55d5cf819
imagecheck spawn_portal_check.png magenta=0.00000 black=0.0000 white=0.0156 std=43.6 hash=fb83e2d55d5cf819
imagecheck gallery_stone.png magenta=0.00000 black=0.0000 white=0.0008 std=42.9 hash=cc857e35a1c85d40
imagecheck gallery_stone.png magenta=0.00000 black=0.0000 white=0.0008 std=42.9 hash=cc857e35a1c85d40
imagecheck gallery_wood.png magenta=0.00000 black=0.0000 white=0.0008 std=44.3 hash=e21fed4423a90176
imagecheck gallery_wood.png magenta=0.00000 black=0.0000 white=0.0008 std=44.3 hash=e21fed4423a90176
imagecheck gallery_ores.png magenta=0.00000 black=0.0000 white=0.0008 std=41.3 hash=97505e9c152829c8
imagecheck gallery_ores.png magenta=0.00000 black=0.0000 white=0.0008 std=41.3 hash=97505e9c152829c8
imagecheck gallery_earth.png magenta=0.00000 black=0.0000 white=0.0013 std=43.6 hash=35e41acd34b2ba78
imagecheck gallery_earth.png magenta=0.00000 black=0.0000 white=0.0013 std=43.6 hash=35e41acd34b2ba78
imagecheck gallery_color.png magenta=0.00000 black=0.0000 white=0.0008 std=40.9 hash=24c440896cb5acf3
imagecheck gallery_color.png magenta=0.00000 black=0.0000 white=0.0008 std=40.9 hash=24c440896cb5acf3
imagecheck gallery_build.png magenta=0.00000 black=0.0000 white=0.0016 std=41.9 hash=1ee6d9cd48c5ed9d
imagecheck gallery_build.png magenta=0.00000 black=0.0000 white=0.0016 std=41.9 hash=1ee6d9cd48c5ed9d
imagecheck gallery_build_night.png magenta=0.00000 black=0.3480 white=0.0034 std=46.7 hash=25b92ab377d2d170
imagecheck gallery_build_night.png magenta=0.00000 black=0.3480 white=0.0034 std=46.7 hash=25b92ab377d2d170
imagecheck gallery_ember.png magenta=0.00000 black=0.0000 white=0.0016 std=46.1 hash=b82e5ac1d9cc0abb
imagecheck gallery_ember.png magenta=0.00000 black=0.0000 white=0.0016 std=46.1 hash=b82e5ac1d9cc0abb
imagecheck gallery_plants.png magenta=0.00000 black=0.0000 white=0.0008 std=40.8 hash=6bcbf3bdad8581e7
imagecheck gallery_plants.png magenta=0.00000 black=0.0000 white=0.0008 std=40.8 hash=6bcbf3bdad8581e7
imagecheck gallery_copper.png magenta=0.00000 black=0.0000 white=0.0023 std=41.0 hash=782762de0299f16e
imagecheck gallery_copper.png magenta=0.00000 black=0.0000 white=0.0023 std=41.0 hash=782762de0299f16e
imagecheck gallery_copper_night.png magenta=0.00000 black=0.3484 white=0.0059 std=48.2 hash=6ab19b01a85f8639
imagecheck gallery_copper_night.png magenta=0.00000 black=0.3484 white=0.0059 std=48.2 hash=6ab19b01a85f8639
imagecheck farm_variants.png magenta=0.00000 black=0.0001 white=0.0008 std=45.1 hash=4036ac07f5f6d418
imagecheck farm_variants.png magenta=0.00000 black=0.0001 white=0.0008 std=45.1 hash=4036ac07f5f6d418
imagecheck copper_golems.png magenta=0.00000 black=0.0000 white=0.0008 std=44.0 hash=48b8939665181081
imagecheck copper_golems.png magenta=0.00000 black=0.0000 white=0.0008 std=44.0 hash=48b8939665181081
imagecheck gallery_hollow.png magenta=0.00000 black=0.0000 white=0.0092 std=46.0 hash=99796263bc464508
imagecheck gallery_hollow.png magenta=0.00000 black=0.0000 white=0.0092 std=46.0 hash=99796263bc464508
imagecheck leak_12345.png magenta=0.00000 black=0.0000 white=0.0008 std=54.0 hash=489fbe682845db5a
imagecheck leak_12345.png magenta=0.00000 black=0.0000 white=0.0008 std=54.0 hash=489fbe682845db5a
imagecheck agent_door_777.png magenta=0.00000 black=0.0000 white=0.0008 std=54.2 hash=11b19720764ac356
imagecheck agent_door_777.png magenta=0.00000 black=0.0000 white=0.0008 std=54.2 hash=11b19720764ac356
imagecheck selftest.png magenta=0.00000 black=0.0003 white=0.0029 std=39.1 hash=40ded84637c6663e
imagecheck selftest.png magenta=0.00000 black=0.0003 white=0.0029 std=39.1 hash=40ded84637c6663e
imagecheck flicker_village.png magenta=0.00000 black=0.0000 white=0.0008 std=54.1 hash=61c29076313ea951 flicker=0.00040
imagecheck flicker_village.png magenta=0.00000 black=0.0000 white=0.0008 std=54.1 hash=61c29076313ea951 flicker=0.00040
imagecheck flicker_forest.png magenta=0.00000 black=0.0000 white=0.0008 std=50.9 hash=1de47a58863ff706 flicker=0.00010
imagecheck flicker_forest.png magenta=0.00000 black=0.0000 white=0.0008 std=50.9 hash=1de47a58863ff706 flicker=0.00010
imagecheck flicker_build.png magenta=0.00000 black=0.0000 white=0.0015 std=41.7 hash=f815321fcb21f643 flicker=0.00067
imagecheck flicker_build.png magenta=0.00000 black=0.0000 white=0.0015 std=41.7 hash=f815321fcb21f643 flicker=0.00067
imagecheck smoke_rd8.png magenta=0.00000 black=0.0000 white=0.1374 std=43.2 hash=e59493035450373e
imagecheck smoke_rd16.png magenta=0.00000 black=0.0000 white=0.1374 std=55.2 hash=274a6ed640d8b182
imagecheck smoke_rd24.png magenta=0.00000 black=0.0000 white=0.1374 std=55.5 hash=f49570833b6852c2
imagecheck smoke_rd24.png magenta=0.00000 black=0.0000 white=0.0010 std=44.6 hash=bc42ee0ed1ada90f
imagecheck smoke_rd8.png magenta=0.00000 black=0.0057 white=0.0780 std=86.8 hash=28aebd98679288e1
imagecheck tour_777_aerial_fast.png magenta=0.00000 black=0.0000 white=0.0008 std=41.4 hash=d117de29d6909a00
imagecheck tour_777_aerial_fast.png magenta=0.00000 black=0.0000 white=0.0008 std=41.4 hash=d117de29d6909a00
imagecheck tour_777_aerial_nocull.png magenta=0.00000 black=0.0000 white=0.0009 std=46.9 hash=3c903798507ac1ac
imagecheck tour_777_aerial_nocull.png magenta=0.00000 black=0.0000 white=0.0009 std=46.9 hash=3c903798507ac1ac
imagecheck tour_12345_aerial.png magenta=0.00000 black=0.0000 white=0.0153 std=36.7 hash=ee15b7ed7552bdc7
imagecheck tour_12345_aerial.png magenta=0.00000 black=0.0000 white=0.0153 std=36.7 hash=ee15b7ed7552bdc7
imagecheck tour_12345_low.png magenta=0.00000 black=0.0000 white=0.0008 std=53.5 hash=ae71669b52f81827
imagecheck tour_12345_low.png magenta=0.00000 black=0.0000 white=0.0008 std=53.5 hash=ae71669b52f81827
imagecheck tour_777_aerial.png magenta=0.00000 black=0.0000 white=0.0009 std=47.0 hash=9c72739d9e4e824b
imagecheck tour_777_aerial.png magenta=0.00000 black=0.0000 white=0.0009 std=47.0 hash=9c72739d9e4e824b
imagecheck tour_777_low.png magenta=0.00000 black=0.0000 white=0.0008 std=48.3 hash=fae4a04d6d0c2e05
imagecheck tour_777_low.png magenta=0.00000 black=0.0000 white=0.0008 std=48.3 hash=fae4a04d6d0c2e05
imagecheck tour_424242_aerial.png magenta=0.00000 black=0.0000 white=0.0008 std=49.5 hash=277e2b694e48d2b1
imagecheck tour_424242_aerial.png magenta=0.00000 black=0.0000 white=0.0008 std=49.5 hash=277e2b694e48d2b1
imagecheck tour_424242_low.png magenta=0.00000 black=0.0000 white=0.0025 std=56.3 hash=7a3ffadf173708f0
imagecheck tour_424242_low.png magenta=0.00000 black=0.0000 white=0.0025 std=56.3 hash=7a3ffadf173708f0
imagecheck tour_1_aerial.png magenta=0.00000 black=0.0000 white=0.0008 std=45.7 hash=aac7a95afa1bd92d
imagecheck tour_1_aerial.png magenta=0.00000 black=0.0000 white=0.0008 std=45.7 hash=aac7a95afa1bd92d
imagecheck tour_1_low.png magenta=0.00000 black=0.0000 white=0.0059 std=60.2 hash=46584b991977e9a9
imagecheck tour_1_low.png magenta=0.00000 black=0.0000 white=0.0059 std=60.2 hash=46584b991977e9a9
imagecheck tour_98765_aerial.png magenta=0.00000 black=0.0000 white=0.0011 std=55.6 hash=de0432593247af96
imagecheck tour_98765_aerial.png magenta=0.00000 black=0.0000 white=0.0011 std=55.6 hash=de0432593247af96
imagecheck tour_98765_low.png magenta=0.00000 black=0.0000 white=0.0008 std=51.4 hash=19dc1f7a828ae901
imagecheck tour_98765_low.png magenta=0.00000 black=0.0000 white=0.0008 std=51.4 hash=19dc1f7a828ae901
imagecheck tour_peaks.png magenta=0.00000 black=0.0000 white=0.0021 std=42.8 hash=c465fd06e5869f05
imagecheck tour_peaks.png magenta=0.00000 black=0.0000 white=0.0021 std=42.8 hash=c465fd06e5869f05
imagecheck tour_forest_floor.png magenta=0.00000 black=0.0226 white=0.0008 std=17.5 hash=e32b0016bd804285
imagecheck tour_forest_floor.png magenta=0.00000 black=0.0226 white=0.0008 std=17.5 hash=e32b0016bd804285
imagecheck tour_desert.png magenta=0.00000 black=0.0000 white=0.0008 std=54.0 hash=0b971e5cc283e7c5
imagecheck tour_desert.png magenta=0.00000 black=0.0000 white=0.0008 std=54.0 hash=0b971e5cc283e7c5
imagecheck cactus_mid.png magenta=0.00000 black=0.0000 white=0.0008 std=52.6 hash=32c9a83981c0e2ca
imagecheck cactus_mid.png magenta=0.00000 black=0.0000 white=0.0008 std=52.6 hash=32c9a83981c0e2ca
imagecheck cactus_mid_fast.png magenta=0.00000 black=0.0000 white=0.0008 std=43.8 hash=6844841865b0479e
imagecheck cactus_mid_fast.png magenta=0.00000 black=0.0000 white=0.0008 std=43.8 hash=6844841865b0479e
imagecheck cactus_far.png magenta=0.00000 black=0.0000 white=0.0008 std=46.7 hash=4a3e05cc703dc772
imagecheck cactus_far.png magenta=0.00000 black=0.0000 white=0.0008 std=46.7 hash=4a3e05cc703dc772
imagecheck cactus_far_nolod.png magenta=0.00000 black=0.0000 white=0.0008 std=46.6 hash=d3788081de89bfed
imagecheck cactus_far_nolod.png magenta=0.00000 black=0.0000 white=0.0008 std=46.6 hash=d3788081de89bfed
imagecheck tour_jungle.png magenta=0.00000 black=0.0000 white=0.0008 std=49.6 hash=ccdc756ca1fe23ae
imagecheck tour_jungle.png magenta=0.00000 black=0.0000 white=0.0008 std=49.6 hash=ccdc756ca1fe23ae
imagecheck tour_river.png magenta=0.00000 black=0.0000 white=0.0008 std=42.1 hash=b22a54e17dc14fce
imagecheck tour_river.png magenta=0.00000 black=0.0000 white=0.0008 std=42.1 hash=b22a54e17dc14fce
imagecheck tour_river_777.png magenta=0.00000 black=0.0000 white=0.0008 std=44.3 hash=b26afc78c0307848
imagecheck tour_river_777.png magenta=0.00000 black=0.0000 white=0.0008 std=44.3 hash=b26afc78c0307848
imagecheck tour_lake.png magenta=0.00000 black=0.0000 white=0.0008 std=41.7 hash=757bf6b7291cf116
imagecheck tour_lake.png magenta=0.00000 black=0.0000 white=0.0008 std=41.7 hash=757bf6b7291cf116
imagecheck tour_lake_424242.png magenta=0.00000 black=0.0000 white=0.0008 std=47.1 hash=e54a3b65a9e0c8e8
imagecheck tour_lake_424242.png magenta=0.00000 black=0.0000 white=0.0008 std=47.1 hash=e54a3b65a9e0c8e8
imagecheck tour_delta.png magenta=0.00000 black=0.0000 white=0.0008 std=45.3 hash=95941a068026eff5
imagecheck tour_delta.png magenta=0.00000 black=0.0000 white=0.0008 std=45.3 hash=95941a068026eff5
imagecheck tour_delta_777.png magenta=0.00000 black=0.0000 white=0.0012 std=60.7 hash=ca781a9c17f26246
imagecheck tour_delta_777.png magenta=0.00000 black=0.0000 white=0.0012 std=60.7 hash=ca781a9c17f26246
imagecheck tour_mesa.png magenta=0.00000 black=0.0000 white=0.0008 std=57.5 hash=6eba9ffb4acac968
imagecheck tour_mesa.png magenta=0.00000 black=0.0000 white=0.0008 std=57.5 hash=6eba9ffb4acac968
imagecheck tour_coast.png magenta=0.00000 black=0.0000 white=0.0008 std=47.6 hash=55e009957c59e718
imagecheck tour_coast.png magenta=0.00000 black=0.0000 white=0.0008 std=47.6 hash=55e009957c59e718
imagecheck tour_snowline.png magenta=0.00000 black=0.0000 white=0.0742 std=56.6 hash=5ef3323af2676769
imagecheck tour_snowline.png magenta=0.00000 black=0.0000 white=0.0742 std=56.6 hash=5ef3323af2676769
imagecheck spawn.png magenta=0.00000 black=0.0053 white=0.0008 std=39.4 hash=e5e8dd256c57e939
imagecheck spawn.png magenta=0.00000 black=0.0053 white=0.0008 std=39.4 hash=e5e8dd256c57e939
imagecheck ship_boat.png magenta=0.00000 black=0.0000 white=0.0023 std=53.6 hash=cb8a16ed33be4c7f
imagecheck ship_boat.png magenta=0.00000 black=0.0000 white=0.0023 std=53.6 hash=cb8a16ed33be4c7f
imagecheck ship_deck.png magenta=0.00000 black=0.0000 white=0.0025 std=51.1 hash=3172c02fd52989cd
imagecheck ship_deck.png magenta=0.00000 black=0.0000 white=0.0025 std=51.1 hash=3172c02fd52989cd
imagecheck ship_airship.png magenta=0.00000 black=0.0000 white=0.0023 std=47.3 hash=9104f08ed1cf3aaf
imagecheck ship_airship.png magenta=0.00000 black=0.0000 white=0.0023 std=47.3 hash=9104f08ed1cf3aaf
imagecheck ship_car.png magenta=0.00000 black=0.0000 white=0.0019 std=41.2 hash=f184bf29b8fbdb3b
imagecheck ship_car.png magenta=0.00000 black=0.0000 white=0.0019 std=41.2 hash=f184bf29b8fbdb3b
imagecheck ship_plane.png magenta=0.00000 black=0.0000 white=0.0024 std=51.1 hash=92c6ca055e4a2bb5
imagecheck ship_plane.png magenta=0.00000 black=0.0000 white=0.0024 std=51.1 hash=92c6ca055e4a2bb5
imagecheck ship_gunboat.png magenta=0.00000 black=0.0000 white=0.0022 std=54.6 hash=6a22c57ff4f33f63
imagecheck ship_gunboat.png magenta=0.00000 black=0.0000 white=0.0022 std=54.6 hash=6a22c57ff4f33f63
imagecheck ship_frigate.png magenta=0.00000 black=0.0000 white=0.0194 std=35.2 hash=fb6a3470bc4002f9
imagecheck ship_frigate.png magenta=0.00000 black=0.0000 white=0.0194 std=35.2 hash=fb6a3470bc4002f9
imagecheck ship_frigate_bow.png magenta=0.00000 black=0.0000 white=0.0119 std=37.8 hash=ada4f765e128a086
imagecheck ship_frigate_bow.png magenta=0.00000 black=0.0000 white=0.0119 std=37.8 hash=ada4f765e128a086
imagecheck ship_frigate_side.png magenta=0.00000 black=0.0000 white=0.0059 std=35.4 hash=cd20d4196bcfacd9
imagecheck ship_frigate_side.png magenta=0.00000 black=0.0000 white=0.0059 std=35.4 hash=cd20d4196bcfacd9
imagecheck ship_frigate_top.png magenta=0.00000 black=0.0000 white=0.0237 std=35.0 hash=4992a05b13718a68
imagecheck ship_frigate_top.png magenta=0.00000 black=0.0000 white=0.0237 std=35.0 hash=4992a05b13718a68
imagecheck ship_frigate_deck.png magenta=0.00000 black=0.0000 white=0.0130 std=40.7 hash=0d8772acef896271
imagecheck ship_frigate_deck.png magenta=0.00000 black=0.0000 white=0.0130 std=40.7 hash=0d8772acef896271
imagecheck ship_carriage.png magenta=0.00000 black=0.0000 white=0.0019 std=38.1 hash=0494f4ee173b2ae0
imagecheck ship_carriage.png magenta=0.00000 black=0.0000 white=0.0019 std=38.1 hash=0494f4ee173b2ae0
imagecheck ship_battle.png magenta=0.00000 black=0.0000 white=0.0605 std=60.3 hash=7a99e36473ca5e32
imagecheck ship_battle.png magenta=0.00000 black=0.0000 white=0.0605 std=60.3 hash=7a99e36473ca5e32
imagecheck physicstest.png magenta=0.00000 black=0.0000 white=0.0022 std=38.9 hash=ff8a44eac3da588b
imagecheck physicstest.png magenta=0.00000 black=0.0000 white=0.0022 std=38.9 hash=ff8a44eac3da588b
imagecheck ship_warfrigate.png magenta=0.00000 black=0.0000 white=0.0054 std=50.4 hash=d1b6a00bf2160d09
imagecheck ship_warfrigate.png magenta=0.00000 black=0.0000 white=0.0054 std=50.4 hash=d1b6a00bf2160d09
imagecheck ship_crawler.png magenta=0.00000 black=0.0000 white=0.0101 std=58.2 hash=d1e25da278a43e2c
imagecheck ship_crawler.png magenta=0.00000 black=0.0000 white=0.0101 std=58.2 hash=d1e25da278a43e2c
imagecheck ship_capitalbattle.png magenta=0.00000 black=0.0000 white=0.0059 std=49.8 hash=73f26ed910b38646
imagecheck ship_capitalbattle.png magenta=0.00000 black=0.0000 white=0.0059 std=49.8 hash=73f26ed910b38646
imagecheck capitaltest.png magenta=0.00000 black=0.0000 white=0.0079 std=60.6 hash=8934b5131312177d
imagecheck capitaltest.png magenta=0.00000 black=0.0000 white=0.0079 std=60.6 hash=8934b5131312177d
imagecheck coop.png magenta=0.00000 black=0.0025 white=0.0221 std=47.7 hash=1deebc070495f06b
imagecheck coop.png magenta=0.00000 black=0.0025 white=0.0221 std=47.7 hash=1deebc070495f06b
imagecheck tv_coop.png magenta=0.00000 black=0.0278 white=0.0013 std=20.4 hash=088ffcdd5045c33d
imagecheck tv_coop.png magenta=0.00000 black=0.0278 white=0.0013 std=20.4 hash=088ffcdd5045c33d
imagecheck tv_coop_side.png magenta=0.00000 black=0.0209 white=0.0013 std=19.2 hash=1c0d738be18a9e3c
imagecheck tv_coop_side.png magenta=0.00000 black=0.0209 white=0.0013 std=19.2 hash=1c0d738be18a9e3c
imagecheck aerial.png magenta=0.00000 black=0.0000 white=0.0023 std=53.7 hash=a8a86aa07c0020a2
imagecheck aerial.png magenta=0.00000 black=0.0000 white=0.0023 std=53.7 hash=a8a86aa07c0020a2
imagecheck aerial16.png magenta=0.00000 black=0.0000 white=0.0008 std=47.3 hash=656bf3410b374a28
imagecheck aerial16.png magenta=0.00000 black=0.0000 white=0.0008 std=47.3 hash=656bf3410b374a28
imagecheck aerial16_fast.png magenta=0.00000 black=0.0000 white=0.0008 std=38.0 hash=24ef22bdcb2ea347
imagecheck aerial16_fast.png magenta=0.00000 black=0.0000 white=0.0008 std=38.0 hash=24ef22bdcb2ea347
imagecheck ground16.png magenta=0.00000 black=0.0000 white=0.0013 std=58.1 hash=43f471edad06b468
imagecheck ground16.png magenta=0.00000 black=0.0000 white=0.0013 std=58.1 hash=43f471edad06b468
imagecheck ground16_fast.png magenta=0.00000 black=0.0000 white=0.0013 std=57.4 hash=25cbb84b6cbbb60f
imagecheck ground16_fast.png magenta=0.00000 black=0.0000 white=0.0013 std=57.4 hash=25cbb84b6cbbb60f
imagecheck aerial16_777.png magenta=0.00000 black=0.0000 white=0.0008 std=46.0 hash=5253438c4c598408
imagecheck aerial16_777.png magenta=0.00000 black=0.0000 white=0.0008 std=46.0 hash=5253438c4c598408
imagecheck ocean_night_777.png magenta=0.00000 black=0.5717 white=0.0008 std=18.9 hash=9827512d2dc2ac84
imagecheck ocean_night_777.png magenta=0.00000 black=0.5717 white=0.0008 std=18.9 hash=9827512d2dc2ac84
imagecheck ocean_night_777_fast.png magenta=0.00000 black=0.6190 white=0.0008 std=12.4 hash=029c834b6db42098
imagecheck ocean_night_777_fast.png magenta=0.00000 black=0.6190 white=0.0008 std=12.4 hash=029c834b6db42098
imagecheck aerial16_424242.png magenta=0.00000 black=0.0000 white=0.0016 std=40.7 hash=a73a32f929e89c49
imagecheck aerial16_424242.png magenta=0.00000 black=0.0000 white=0.0016 std=40.7 hash=a73a32f929e89c49
imagecheck aerial24.png magenta=0.00000 black=0.0000 white=0.0076 std=46.3 hash=4071e5de46801966
imagecheck aerial24.png magenta=0.00000 black=0.0000 white=0.0076 std=46.3 hash=4071e5de46801966
imagecheck sunset.png magenta=0.00000 black=0.0000 white=0.0008 std=47.8 hash=9e7b52e5d6244d47
imagecheck sunset.png magenta=0.00000 black=0.0000 white=0.0008 std=47.8 hash=9e7b52e5d6244d47
imagecheck sunset_fast.png magenta=0.00000 black=0.0000 white=0.0008 std=44.3 hash=ce43ad10357d8271
imagecheck sunset_fast.png magenta=0.00000 black=0.0000 white=0.0008 std=44.3 hash=ce43ad10357d8271
imagecheck sunset_sun.png magenta=0.00000 black=0.0001 white=0.0107 std=71.9 hash=44f1b173ce838304
imagecheck sunset_sun.png magenta=0.00000 black=0.0001 white=0.0107 std=71.9 hash=44f1b173ce838304
imagecheck night.png magenta=0.00000 black=0.1886 white=0.0008 std=15.5 hash=029bc571155d9421
imagecheck night.png magenta=0.00000 black=0.1886 white=0.0008 std=15.5 hash=029bc571155d9421
imagecheck lake.png magenta=0.00000 black=0.0000 white=0.0008 std=48.7 hash=cb0bc333e4b0d032
imagecheck lake.png magenta=0.00000 black=0.0000 white=0.0008 std=48.7 hash=cb0bc333e4b0d032
imagecheck lake_glint.png magenta=0.00000 black=0.0000 white=0.0367 std=60.8 hash=6cf3bd91e28d3c83
imagecheck lake_glint.png magenta=0.00000 black=0.0000 white=0.0367 std=60.8 hash=6cf3bd91e28d3c83
imagecheck shore.png magenta=0.00000 black=0.0000 white=0.0008 std=45.2 hash=47fbe9d7d679fb20
imagecheck shore.png magenta=0.00000 black=0.0000 white=0.0008 std=45.2 hash=47fbe9d7d679fb20
imagecheck underwater_up.png magenta=0.00000 black=0.0000 white=0.0008 std=21.6 hash=71dcd6fd969d5044
imagecheck underwater_up.png magenta=0.00000 black=0.0000 white=0.0008 std=21.6 hash=71dcd6fd969d5044
imagecheck underwater.png magenta=0.00000 black=0.0000 white=0.0008 std=11.0 hash=d6efe39037f4a77c
imagecheck underwater.png magenta=0.00000 black=0.0000 white=0.0008 std=11.0 hash=d6efe39037f4a77c
imagecheck down.png magenta=0.00000 black=0.0000 white=0.0008 std=53.0 hash=461f484e8ab18a57
imagecheck down.png magenta=0.00000 black=0.0000 white=0.0008 std=53.0 hash=461f484e8ab18a57
imagecheck forest.png magenta=0.00000 black=0.0000 white=0.0008 std=50.9 hash=1de47a58863ff706
imagecheck forest.png magenta=0.00000 black=0.0000 white=0.0008 std=50.9 hash=1de47a58863ff706
imagecheck forest_fast.png magenta=0.00000 black=0.0000 white=0.0008 std=51.6 hash=4355edf8db92e029
imagecheck forest_fast.png magenta=0.00000 black=0.0000 white=0.0008 std=51.6 hash=4355edf8db92e029
imagecheck forest_nocull.png magenta=0.00000 black=0.0000 white=0.0008 std=50.9 hash=1de47a58863ff706
imagecheck forest_nocull.png magenta=0.00000 black=0.0000 white=0.0008 std=50.9 hash=1de47a58863ff706
imagecheck forest_nobase.png magenta=0.00000 black=0.0000 white=0.0008 std=50.9 hash=1de47a58863ff706
imagecheck forest_nobase.png magenta=0.00000 black=0.0000 white=0.0008 std=50.9 hash=1de47a58863ff706
imagecheck forest_verify.png magenta=0.00000 black=0.0000 white=0.0008 std=50.9 hash=1de47a58863ff706
imagecheck forest_verify.png magenta=0.00000 black=0.0000 white=0.0008 std=50.9 hash=1de47a58863ff706
imagecheck forest_in.png magenta=0.00000 black=0.0001 white=0.0008 std=36.9 hash=a13e48c9edc70c6c
imagecheck forest_in.png magenta=0.00000 black=0.0001 white=0.0008 std=36.9 hash=a13e48c9edc70c6c
imagecheck crack.png magenta=0.00000 black=0.0003 white=0.0008 std=56.8 hash=898f0efb13249d35
imagecheck crack.png magenta=0.00000 black=0.0003 white=0.0008 std=56.8 hash=898f0efb13249d35
imagecheck snowy.png magenta=0.00000 black=0.0000 white=0.0008 std=64.1 hash=ebb14fa923b15aa3
imagecheck snowy.png magenta=0.00000 black=0.0000 white=0.0008 std=64.1 hash=ebb14fa923b15aa3
imagecheck biome_desert.png magenta=0.00000 black=0.0000 white=0.0008 std=52.5 hash=ff90cb61322680a4
imagecheck biome_desert.png magenta=0.00000 black=0.0000 white=0.0008 std=52.5 hash=ff90cb61322680a4
imagecheck biome_jungle.png magenta=0.00000 black=0.0002 white=0.0008 std=44.3 hash=a7b953930311ccc8
imagecheck biome_jungle.png magenta=0.00000 black=0.0002 white=0.0008 std=44.3 hash=a7b953930311ccc8
imagecheck biome_badlands.png magenta=0.00000 black=0.0000 white=0.0008 std=56.5 hash=497be2bd28db836a
imagecheck biome_badlands.png magenta=0.00000 black=0.0000 white=0.0008 std=56.5 hash=497be2bd28db836a
imagecheck biome_dark_forest.png magenta=0.00000 black=0.0004 white=0.0008 std=44.2 hash=755a53d95681cd29
imagecheck biome_dark_forest.png magenta=0.00000 black=0.0004 white=0.0008 std=44.2 hash=755a53d95681cd29
imagecheck biome_cherry_grove.png magenta=0.00000 black=0.0000 white=0.0074 std=46.7 hash=91dc9c9c79a432a6
imagecheck biome_cherry_grove.png magenta=0.00000 black=0.0000 white=0.0074 std=46.7 hash=91dc9c9c79a432a6
imagecheck biome_jagged_peaks.png magenta=0.00000 black=0.0000 white=0.0182 std=43.8 hash=63ca2017acbc900e
imagecheck biome_jagged_peaks.png magenta=0.00000 black=0.0000 white=0.0182 std=43.8 hash=63ca2017acbc900e
imagecheck biome_savanna.png magenta=0.00000 black=0.0000 white=0.0008 std=47.4 hash=50f1af34c770cc6d
imagecheck biome_savanna.png magenta=0.00000 black=0.0000 white=0.0008 std=47.4 hash=50f1af34c770cc6d
imagecheck biome_swamp.png magenta=0.00000 black=0.0000 white=0.0010 std=53.4 hash=5e2b146bd9e6b9e3
imagecheck biome_swamp.png magenta=0.00000 black=0.0000 white=0.0010 std=53.4 hash=5e2b146bd9e6b9e3
imagecheck biome_taiga.png magenta=0.00000 black=0.0005 white=0.0008 std=45.6 hash=768f03efc7083141
imagecheck biome_taiga.png magenta=0.00000 black=0.0005 white=0.0008 std=45.6 hash=768f03efc7083141
imagecheck biome_warm_ocean.png magenta=0.00000 black=0.0000 white=0.0009 std=53.9 hash=dc27200a54f2f334
imagecheck biome_warm_ocean.png magenta=0.00000 black=0.0000 white=0.0009 std=53.9 hash=dc27200a54f2f334
imagecheck biome_birch_forest.png magenta=0.00000 black=0.0000 white=0.0008 std=49.3 hash=344fc81a2fa7cc0b
imagecheck biome_birch_forest.png magenta=0.00000 black=0.0000 white=0.0008 std=49.3 hash=344fc81a2fa7cc0b
imagecheck biome_mangrove_swamp.png magenta=0.00000 black=0.0000 white=0.0008 std=64.2 hash=c66de09c8bc50372
imagecheck biome_mangrove_swamp.png magenta=0.00000 black=0.0000 white=0.0008 std=64.2 hash=c66de09c8bc50372
imagecheck meadow.png magenta=0.00000 black=0.0000 white=0.0008 std=40.9 hash=0107e2025f7a1ae1
imagecheck meadow.png magenta=0.00000 black=0.0000 white=0.0008 std=40.9 hash=0107e2025f7a1ae1
imagecheck stars.png magenta=0.00000 black=0.5767 white=0.0008 std=16.3 hash=76bf63265ce68b8f
imagecheck stars.png magenta=0.00000 black=0.5767 white=0.0008 std=16.3 hash=76bf63265ce68b8f
imagecheck clouds.png magenta=0.00000 black=0.0000 white=0.0685 std=51.7 hash=02bc9a87c5550f2b
imagecheck clouds.png magenta=0.00000 black=0.0000 white=0.0685 std=51.7 hash=02bc9a87c5550f2b
imagecheck torches.png magenta=0.00000 black=0.0024 white=0.0040 std=57.0 hash=46b123adaf3aac92
imagecheck torches.png magenta=0.00000 black=0.0024 white=0.0040 std=57.0 hash=46b123adaf3aac92
imagecheck torches_near.png magenta=0.00000 black=0.0000 white=0.0122 std=46.6 hash=f32e7d7e2353926c
imagecheck torches_near.png magenta=0.00000 black=0.0000 white=0.0122 std=46.6 hash=f32e7d7e2353926c
imagecheck torches_day.png magenta=0.00000 black=0.0000 white=0.0035 std=43.3 hash=0756b0efd39f0a36
imagecheck torches_day.png magenta=0.00000 black=0.0000 white=0.0035 std=43.3 hash=0756b0efd39f0a36
imagecheck water_flow.png magenta=0.00000 black=0.0000 white=0.0008 std=31.3 hash=5ef6ba72b05c9ea6
imagecheck water_flow.png magenta=0.00000 black=0.0000 white=0.0008 std=31.3 hash=5ef6ba72b05c9ea6
imagecheck inventory.png magenta=0.00000 black=0.0128 white=0.0111 std=58.8 hash=b50dcca6f60a7827
imagecheck inventory.png magenta=0.00000 black=0.0128 white=0.0111 std=58.8 hash=b50dcca6f60a7827
imagecheck creative.png magenta=0.00000 black=0.0135 white=0.0122 std=47.1 hash=f8d9f9b865cc9eed
imagecheck creative.png magenta=0.00000 black=0.0135 white=0.0122 std=47.1 hash=f8d9f9b865cc9eed
imagecheck crafting.png magenta=0.00000 black=0.0134 white=0.0109 std=50.7 hash=61085a965b32d839
imagecheck crafting.png magenta=0.00000 black=0.0134 white=0.0109 std=50.7 hash=61085a965b32d839
imagecheck craftbook.png magenta=0.00000 black=0.0142 white=0.0151 std=72.6 hash=5584d8c9ce8af416
imagecheck craftbook.png magenta=0.00000 black=0.0142 white=0.0151 std=72.6 hash=5584d8c9ce8af416
imagecheck tv_craftbook.png magenta=0.00000 black=0.0145 white=0.0184 std=74.6 hash=364860e2f86620e8
imagecheck tv_craftbook.png magenta=0.00000 black=0.0145 white=0.0184 std=74.6 hash=364860e2f86620e8
imagecheck tv_craftbook_all.png magenta=0.00000 black=0.0145 white=0.0171 std=66.9 hash=a8dd4a2a652b5ab2
imagecheck tv_craftbook_all.png magenta=0.00000 black=0.0145 white=0.0171 std=66.9 hash=a8dd4a2a652b5ab2
imagecheck note-2026-10-05_00.41.31.png magenta=0.00000 black=0.0027 white=0.0011 std=38.5 hash=f4d1a6fa3e09d39e
imagecheck bugnotes.png magenta=0.00000 black=0.0053 white=0.0013 std=39.5 hash=e5e8dd256c57e939
imagecheck bugnotes.png magenta=0.00000 black=0.0053 white=0.0013 std=39.5 hash=e5e8dd256c57e939
imagecheck padtest.png magenta=0.00000 black=0.0040 white=0.0163 std=54.4 hash=a2630f3b6ec42887
imagecheck padtest.png magenta=0.00000 black=0.0040 white=0.0163 std=54.4 hash=a2630f3b6ec42887
imagecheck inventory_pad.png magenta=0.00000 black=0.0128 white=0.0112 std=58.5 hash=392118a548adfd48
imagecheck inventory_pad.png magenta=0.00000 black=0.0128 white=0.0112 std=58.5 hash=392118a548adfd48
imagecheck tv_options.png magenta=0.00000 black=0.0153 white=0.0156 std=58.8 hash=b00011e75c098d61
imagecheck tv_options.png magenta=0.00000 black=0.0153 white=0.0156 std=58.8 hash=b00011e75c098d61
imagecheck tv_keyboard.png magenta=0.00000 black=0.0224 white=0.0220 std=63.2 hash=de8abd5ba84cdfa0
imagecheck tv_keyboard.png magenta=0.00000 black=0.0224 white=0.0220 std=63.2 hash=de8abd5ba84cdfa0
imagecheck tv_worlds.png magenta=0.00000 black=0.0164 white=0.0203 std=63.8 hash=e6774b28cfa2808a
imagecheck tv_worlds.png magenta=0.00000 black=0.0164 white=0.0203 std=63.8 hash=e6774b28cfa2808a
imagecheck tv_confirm.png magenta=0.00000 black=0.0176 white=0.0175 std=67.4 hash=0011135c626d7ae1
imagecheck tv_confirm.png magenta=0.00000 black=0.0176 white=0.0175 std=67.4 hash=0011135c626d7ae1
imagecheck tv_title.png magenta=0.00000 black=0.0160 white=0.0131 std=62.8 hash=c679f6ed1f970ce6
imagecheck tv_title.png magenta=0.00000 black=0.0160 white=0.0131 std=62.8 hash=c679f6ed1f970ce6
imagecheck padmap.png magenta=0.00000 black=0.0142 white=0.0145 std=57.3 hash=441962136e3c9aa4
imagecheck padmap.png magenta=0.00000 black=0.0142 white=0.0145 std=57.3 hash=441962136e3c9aa4
imagecheck tv_combat.png magenta=0.00000 black=0.0080 white=0.0037 std=48.7 hash=bfd9800f1698b69c
imagecheck tv_combat.png magenta=0.00000 black=0.0080 white=0.0037 std=48.7 hash=bfd9800f1698b69c
imagecheck vehicle_hud.png magenta=0.00000 black=0.0022 white=0.0035 std=55.2 hash=fd47d04388edb234
imagecheck vehicle_hud.png magenta=0.00000 black=0.0030 white=0.0035 std=50.2 hash=77e6767786d6f487
imagecheck tv_map.png magenta=0.00000 black=0.0156 white=0.0123 std=59.4 hash=565cfd8b7299468b
imagecheck tv_map.png magenta=0.00000 black=0.0153 white=0.0307 std=78.6 hash=bd74e18ee1a2e4fa
imagecheck controls_ref.png magenta=0.00000 black=0.0142 white=0.0116 std=54.4 hash=b9d04d5af3c505f7
imagecheck controls_ref.png magenta=0.00000 black=0.0142 white=0.0116 std=54.4 hash=b9d04d5af3c505f7
imagecheck tv_hud.png magenta=0.00000 black=0.0062 white=0.0040 std=45.5 hash=1acd95de035b2c04
imagecheck tv_hud.png magenta=0.00000 black=0.0062 white=0.0040 std=45.5 hash=1acd95de035b2c04
imagecheck furnace.png magenta=0.00000 black=0.0132 white=0.0088 std=51.1 hash=dffd01f798482571
imagecheck furnace.png magenta=0.00000 black=0.0132 white=0.0088 std=51.1 hash=dffd01f798482571
imagecheck drops.png magenta=0.00000 black=0.0042 white=0.0008 std=42.8 hash=9b29deea60691b0d
imagecheck drops.png magenta=0.00000 black=0.0042 white=0.0008 std=42.8 hash=9b29deea60691b0d
imagecheck subtitles.png magenta=0.00000 black=0.0053 white=0.0029 std=38.9 hash=fdf2a920c39dc8de
imagecheck subtitles.png magenta=0.00000 black=0.0053 white=0.0029 std=38.9 hash=fdf2a920c39dc8de
imagecheck survival.png magenta=0.00000 black=0.0057 white=0.0013 std=45.0 hash=d5a0c04037ccc175
imagecheck survival.png magenta=0.00000 black=0.0057 white=0.0013 std=45.0 hash=d5a0c04037ccc175
imagecheck sim.png magenta=0.00000 black=0.0434 white=0.0029 std=21.8 hash=d26d2ecd9aaaa32e
imagecheck sim.png magenta=0.00000 black=0.0434 white=0.0029 std=21.8 hash=d26d2ecd9aaaa32e
