playthrough: seed 12345
---- spawn (0.0 s wall, 0 s game)
PASS spawn: standing on solid ground (oak_leaves at y 90)
PASS spawn: not in water or lava
PASS spawn: alive and healthy
---- gather + craft (0.2 s wall, 3 s game)
PASS gather: logs mined by hand (2)
INFO bulk: +4 oak_log (more trees)
PASS craft: 24 oak_planks
PASS craft: crafting table + wooden pickaxe
---- stone age (0.5 s wall, 18 s game)
PASS hold wooden pickaxe
PASS mine: 3 cobblestone with a wooden pickaxe (3 mined; bare hand would take 7.5 s and drop nothing)
INFO bulk: +8 cobblestone (more stone)
PASS craft: stone pickaxe + furnace
---- iron age (0.8 s wall, 37 s game)
PASS worldgen: iron ore within 64 blocks of spawn
PASS rules: wooden pickaxe can't harvest iron ore
PASS mine: raw iron with a stone pickaxe (1)
INFO coal from ore: 1
INFO bulk: +5 raw_iron (more iron ore)
PASS place: furnace placed with a right click (furnace[south])
PASS smelt: 6 iron ingots after 109 s
INFO bulk: +1 flint (gravel)
PASS craft: iron pickaxe + flint and steel
---- diamonds (2.4 s wall, 110 s game)
PASS worldgen: diamond ore within 80 blocks of spawn
PASS rules: stone pickaxe can't harvest diamond ore
PASS mine: diamond with an iron pickaxe at y -59 (1, 1 ore)
INFO bulk: +4 diamond (more diamonds)
INFO bulk: +3 string (spiders)
INFO bulk: +4 flint (gravel)
INFO bulk: +4 feather (chickens)
PASS craft: diamond pickaxe, sword, bow, 16 arrows
INFO bulk: +19 diamond (more diamonds)
INFO bulk: +5 gold_ingot (gold ore)
PASS armour: 19 armour points worn
---- obsidian + portal (2.5 s wall, 112 s game)
PASS fluids: water on a lava source makes obsidian (got obsidian)
PASS rules: iron pickaxe can't harvest obsidian
PASS rules: obsidian takes 9.4 s with a diamond pickaxe (9.4)
PASS mine: obsidian with a diamond pickaxe (1)
INFO bulk: +9 obsidian (more obsidian)
PASS portal: flint and steel lights the frame (nether_portal)
PASS portal: standing in the portal for 4 s goes to the Emberdeep
---- emberdeep (3.5 s wall, 134 s game)
PASS emberdeep: arrived inside a portal
PASS emberdeep: arrival portal is safe
PASS emberdeep: nearest fortress 138 blocks from the portal
PASS fortress: 4 cinderwisp spawner(s)
PASS fortress: the spawner makes cinderwisps
PASS fortress: 8 cinder rods from 22 cinderwisps in 899 s
INFO cinder rod rate 0.36 per kill (reference 0.5 without looting)
PASS fortress: cinder rod rate 0.36 per kill is plausible (reference 0.5)
---- void pearls (17.2 s wall, 1036 s game)
INFO bag full: dropped 11 netherrack, 64 netherrack, 1 rotten_flesh, 64 netherrack, 2 leather
INFO died (Player fell from a high place) at 170 39 36 in nether
INFO bag full: dropped 64 netherrack, 64 netherrack, 64 netherrack, 64 netherrack, 64 netherrack, 64 netherrack, 8 porkchop, 2 rotten_flesh
INFO bulk: +1 golden_helmet (armour)
INFO bulk: +1 diamond_boots (armour)
PASS armour: 19 armour points worn
INFO died (Player fell from a high place) at 170 39 37 in nether
PASS armour: 19 armour points worn
INFO died (Player fell from a high place) at 170 39 34 in nether
PASS armour: 19 armour points worn
INFO died (Player fell from a high place) at 170 39 36 in nether
INFO bag full: dropped 14 netherrack, 1 magma_block, 1 crimson_roots, 64 netherrack, 64 netherrack, 64 netherrack, 11 crimson_nylium
INFO bulk: +1 golden_helmet (armour)
PASS armour: 19 armour points worn
INFO died (Player fell from a high place) at 169 39 35 in nether
PASS armour: 19 armour points worn
INFO died (Player fell from a high place) at 170 39 36 in nether
PASS armour: 19 armour points worn
INFO died (Player fell from a high place) at 170 39 37 in nether
PASS armour: 19 armour points worn
INFO died (Player fell from a high place) at 170 39 36 in nether
PASS armour: 19 armour points worn
INFO died (Player fell from a high place) at 170 39 36 in nether
INFO bulk: +1 golden_helmet (armour)
INFO bulk: +1 diamond_leggings (armour)
PASS armour: 19 armour points worn
INFO died (Player fell from a high place) at 169 39 37 in nether
PASS armour: 19 armour points worn
INFO died (Player fell from a high place) at 169 39 37 in nether
INFO bag full: dropped 28 netherrack, 7 rotten_flesh, 64 netherrack, 34 gold_nugget, 64 netherrack, 15 porkchop, 7 leather
INFO died (Player fell from a high place) at 170 39 36 in nether
INFO died (Player fell from a high place) at 170 39 36 in nether
INFO died (Player fell from a high place) at 170 39 36 in nether
INFO died (Player fell from a high place) at 170 39 36 in nether
PASS voidwalkers: 12 void pearls from 26 kills
---- back to the surface (52.9 s wall, 2642 s game)
PASS portal: back to the Surface through the arrival portal
PASS portal: returned to the portal we built (0 blocks off)
---- seeker eyes (53.3 s wall, 2647 s game)
PASS craft: 12 seeker eyes
PASS worldgen: nearest stronghold 1727 blocks from the origin (first ring 1280-2816)
PASS seeker eye: thrown with a right click
PASS seeker eye: flew 11.6 blocks toward the stronghold
PASS seeker eye: drops or shatters after its flight
---- stronghold (53.4 s wall, 2656 s game)
PASS stronghold: portal room with 12 hollow gate frames
INFO stronghold: 3 frames already hold an eye
PASS hollow gate: 12/12 frames filled with right clicks
PASS hollow gate: the 3x3 gate opens (9/9)
---- the hollow (53.7 s wall, 2657 s game)
PASS hollow gate: stepping in goes to the Hollow
PASS hollow: arrived on the obsidian platform at 100 49 0
PASS hollow: standing safely on the platform
PASS hollow: exactly one Hollow Wyrm (1)
PASS hollow: 10 hollow crystals on the spikes (10)
PASS wyrm: 200 health (200)
INFO fountain at y 58, spikes [76, 79, 82, 85, 88, 91, 94, 97, 100, 103]
---- crystals (53.8 s wall, 2668 s game)
PASS crystals: all destroyed (10 by arrow, 0 up close, 0 left)
INFO crystal explosions cost 6513 health so far (topped up)
---- hollow wyrm fight (54.1 s wall, 2690 s game)
PASS wyrm: defeated in 167 s (3 perches, 39 sword hits, 24 arrows for 45 damage, health left 1)
INFO wyrm fight: player took 702 damage (half-hearts, healed by the test)
PASS wyrm: death sequence finishes
PASS wyrm: 12000 XP (12000 points, level 2 -> 68)
PASS wyrm: gone after dying
PASS exit portal: active (24 gate blocks)
PASS egg: the wyrm egg sits on the exit portal (4)
PASS rift: a hollow rift gateway opened on the ring
---- egg (55.5 s wall, 2870 s game)
INFO bag full: dropped 2 rotten_flesh, 8 crimson_nylium, 7 netherrack, 6 leather, 64 netherrack, 64 netherrack, 64 netherrack, 64 netherrack
PASS egg: hitting the egg makes it teleport (1 hops)
PASS egg: collected by dropping it onto a torch (1)
---- rift (55.5 s wall, 2876 s game)
PASS rift: teleports to the far islands (1040 blocks out)
PASS rift: landed on solid ground (end_stone)
PASS rift: a return rift near the landing spot
---- hollow spire (55.6 s wall, 2879 s game)
PASS spire: nearest hollow spire 1371 blocks from the landing spot (with ship)
INFO spire: 6 shellsentries
PASS spire: the ship's hold has glider wings
PASS wings: open with space while falling
PASS wings: glided 106 blocks while dropping 27
PASS rift: the return rift leads back to the central island (90 blocks out)
---- save + reload (55.8 s wall, 2887 s game)
PASS reload: back in the Hollow (end)
PASS reload: wyrm stays defeated (true, 1 rifts)
PASS reload: the egg is still in the inventory
PASS reload: exit portal still open (24)
PASS reload: no new wyrm appears
---- credits (55.9 s wall, 2887 s game)
PASS exit portal: the credits roll
PASS credits: back on the Surface after the credits
PASS credits: at the spawn point
PASS credits: alive at home
---- blight (56.1 s wall, 2943 s game)
INFO bulk: +4 soul_sand (emberdeep soul sand valley)
INFO bulk: +3 wither_skeleton_skull (blight skeletons (2.5% each))
PASS blight: soul sand T + three skulls summons the Blight
PASS blight: charging after the summon
PASS blight: 11 s charge ends at full health (300/300) with a blast
---- blight fight (61.9 s wall, 2957 s game)
INFO bulk: Smite V on the sword, Power V on the bow
INFO bulk: +1 diamond_chestplate (armour)
PASS armour: 19 armour points worn
INFO bulk: +1 bow (a new bow)
FAIL blight: defeated in 601 s (388 arrows for 0 damage, 0 sword hits)
PASS blight: arrows bounce off its armour below half health (0 damage from 0)
INFO blight fight: player took 0 damage (healed by the test); 0 of 0 sword hits landed for 0
FAIL blight: the Blight Star drops and is picked up (0)
INFO star lost: Blight health 300 at 32 132 45, still listed yes, stars on the ground []
INFO star lost: player at 29.1 128.2 53.9, alive yes, 12 free slots
INFO bulk: +1 nether_star (star lost)
INFO bulk: +5 glass (sand + furnace)
INFO bulk: +3 obsidian (obsidian)
PASS craft: beacon from the Blight Star
---- advancements (73.0 s wall, 3560 s game)
PASS advancement nether/obtain_blaze_rod
PASS advancement end/root
PASS advancement end/kill_dragon
PASS advancement end/dragon_egg
PASS advancement end/enter_end_gateway
PASS advancement nether/summon_wither
INFO 22 advancements earned: adventure/kill_a_mob, adventure/root, adventure/shoot_arrow, end/dragon_egg, end/elytra, end/enter_end_gateway, end/kill_dragon, end/root, enter_the_end, enter_the_nether, form_obsidian, iron_tools, mine_diamond, mine_stone, nether/find_fortress, nether/obtain_blaze_rod, nether/root, nether/summon_wither, root, shiny_gear, smelt_iron, upgrade_tools
---- summary (73.0 s wall, 3561 s game)
INFO deaths: 15, damage healed by the test: 7246 half-hearts
playthrough: 2 failed checks, 3561 s of game time in 73.0 s wall
  failed: blight: defeated in 601 s (388 arrows for 0 damage, 0 sword hits)
  failed: blight: the Blight Star drops and is picked up (0)
