      1 scenario ride: PASS rode 88 m, drifted 0.34 m on the deck (ended at (0.290161, 2.57589, 3.271729))
      1 scenario drive: PASS travelled 116 m in 12 s, up 1.00, 0.6 m above ground
      1 vehicle destroyed: Gunship1 at (-1788.0, 231.0, 1561.0) (direct hit 0.7 from faction 0)
      1 scenario fly: PASS climbed 64 m in 6 s, flew 344 m in 8 s
      1 vehicle destroyed: Gunship2 at (-2276.0, 294.0, 1029.0) (direct hit 0.7 from faction 1)
      1 vehicle destroyed: Gunship1 at (-1193.0, 216.0, 1466.0) (direct hit 0.7 from faction 0)
      1 scenario dropship: PASS delivered after 130 s, 13 m from the landing zone
      1 scenario battle: PASS kills Capital 58 Cinder 53, alive 83 / 38, under ground 0
      1 scenario weapons: PASS carbine fired 16 rounds in 1.5 s, view climbed 11.5 deg; launcher empty true, its rocket exploded true
      1 vehicle destroyed: Gunship1 at (-2163.0, 291.0, 959.0) (direct hit 0.7 from faction 1)
      1 scenario destroy: PASS 28 pieces, top piece fell 52 m in 8 s, 0 lost/NaN, collision removed true
      1 scenario parked: PASS 1 spawn crawlers moved 0.01 m (up 0.98) in 30 s
      1 scenario trees: PASS trunk radius 0.68 m: closest approach 1.04 m from its axis (needs > r + 0.2; without trunk collision the player walked through), soldier pushed out to 1.38 m
      1 scenario forest_drive: PASS travelled 212 m in 12 s into forest (trunks within 2.5 m of the line: 15 on the path, 0 of them not felled), felled 17 trees, up 0.99
      1 vehicle destroyed: Gunship1 at (-1477.0, 216.0, 1670.0) (direct hit 0.7 from faction 0)
      1 scenario stand: PASS 7 sites, fell or stuck at: 
      1 scenario menu: PASS opened and paused true, preset applied true, closed and resumed true
      1 scenario ride: PASS rode 88 m, drifted 0.34 m on the deck (ended at (0.290161, 2.57589, 3.271729))
      1 scenario drive: PASS travelled 116 m in 12 s, up 1.00, 0.6 m above ground
      1 scenario fly: PASS climbed 64 m in 6 s, flew 344 m in 8 s
      1 scenario dropship: PASS delivered after 130 s, 13 m from the landing zone
      1 scenario battle: PASS kills Capital 58 Cinder 53, alive 83 / 38, under ground 0
      1 scenario weapons: PASS carbine fired 16 rounds in 1.5 s, view climbed 11.5 deg; launcher empty true, its rocket exploded true
      1 scenario destroy: PASS 28 pieces, top piece fell 52 m in 8 s, 0 lost/NaN, collision removed true
      1 scenario parked: PASS 1 spawn crawlers moved 0.01 m (up 0.98) in 30 s
      1 scenario trees: PASS trunk radius 0.68 m: closest approach 1.04 m from its axis (needs > r + 0.2; without trunk collision the player walked through), soldier pushed out to 1.38 m
      1 scenario forest_drive: PASS travelled 212 m in 12 s into forest (trunks within 2.5 m of the line: 15 on the path, 0 of them not felled), felled 17 trees, up 0.99
      1 scenario stand: PASS 7 sites, fell or stuck at: 
      1 scenario menu: PASS opened and paused true, preset applied true, closed and resumed true
      1 scenarios done: 0 failed
