Godot Engine v4.7.2.stable.official.ed1daf0bf - https://godotengine.org
Vulkan 1.4.318 - Forward+ - Using Device #0: Unknown - llvmpipe (LLVM 20.1.2, 256 bits)
libpulse.so.0: cannot open shared object file: No such file or directory
libpulse.so.0: cannot open shared object file: No such file or directory
ERROR: Condition "status < 0" is true. Returning: ERR_CANT_OPEN
   at: init_output_device (drivers/alsa/audio_driver_alsa.cpp:97)
WARNING: All audio drivers failed, falling back to the dummy driver.
     at: initialize (servers/audio/audio_server.cpp:258)

Alabaster 0.1.0 on Linux, vulkan / llvmpipe (LLVM 20.1.2, 256 bits), preset High, args { "shots": "/home/runner/work/blocksmith/blocksmith/ci/shots", "preset": "High", "scale": "1", "shard": "0/4" }
command line: /home/runner/godot/godot --path game --rendering-driver vulkan --resolution 1280x720 -- --shots /home/runner/work/blocksmith/blocksmith/ci/shots --preset High --scale 1 --shard 0/4
loading: shaping the land (0.3 s)
world: base heights 5848 ms
loading: flattening sites (5.9 s)
loading: carving rivers (6.2 s)
world: rivers 7970 ms
loading: planting forests (8.0 s)
loading: laying roads (9.6 s)
road Coast Road: 2.1 km, 13 bridge points (5664.0, 7.0, 1648.872), mid (5053.862, 22.0, 957.8625)
road Citadel Way: 2.7 km, 0 bridge points (0.0, 0.0, 0.0), mid (3397.151, 22.0, -698.8494)
road Airfield Road: 2.5 km, 0 bridge points (0.0, 0.0, 0.0), mid (2399.161, 178.7405, -2037.288)
road Pass Road: 3.7 km, 0 bridge points (0.0, 0.0, 0.0), mid (1040.947, 352.331, -1583.053)
road Western Highway: 5.7 km, 17 bridge points (1632.0, 23.70129, 774.7112), mid (1705.179, 29.47277, 736.0)
road Battery Lane: 1.0 km, 0 bridge points (0.0, 0.0, 0.0), mid (-173.9506, 51.80337, 1490.049)
road Front Track: 1.5 km, 0 bridge points (0.0, 0.0, 0.0), mid (-1318.576, 110.8705, 1498.966)
road Ash Track: 2.4 km, 0 bridge points (0.0, 0.0, 0.0), mid (-3552.399, 328.4763, 1464.81)
road Red Track: 2.2 km, 0 bridge points (0.0, 0.0, 0.0), mid (-2023.669, 157.7099, 2151.669)
world: roads 12150 ms
world: generated in 12169 ms
loading: done (12.2 s)
city Candor: 695 buildings, 55 skyways, 12409 trees, 4960 lamps
setup: sky 34 ms, terrain 3227 ms, water 70 ms, capital 1325 ms, vegetation 1217 ms, bases 217 ms, roads 35 ms, battle 597 ms, combat 12 ms, vehicles 140 ms, weather 361 ms
world ready in 19.42 s
WARNING: Realtime Skies can only use a radiance size of 256. Radiance size will be set to 256 internally.
     at: set_mode (servers/rendering/renderer_rd/environment/sky.cpp:619)
     GDScript backtrace (most recent call first):
         [0] start (res://scripts/core/shots.gd:29)
         [1] _build (res://scripts/main.gd:154)
         [2] _process (res://scripts/main.gd:111)
shot overview: /home/runner/work/blocksmith/blocksmith/ci/shots/overview.png (204853 ms) camera @Camera3D@4482 at (100.0, 779.871, 2850.0)
shot radar_night: /home/runner/work/blocksmith/blocksmith/ci/shots/radar_night.png (17187 ms) camera @Camera3D@4482 at (760.0, 1498.39, -3370.0)
battle: 136 soldiers (Capital 72, Cinder 45 alive), kills [11, 8], drawn [46, 3, 7, 47, 2, 7]
shot battle_wide: /home/runner/work/blocksmith/blocksmith/ci/shots/battle_wide.png (40881 ms) camera @Camera3D@4482 at (-1330.0, 175.0109, 1630.0)
shot vehicles_spawn: /home/runner/work/blocksmith/blocksmith/ci/shots/vehicles_spawn.png (26621 ms) camera @Camera3D@4482 at (2426.0, 53.22009, -742.0)
shot horizon_test: /home/runner/work/blocksmith/blocksmith/ci/shots/horizon_test.png (11510 ms) camera @Camera3D@4482 at (7000.0, 400.0, 3000.0)
shot capital_night: /home/runner/work/blocksmith/blocksmith/ci/shots/capital_night.png (23520 ms) camera @Camera3D@4482 at (3100.0, 132.7934, 1050.0)
vehicle destroyed: Gunship2 at (-2321.0, 295.0, 1062.0) (direct hit 0.7 from faction 1)
shot forest_floor: /home/runner/work/blocksmith/blocksmith/ci/shots/forest_floor.png (29004 ms) camera @Camera3D@4482 at (1100.0, 41.52347, 3500.0)
shot river_valley: /home/runner/work/blocksmith/blocksmith/ci/shots/river_valley.png (30886 ms) camera @Camera3D@4482 at (500.0, 354.8278, -1500.0)
shot weapon_view: /home/runner/work/blocksmith/blocksmith/ci/shots/weapon_view.png (31227 ms) camera Camera at (-640.0, 50.74377, 1390.0)
shots: done (9)
