Godot Engine v4.7.2.stable.official.ed1daf0bf - https://godotengine.org
Vulkan 1.4.318 - Forward+ - Using Device #0: Unknown - llvmpipe (LLVM 20.1.2, 256 bits)
libpulse.so.0: cannot open shared object file: No such file or directory
libpulse.so.0: cannot open shared object file: No such file or directory
ERROR: Condition "status < 0" is true. Returning: ERR_CANT_OPEN
   at: init_output_device (drivers/alsa/audio_driver_alsa.cpp:97)
WARNING: All audio drivers failed, falling back to the dummy driver.
     at: initialize (servers/audio/audio_server.cpp:258)

Alabaster 0.1.0 on Linux, vulkan / llvmpipe (LLVM 20.1.2, 256 bits), preset High, args { "shots": "/home/runner/work/blocksmith/blocksmith/ci/shots", "preset": "High", "scale": "1", "shard": "2/4" }
command line: /home/runner/godot/godot --path game --rendering-driver vulkan --resolution 1280x720 -- --shots /home/runner/work/blocksmith/blocksmith/ci/shots --preset High --scale 1 --shard 2/4
loading: shaping the land (0.4 s)
world: base heights 7387 ms
loading: flattening sites (7.4 s)
loading: carving rivers (7.8 s)
world: rivers 9328 ms
loading: planting forests (9.3 s)
loading: laying roads (10.8 s)
road Coast Road: 2.1 km, 13 bridge points (5664.0, 7.0, 1648.872), mid (5053.862, 22.0, 957.8625)
road Citadel Way: 2.7 km, 0 bridge points (0.0, 0.0, 0.0), mid (3397.151, 22.0, -698.8494)
road Airfield Road: 2.5 km, 0 bridge points (0.0, 0.0, 0.0), mid (2399.161, 178.7405, -2037.288)
road Pass Road: 3.7 km, 0 bridge points (0.0, 0.0, 0.0), mid (1040.947, 352.331, -1583.053)
road Western Highway: 5.7 km, 17 bridge points (1632.0, 23.70129, 774.7112), mid (1705.179, 29.47277, 736.0)
road Battery Lane: 1.0 km, 0 bridge points (0.0, 0.0, 0.0), mid (-173.9506, 51.80337, 1490.049)
road Front Track: 1.5 km, 0 bridge points (0.0, 0.0, 0.0), mid (-1318.576, 110.8705, 1498.966)
road Ash Track: 2.4 km, 0 bridge points (0.0, 0.0, 0.0), mid (-3552.399, 328.4763, 1464.81)
road Red Track: 2.2 km, 0 bridge points (0.0, 0.0, 0.0), mid (-2023.669, 157.7099, 2151.669)
world: roads 13124 ms
world: generated in 13144 ms
loading: done (13.2 s)
city Candor: 695 buildings, 55 skyways, 12409 trees, 4960 lamps
setup: sky 31 ms, terrain 3210 ms, water 36 ms, capital 1309 ms, vegetation 1249 ms, bases 229 ms, roads 31 ms, battle 539 ms, combat 10 ms, vehicles 126 ms, weather 365 ms
world ready in 20.30 s
WARNING: Realtime Skies can only use a radiance size of 256. Radiance size will be set to 256 internally.
     at: set_mode (servers/rendering/renderer_rd/environment/sky.cpp:619)
     GDScript backtrace (most recent call first):
         [0] start (res://scripts/core/shots.gd:29)
         [1] _build (res://scripts/main.gd:154)
         [2] _process (res://scripts/main.gd:111)
shot citadel: /home/runner/work/blocksmith/blocksmith/ci/shots/citadel.png (308141 ms) camera @Camera3D@4482 at (2760.0, 88.92593, -600.0)
shot cinder_camp: /home/runner/work/blocksmith/blocksmith/ci/shots/cinder_camp.png (33059 ms) camera @Camera3D@4482 at (-4080.0, 364.0022, 900.0)
shot road_bridge: /home/runner/work/blocksmith/blocksmith/ci/shots/road_bridge.png (29015 ms) camera @Camera3D@4482 at (1690.0, 46.0, 880.0)
frigate parked at (2500.0, 312.278, -600.0), children 14, visible true, in tree true
shot frigate_deck: /home/runner/work/blocksmith/blocksmith/ci/shots/frigate_deck.png (15544 ms) camera @Camera3D@4482 at (2494.0, 322.278, -540.0)
shot capital_dusk: /home/runner/work/blocksmith/blocksmith/ci/shots/capital_dusk.png (21059 ms) camera @Camera3D@4482 at (3000.0, 106.7932, 1450.0)
shot mountains: /home/runner/work/blocksmith/blocksmith/ci/shots/mountains.png (14947 ms) camera @Camera3D@4482 at (-400.0, 632.2425, -1900.0)
shot shadow_test: /home/runner/work/blocksmith/blocksmith/ci/shots/shadow_test.png (38295 ms) camera @Camera3D@4482 at (1100.0, 43.50703, 3530.0)
shot storm_sea: /home/runner/work/blocksmith/blocksmith/ci/shots/storm_sea.png (24407 ms) camera @Camera3D@4482 at (8250.0, 18.0, 1350.0)
shots: done (8)
WARNING: 35 ObjectDB instances were leaked at exit (run with `--verbose` for details).
   at: cleanup (core/object/object.cpp:2536)
