  Blocks: 198 sounds
  Hostile Mobs: 203 sounds
  Friendly Mobs: 179 sounds
  Players: 132 sounds
  Ambient: 42 sounds
  Weather: 8 sounds
  Interface: 5 sounds
  wrote 37 soundscapes to build/sounds/scapes
  slowest renders: frigateDroneLoop 44 ms, carriageTreadLoop 33 ms, beaconActivate 15 ms, hiveLoop 15 ms, endPortalOpen 15 ms, endLoop 15 ms
synthesized 767 sounds (692.5 s of audio) in 3921 ms, 0 failed
title  356 notes    136 s  peak 0.23 rms 0.064  "Quiet Forge (Title)"
day  434 notes    152 s  peak 0.21 rms 0.053  "Quiet Forge (Overworld Day)"
night  169 notes    138 s  peak 0.18 rms 0.049  "Quiet Forge (Overworld Night)"
underground  138 notes    146 s  peak 0.18 rms 0.051  "Quiet Forge (Underground)"
underwater  145 notes    136 s  peak 0.22 rms 0.060  "Quiet Forge (Underwater)"
ember  204 notes    121 s  peak 0.21 rms 0.058  "Quiet Forge (Emberdeep)"
hollow  171 notes    141 s  peak 0.20 rms 0.046  "Quiet Forge (The Hollow)"
creative  615 notes    145 s  peak 0.19 rms 0.046  "Quiet Forge (Creative)"
boss 1404 notes    125 s  peak 0.47 rms 0.093  "Quiet Forge (Boss)"
rain  158 notes    130 s  peak 0.20 rms 0.054  "Quiet Forge (Rain)"
snow  219 notes    136 s  peak 0.17 rms 0.041  "Quiet Forge (Snowfields)"
desert  209 notes    122 s  peak 0.16 rms 0.045  "Quiet Forge (Dunes)"
ocean  239 notes    134 s  peak 0.24 rms 0.065  "Quiet Forge (Open Water)"
grove  260 notes    114 s  peak 0.17 rms 0.044  "Quiet Forge (Blossom)"
mountain  169 notes    132 s  peak 0.23 rms 0.070  "Quiet Forge (High Passes)"
swamp  204 notes    124 s  peak 0.17 rms 0.046  "Quiet Forge (Mire)"
jungle  287 notes     94 s  peak 0.16 rms 0.044  "Quiet Forge (Canopy)"
tension  197 notes    104 s  peak 0.16 rms 0.048  "Quiet Forge (The Capital)"
combat  933 notes     91 s  peak 0.42 rms 0.100  "Quiet Forge (Firefight)"
rendered 19 pieces in 1305 ms, 0 failed
audiotest PASS: car: engine heard while driving (speed 8.2, loop:ship1eng0 loop:ship1eng1 loop:ship1wheel)
audiotest PASS: car: wheels rumble while rolling (speed 8.2, loop:ship1eng0 loop:ship1eng1 loop:ship1wheel)
audiotest PASS: car: the engine starts once (1 starts)
audiotest PASS: plane: propellers and wing rush in flight (speed 22.1, loop:ship2eng0 loop:ship2eng1 loop:ship2prop1 loop:ship2rush loop:wind)
audiotest PASS: frigate: engine drone heard from 120 blocks (loop:mountainwind loop:vessel3)
audiotest PASS: frigate nearby: tension (level 1)
audiotest PASS: frigate in gun range: combat music (level 2)
audiotest PASS: mountain wind on the peaks (loop:mountainwind)
audiotest PASS: jagged_peaks: the landform wind replaces the plain wind (loop:mountainwind)
audiotest PASS: tundra wind on the snowy plains (loop:mountainwind loop:tundrawind)
audiotest PASS: snowy_plains: the landform wind replaces the plain wind (loop:mountainwind loop:tundrawind)
audiotest PASS: insects over the swamp (loop:swamp loop:swampbugs loop:water)
audiotest PASS: snow wind while it snows (loop:mountainwind loop:snowwind loop:tundrawind)
audiotest PASS: no rain patter while it snows (loop:mountainwind loop:snowwind loop:tundrawind)
audiotest PASS: rain heard in the open on the plains (loop:rain loop:rainleaves)
audiotest PASS: a waterfall is heard beside it (loop:waterfall)
audiotest PASS: flowing water is heard as a stream (loop:river loop:waterfall)
audiotest: 0 failed (0.6 s)
textures without a painter: missing
textures: 1680 layers at 128 px, BC3, 35.0 MB with mips (build 759 ms, upload 303 ms)
light probe: eye sky 15 block 0 in air; floor+1 (y 67) sky 15 block 0 in air, daylight 1.0
imagecheck audiotest.png magenta=0.00000 black=0.0000 white=0.0024 std=29.5 hash=2abc1f85f73e152f
imagecheck audiotest.png magenta=0.00000 black=0.0000 white=0.0024 std=29.5 hash=2abc1f85f73e152f
seed 12345  pos 8.5 133.0 56.5  rd 6  chunks 423  (drawn 48)
gen 181 ms  mesh(all, parallel) 146 ms  mesh(1 section) 0.26 ms  quads 599528 opaque / 7149 water
frame (encode+GPU, offscreen, median of 30) 5.75 ms  biome plains
mesh slabs 44 MB, chunks 423 (block+light arrays 45 MB), Metal allocated 182 MB
memory: resident 246 MB  (section meshes 38 MB)
wrote snaps/audiotest.png
terrainmap seed 12345: 8192 x 8192 blocks every 16 (0.4 s), land 67%, max height 277
  biomes: plains 9.1%, snowy_taiga 7.9%, forest 7.1%, warm_ocean 6.1%, lukewarm_ocean 6.1%, ocean 5.9%, snowy_plains 5.6%, taiga 5.5%, deep_lukewarm_ocean 5.2%, cold_ocean 4.8%, jungle 3.9%, sparse_jungle 3.0%, beach 2.7%, snowy_slopes 2.6%, savanna 2.4%, meadow 2.3%, desert 2.2%, frozen_ocean 2.0%, old_growth_spruce_taiga 1.7%, grove 1.3%, deep_cold_ocean 1.2%, dark_forest 1.2%, deep_ocean 1.1%, old_growth_pine_taiga 1.0%, frozen_peaks 1.0%, jagged_peaks 0.8%, deep_frozen_ocean 0.7%, mangrove_swamp 0.7%, birch_forest 0.6%, snowy_beach 0.5%, river 0.5%, flower_forest 0.4%, stony_peaks 0.4%, swamp 0.4%, pale_garden 0.3%, savanna_plateau 0.3%, badlands 0.2%, bamboo_jungle 0.2%, cherry_grove 0.2%, windswept_forest 0.2%, old_growth_birch_forest 0.1%, sunflower_plains 0.1%, windswept_gravelly_hills 0.1%, windswept_hills 0.1%, ice_spikes 0.1%, frozen_river 0.0%, eroded_badlands 0.0%, mushroom_fields 0.0%, windswept_savanna 0.0%, wooded_badlands 0.0%, stony_shore 0.0%
  rivers: 313 segments, 0 flowing uphill, 30 lakes
terraincheck seed 12345: 0 problems (implausible neighbour pairs + uphill rivers)
terrainmap seed 777: 8192 x 8192 blocks every 16 (0.4 s), land 55%, max height 262
  biomes: deep_lukewarm_ocean 12.8%, warm_ocean 9.1%, taiga 8.1%, snowy_plains 7.5%, plains 6.6%, cold_ocean 6.5%, frozen_ocean 5.1%, forest 5.0%, lukewarm_ocean 4.1%, sparse_jungle 3.8%, jungle 3.4%, snowy_taiga 3.3%, ocean 3.2%, desert 2.7%, beach 2.5%, savanna 2.5%, deep_frozen_ocean 1.7%, dark_forest 1.4%, deep_ocean 1.2%, deep_cold_ocean 1.1%, old_growth_spruce_taiga 0.7%, badlands 0.7%, grove 0.6%, meadow 0.6%, mangrove_swamp 0.5%, snowy_slopes 0.5%, frozen_peaks 0.5%, snowy_beach 0.5%, birch_forest 0.4%, river 0.4%, pale_garden 0.4%, swamp 0.4%, bamboo_jungle 0.4%, old_growth_pine_taiga 0.4%, sunflower_plains 0.4%, old_growth_birch_forest 0.3%, jagged_peaks 0.3%, flower_forest 0.3%, stony_peaks 0.1%, savanna_plateau 0.1%, ice_spikes 0.1%, windswept_hills 0.1%, cherry_grove 0.1%, eroded_badlands 0.1%, wooded_badlands 0.0%, windswept_savanna 0.0%, windswept_forest 0.0%, mushroom_fields 0.0%, frozen_river 0.0%, windswept_gravelly_hills 0.0%
  not in this area: stony_shore
  rivers: 263 segments, 0 flowing uphill, 18 lakes
terraincheck seed 777: 0 problems (implausible neighbour pairs + uphill rivers)
terrainmap seed 424242: 8192 x 8192 blocks every 16 (0.4 s), land 62%, max height 278
  biomes: taiga 8.0%, plains 7.7%, jungle 7.4%, cold_ocean 7.2%, forest 6.3%, sparse_jungle 5.3%, lukewarm_ocean 5.2%, ocean 4.9%, deep_cold_ocean 4.6%, savanna 4.1%, warm_ocean 4.1%, deep_ocean 3.7%, snowy_plains 3.2%, frozen_ocean 3.1%, deep_frozen_ocean 2.9%, beach 2.5%, desert 2.5%, meadow 2.4%, snowy_taiga 2.3%, deep_lukewarm_ocean 2.1%, dark_forest 1.1%, snowy_slopes 0.9%, grove 0.8%, jagged_peaks 0.7%, mangrove_swamp 0.7%, bamboo_jungle 0.6%, frozen_peaks 0.6%, river 0.6%, badlands 0.6%, cherry_grove 0.5%, snowy_beach 0.5%, flower_forest 0.5%, old_growth_spruce_taiga 0.4%, stony_peaks 0.4%, old_growth_pine_taiga 0.4%, savanna_plateau 0.3%, sunflower_plains 0.2%, pale_garden 0.2%, birch_forest 0.2%, windswept_hills 0.1%, swamp 0.1%, windswept_gravelly_hills 0.1%, ice_spikes 0.0%, old_growth_birch_forest 0.0%, windswept_forest 0.0%, eroded_badlands 0.0%, windswept_savanna 0.0%, mushroom_fields 0.0%, frozen_river 0.0%, stony_shore 0.0%
  not in this area: wooded_badlands
  rivers: 365 segments, 0 flowing uphill, 30 lakes
terraincheck seed 424242: 0 problems (implausible neighbour pairs + uphill rivers)
terrainmap seed 1: 8192 x 8192 blocks every 16 (0.4 s), land 65%, max height 262
  biomes: taiga 7.5%, plains 7.4%, jungle 7.0%, sparse_jungle 6.5%, snowy_plains 6.0%, forest 5.9%, warm_ocean 5.5%, ocean 4.9%, deep_cold_ocean 4.5%, snowy_taiga 4.4%, deep_frozen_ocean 4.3%, cold_ocean 4.2%, savanna 4.2%, lukewarm_ocean 4.2%, deep_lukewarm_ocean 3.1%, beach 3.0%, deep_ocean 2.7%, desert 2.6%, dark_forest 1.4%, frozen_ocean 1.3%, meadow 1.3%, bamboo_jungle 1.0%, grove 1.0%, badlands 0.9%, mangrove_swamp 0.7%, river 0.5%, old_growth_pine_taiga 0.4%, old_growth_spruce_taiga 0.4%, snowy_slopes 0.3%, cherry_grove 0.3%, snowy_beach 0.3%, stony_peaks 0.3%, savanna_plateau 0.3%, birch_forest 0.3%, old_growth_birch_forest 0.2%, pale_garden 0.2%, flower_forest 0.2%, jagged_peaks 0.2%, frozen_peaks 0.1%, swamp 0.1%, eroded_badlands 0.1%, sunflower_plains 0.1%, ice_spikes 0.0%, windswept_hills 0.0%, frozen_river 0.0%, windswept_savanna 0.0%, windswept_forest 0.0%, mushroom_fields 0.0%, wooded_badlands 0.0%, stony_shore 0.0%, windswept_gravelly_hills 0.0%
  rivers: 282 segments, 0 flowing uphill, 37 lakes
terraincheck seed 1: 0 problems (implausible neighbour pairs + uphill rivers)
terrainmap seed 98765: 8192 x 8192 blocks every 16 (0.3 s), land 66%, max height 263
  biomes: taiga 7.6%, jungle 7.1%, plains 6.9%, deep_lukewarm_ocean 6.7%, lukewarm_ocean 6.6%, forest 6.0%, warm_ocean 5.6%, snowy_plains 5.6%, sparse_jungle 5.3%, cold_ocean 5.2%, ocean 4.2%, snowy_taiga 4.1%, beach 2.9%, dark_forest 2.1%, savanna 2.1%, old_growth_spruce_taiga 2.0%, meadow 2.0%, desert 1.9%, deep_ocean 1.9%, frozen_ocean 1.9%, old_growth_pine_taiga 1.5%, deep_frozen_ocean 1.2%, mangrove_swamp 1.0%, deep_cold_ocean 1.0%, snowy_slopes 0.9%, bamboo_jungle 0.6%, river 0.6%, frozen_peaks 0.6%, jagged_peaks 0.6%, grove 0.6%, birch_forest 0.5%, stony_peaks 0.5%, cherry_grove 0.5%, pale_garden 0.4%, old_growth_birch_forest 0.4%, flower_forest 0.2%, snowy_beach 0.2%, swamp 0.2%, ice_spikes 0.2%, sunflower_plains 0.2%, savanna_plateau 0.1%, windswept_hills 0.1%, badlands 0.1%, windswept_forest 0.1%, frozen_river 0.1%, windswept_gravelly_hills 0.0%, mushroom_fields 0.0%, eroded_badlands 0.0%, wooded_badlands 0.0%, windswept_savanna 0.0%, stony_shore 0.0%
  rivers: 399 segments, 0 flowing uphill, 31 lakes
terraincheck seed 98765: 0 problems (implausible neighbour pairs + uphill rivers)
terraincheck total: 0 problems over 5 seeds
genbench breakdown per chunk: terrain fields 0.15 ms (cold), blocks 2.07 ms, tints 0.05 ms
genbench seed 12345: 2.31 ms/chunk mean (p95 4.50, max 5.90) single-thread cold, 1.41 ms warm, 1440 chunks/s parallel
genbench water: 4862 water blocks above y 22, 0 beside open air at the same level
kelpcheck   seagrass at 862 56 457: above dark_oak_planks, column top y 62, highest water y 62, biome lukewarmOcean
kelpcheck seed 777 around 600 300 (1369 chunks): 55886 water-plant blocks, 1 not under water, 0 at or above sea level
structcheck: mineshaft at 88 23 136: start cell 88 23 136 (dirt under), reaches 1216 cells (1202 without jumps), 1216 inside the structure up to y 24, box 19...28
structcheck: mineshaft at -232 3 -232: start cell -232 3 -232 (dirt under), reaches 1641 cells (1466 without jumps), 1376 inside the structure up to y 10, box 2...10
structcheck: mineshaft at 24 29 -168: start cell 24 29 -168 (dirt under), reaches 2630 cells (1466 without jumps), 2174 inside the structure up to y 34, box 28...34
structcheck: ancient_city at 904 -50 -268: start cell 904 -51 -268 (deepslate_tiles under), reaches 7436 cells (7412 without jumps), 7396 inside the structure up to y -49, box -55...-27
structcheck: ancient_city at -136 -50 836: start cell -136 -51 836 (deepslate_tiles under), reaches 7376 cells (7358 without jumps), 7376 inside the structure up to y -50, box -55...-27
structcheck: ancient_city at -1064 -50 484: start cell -1064 -51 484 (sculk under), reaches 7742 cells (7664 without jumps), 7425 inside the structure up to y -49, box -55...-27
structcheck: trial_chambers at 184 -29 184: start cell 184 -29 184 (trial_spawner under), reaches 825 cells (803 without jumps), 825 inside the structure up to y -29, box -32...-14
structcheck: trial_chambers at -232 -22 -312: start cell -232 -22 -312 (trial_spawner under), reaches 825 cells (803 without jumps), 825 inside the structure up to y -22, box -25...-7
structcheck: trial_chambers at 344 -21 -200: start cell 344 -21 -200 (trial_spawner under), reaches 825 cells (805 without jumps), 825 inside the structure up to y -21, box -24...-6
structcheck: stronghold at 604 2 1619: start cell 604 2 1619 (infested_stone_bricks under), reaches 1175 cells (1081 without jumps), 1175 inside the structure up to y 7, box -10...41
structcheck: stronghold at -2304 8 -381: start cell -2304 8 -381 (stone_bricks under), reaches 1488 cells (1424 without jumps), 1488 inside the structure up to y 13, box -4...47
structcheck: stronghold at 1428 23 -1597: start cell 1428 23 -1597 (stone_bricks under), reaches 1378 cells (1285 without jumps), 1378 inside the structure up to y 28, box 11...62
structcheck: fortress at 136 62 24: start cell 136 62 24 (nether_bricks under), reaches 8137 cells (7020 without jumps), 6452 inside the structure up to y 67, box 1...69
structcheck: fortress at -104 69 -264: start cell -104 69 -264 (nether_bricks under), reaches 5848 cells (4227 without jumps), 4686 inside the structure up to y 76, box 8...76
structcheck: fortress at 568 58 -120: start cell 568 58 -120 (nether_bricks under), reaches 1350 cells (1168 without jumps), 1350 inside the structure up to y 60, box -3...65
structcheck: bastion at 200 34 -334: start cell 200 34 -334 (polished_blackstone under), reaches 1553 cells (1075 without jumps), 1553 inside the structure up to y 42, box -7...67
structcheck: bastion at 520 44 104: start cell 520 44 104 (blackstone under), reaches 296 cells (266 without jumps), 296 inside the structure up to y 46, box -7...67
structcheck: bastion at -88 34 722: start cell -88 34 722 (polished_blackstone under), reaches 3387 cells (1380 without jumps), 2474 inside the structure up to y 55, box -7...67
structcheck: end_city at 400 67 -1216: start cell 400 65 -1216 (end_stone under), reaches 2128 cells (1163 without jumps), 1491 inside the structure up to y 90, box 55...102
structcheck: end_city at -1136 63 1088: start cell -1136 59 1088 (end_stone under), reaches 1329 cells (197 without jumps), 815 inside the structure up to y 85, box 51...95
structcheck: end_city at 992 65 1360: start cell 992 62 1360 (end_stone under), reaches 2820 cells (255 without jumps), 1722 inside the structure up to y 88, box 53...100
structcheck: mineshaft at 168 -38 56: start cell 168 -38 56 (dirt under), reaches 2356 cells (1262 without jumps), 1981 inside the structure up to y -30, box -39...-30
structcheck: mineshaft at -232 29 -120: start cell -232 29 -120 (dirt under), reaches 1799 cells (1493 without jumps), 1498 inside the structure up to y 35, box 28...35
structcheck: mineshaft at 216 -6 -248: start cell 216 -6 -248 (dirt under), reaches 6362 cells (1230 without jumps), 2581 inside the structure up to y 1, box -10...1
structcheck: ancient_city at 1016 -50 -396: start cell 1016 -51 -396 (deepslate_tiles under), reaches 7508 cells (7383 without jumps), 7379 inside the structure up to y -50, box -55...-27
structcheck: ancient_city at 472 -50 820: start cell 472 -51 820 (deepslate_tiles under), reaches 7490 cells (7404 without jumps), 7396 inside the structure up to y -49, box -55...-27
structcheck: ancient_city at -984 -50 -988: start cell -984 -51 -988 (deepslate_tiles under), reaches 7423 cells (7365 without jumps), 7376 inside the structure up to y -49, box -55...-27
structcheck: trial_chambers at 216 -21 72: start cell 216 -21 72 (trial_spawner under), reaches 825 cells (803 without jumps), 825 inside the structure up to y -21, box -24...-6
structcheck: trial_chambers at -504 -19 -328: start cell -504 -19 -328 (trial_spawner under), reaches 825 cells (801 without jumps), 825 inside the structure up to y -19, box -22...-4
structcheck: trial_chambers at 72 -33 -328: start cell 72 -33 -328 (trial_spawner under), reaches 825 cells (803 without jumps), 825 inside the structure up to y -33, box -36...-18
structcheck: stronghold at -712 1 1499: start cell -712 1 1499 (stone_bricks under), reaches 1180 cells (1101 without jumps), 1180 inside the structure up to y 6, box -11...40
structcheck: stronghold at -960 8 -1521: start cell -960 8 -1521 (mossy_stone_bricks under), reaches 1261 cells (1166 without jumps), 1261 inside the structure up to y 13, box -4...47
structcheck: stronghold at 2496 9 -113: start cell 2496 9 -113 (stone_bricks under), reaches 1606 cells (1466 without jumps), 1606 inside the structure up to y 14, box -3...48
structcheck: fortress at 696 65 -408: start cell 696 65 -408 (nether_bricks under), reaches 2054 cells (1542 without jumps), 2054 inside the structure up to y 67, box 4...72
structcheck: fortress at -88 70 88: start cell -88 70 88 (nether_bricks under), reaches 1112 cells (1025 without jumps), 1112 inside the structure up to y 72, box 9...77
structcheck: fortress at 360 54 648: start cell 360 54 648 (nether_bricks under), reaches 1226 cells (946 without jumps), 1064 inside the structure up to y 61, box -7...61
structcheck: bastion at 184 34 162: start cell 184 34 162 (polished_blackstone under), reaches 1610 cells (1081 without jumps), 1574 inside the structure up to y 42, box -7...67
structcheck: bastion at -424 34 -318: start cell -424 34 -318 (polished_blackstone under), reaches 1553 cells (1075 without jumps), 1553 inside the structure up to y 42, box -7...67
structcheck: bastion at 232 44 -328: start cell 232 44 -328 (blackstone under), reaches 5771 cells (223 without jumps), 4651 inside the structure up to y 67, box -7...67
structcheck: end_city at 976 66 464: start cell 976 65 464 (end_stone under), reaches 1275 cells (1033 without jumps), 783 inside the structure up to y 83, box 54...93
structcheck: end_city at -1152 65 128: start cell -1152 63 128 (end_stone under), reaches 1526 cells (415 without jumps), 792 inside the structure up to y 82, box 53...92
structcheck: end_city at -1200 62 -1520: start cell -1200 59 -1520 (end_stone under), reaches 2029 cells (732 without jumps), 1406 inside the structure up to y 95, box 50...107
structcheck: mineshaft at 88 -15 232: start cell 88 -15 232 (dirt under), reaches 1333 cells (1058 without jumps), 1116 inside the structure up to y -9, box -16...-9
structcheck: mineshaft at -152 -19 -184: start cell -152 -19 -184 (dirt under), reaches 1086 cells (959 without jumps), 1086 inside the structure up to y -16, box -23...-14
structcheck: mineshaft at 88 22 -120: start cell 88 22 -120 (dirt under), reaches 3287 cells (1248 without jumps), 2432 inside the structure up to y 27, box 18...27
structcheck: ancient_city at -376 -50 -556: start cell -376 -51 -556 (sculk under), reaches 7547 cells (7475 without jumps), 7324 inside the structure up to y -49, box -55...-27
structcheck: ancient_city at 904 -50 468: start cell 904 -51 468 (deepslate_tiles under), reaches 7343 cells (7326 without jumps), 7341 inside the structure up to y -50, box -55...-27
structcheck: ancient_city at -760 -50 916: start cell -760 -51 916 (sculk under), reaches 7700 cells (7412 without jumps), 7340 inside the structure up to y -50, box -55...-27
structcheck: trial_chambers at 104 -33 88: start cell 104 -33 88 (trial_spawner under), reaches 825 cells (801 without jumps), 825 inside the structure up to y -33, box -36...-18
structcheck: trial_chambers at -280 -27 -296: start cell -280 -27 -296 (trial_spawner under), reaches 825 cells (803 without jumps), 825 inside the structure up to y -27, box -30...-12
structcheck: trial_chambers at 40 -35 -392: start cell 40 -35 -392 (trial_spawner under), reaches 825 cells (804 without jumps), 825 inside the structure up to y -35, box -38...-20
structcheck: stronghold at -2200 -8 -485: start cell -2200 -8 -485 (cracked_stone_bricks under), reaches 898 cells (836 without jumps), 898 inside the structure up to y -3, box -20...31
structcheck: stronghold at 768 1 2287: start cell 768 1 2287 (stone_bricks under), reaches 1402 cells (1277 without jumps), 1402 inside the structure up to y 6, box -11...40
structcheck: stronghold at 1648 13 -1721: start cell 1648 13 -1721 (stone_bricks under), reaches 1653 cells (1560 without jumps), 1653 inside the structure up to y 18, box 1...52
structcheck: fortress at 632 53 248: start cell 632 53 248 (nether_bricks under), reaches 6557 cells (2550 without jumps), 4571 inside the structure up to y 60, box -8...60
structcheck: fortress at 664 50 504: start cell 664 50 504 (nether_bricks under), reaches 3634 cells (1460 without jumps), 2469 inside the structure up to y 57, box -11...57
structcheck: fortress at 56 62 -648: start cell 56 62 -648 (nether_bricks under), reaches 5308 cells (4631 without jumps), 4342 inside the structure up to y 64, box 1...69
structcheck: bastion at 72 46 306: start cell 72 46 306 (polished_blackstone_bricks under), reaches 1807 cells (360 without jumps), 1001 inside the structure up to y 56, box -7...67
structcheck: bastion at -120 44 -72: start cell -120 44 -72 (blackstone under), reaches 356 cells (237 without jumps), 356 inside the structure up to y 46, box -7...67
structcheck: bastion at 360 44 -408: start cell 360 44 -408 (polished_blackstone_bricks under), reaches 281 cells (266 without jumps), 281 inside the structure up to y 45, box -7...67
structcheck: end_city at 784 64 -816: start cell 784 64 -816 (end_stone under), reaches 1879 cells (1458 without jumps), 1334 inside the structure up to y 92, box 52...104
structcheck: end_city at 1088 62 96: start cell 1088 64 96 (end_stone under), reaches 2168 cells (1542 without jumps), 1514 inside the structure up to y 90, box 50...102
structcheck: end_city at 1344 65 -1232: start cell 1344 64 -1232 (end_stone under), reaches 1521 cells (1320 without jumps), 789 inside the structure up to y 82, box 53...92
structcheck # Structure check
structcheck 
structcheck Seeds 12345, 777, 424242, up to 3 per kind. Walk model: steps <= 0.6 walk, <= 1.25 jump, drops <= 3.
structcheck 
structcheck | kind | checked | doors | POIs | mobs | issues |
structcheck |---|---|---|---|---|---|
structcheck | ancient_city | 9 | 0 | 74 | 0 | unstable 9 |
structcheck | bastion | 9 | 0 | 16 | 34 | unstable 3 |
structcheck | desert_well | 4 | 0 | 0 | 0 | - |
structcheck | end_centre | 3 | 0 | 0 | 30 | - |
structcheck | end_city | 9 | 0 | 33 | 46 | unstable 9 |
structcheck | fortress | 9 | 0 | 16 | 0 | unstable 7 |
structcheck | fossil | 2 | 0 | 0 | 0 | - |
structcheck | great_ruin | 9 | 0 | 19 | 1 | unstable 9 |
structcheck | mansion | 4 | 0 | 371 | 44 | unstable 4 |
structcheck | military_base | 9 | 0 | 99 | 333 | unstable 9 |
structcheck | mineshaft | 9 | 0 | 28 | 0 | unstable 3 |
structcheck | monument | 9 | 0 | 0 | 81 | unstable 9 |
structcheck | ocean_ruin | 9 | 0 | 0 | 9 | unstable 4 |
structcheck | pillager_outpost | 7 | 0 | 26 | 48 | unstable 7 |
structcheck | ruined_portal | 9 | 0 | 9 | 0 | unstable 1 |
structcheck | shipwreck | 9 | 0 | 0 | 0 | unstable 1 |
structcheck | stronghold | 9 | 0 | 80 | 0 | unstable 7 |
structcheck | temple | 9 | 0 | 29 | 1 | - |
structcheck | trail_ruins | 9 | 0 | 0 | 0 | - |
structcheck | trial_chambers | 9 | 0 | 19 | 0 | unstable 9 |
structcheck | village | 9 | 125 | 333 | 207 | - |
structcheck: 164 instances, 98 issues (unstable 98) in 23.0 s
behaviorsim spin: rabbit at 88.4 125.0 -309.8, meet/stroll/moving, goal 86.5 126.0 -316.5 (6.95 away), path 0/8, turned 1218 deg in 10 s, moved 0.90
behaviorsim trace: rabbit at 88.45 125.00 -309.83 (spin meet/stroll/moving), feet in air on grass_block, yaw -178
  path ahead: 88,125,-309 (air on grass_block); 88,125,-308 (air on grass_block); 88,125,-307 (air on grass_block); 88,125,-306 (pink_petals on grass_block)
  around feet (feet/head): 1,0: air/air; -1,0: pink_petals/air; 0,1: air/air; 0,-1: air/air
      pre 88.448,189.000,-309.829 vel 0.03,-1.40,2.54 -> 88.450,189.000,-309.702 hit -y- ground 1 speed 3.75 yaw -178
        node 0/8 at 88,125,-309, stall 0.2 s, moving yes, ai 0.8
      pre 88.450,189.000,-309.702 vel 0.08,-1.40,3.08 -> 88.454,189.000,-309.548 hit -y- ground 1 speed 3.75 yaw -178
        node 0/8 at 88,125,-309, stall 0.2 s, moving yes, ai 0.8
      pre 88.454,189.000,-309.548 vel 0.12,-1.40,3.38 -> 88.460,189.000,-309.379 hit -y- ground 1 speed 3.75 yaw -177
        node 0/8 at 88,125,-309, stall 0.2 s, moving yes, ai 0.7
      pre 88.460,189.000,-309.379 vel 0.14,-1.40,3.55 -> 88.467,189.000,-309.202 hit -y- ground 1 speed 3.75 yaw -177
        node 0/8 at 88,125,-309, stall 0.3 s, moving yes, ai 0.7
      pre 88.467,189.000,-309.202 vel 0.16,-1.40,3.64 -> 88.475,189.000,-309.020 hit -y- ground 1 speed 3.75 yaw -177
        node 0/8 at 88,125,-309, stall 0.4 s, moving yes, ai 0.6
      pre 88.475,189.000,-309.020 vel 0.17,-1.40,3.69 -> 88.483,189.000,-308.835 hit -y- ground 1 speed 3.75 yaw -177
        node 0/8 at 88,125,-309, stall 0.4 s, moving yes, ai 0.6
      pre 88.483,189.000,-308.835 vel 0.18,-1.40,3.71 -> 88.492,189.000,-308.650 hit -y- ground 1 speed 3.75 yaw -177
        node 0/8 at 88,125,-309, stall 0.0 s, moving yes, ai 0.5
      pre 88.492,189.000,-308.650 vel 0.11,-1.40,3.73 -> 88.498,189.000,-308.463 hit -y- ground 1 speed 3.75 yaw -180
        node 1/8 at 88,125,-308, stall 0.1 s, moving yes, ai 0.5
      pre 88.498,189.000,-308.463 vel 0.06,-1.40,3.74 -> 88.501,189.000,-308.276 hit -y- ground 1 speed 3.75 yaw -180
        node 1/8 at 88,125,-308, stall 0.1 s, moving yes, ai 0.4
      pre 88.501,189.000,-308.276 vel 0.03,-1.40,3.74 -> 88.502,189.000,-308.089 hit -y- ground 1 speed 3.75 yaw 180
        node 1/8 at 88,125,-308, stall 0.2 s, moving yes, ai 0.4
      pre 88.502,189.000,-308.089 vel 0.02,-1.40,3.75 -> 88.503,189.000,-307.902 hit -y- ground 1 speed 3.75 yaw 180
        node 2/8 at 88,125,-307, stall 0.2 s, moving yes, ai 0.3
      pre 88.503,189.000,-307.902 vel 0.00,-1.40,3.75 -> 88.503,189.000,-307.714 hit -y- ground 1 speed 3.75 yaw 180
        node 2/8 at 88,125,-307, stall 0.0 s, moving yes, ai 0.3
      pre 88.503,189.000,-307.714 vel 0.00,-1.40,2.87 -> 88.503,189.000,-307.571 hit -y- ground 1 speed 1.80 yaw 180
        node 2/8 at 88,125,-307, stall 0.1 s, moving yes, ai 0.2
      pre 88.503,189.000,-307.571 vel -0.00,-1.40,2.39 -> 88.503,189.000,-307.452 hit -y- ground 1 speed 1.80 yaw 180
        node 2/8 at 88,125,-307, stall 0.1 s, moving yes, ai 0.2
      pre 88.503,189.000,-307.452 vel -0.00,-1.40,2.12 -> 88.503,189.000,-307.346 hit -y- ground 1 speed 1.80 yaw 180
        node 2/8 at 88,125,-307, stall 0.2 s, moving yes, ai 0.1
      pre 88.503,189.000,-307.346 vel -0.00,-1.40,0.35 -> 88.503,189.000,-307.328 hit -y- ground 1 speed 1.80 yaw 0
        node 0/9 at 88,125,-309, stall 0.2 s, moving yes, ai 0.1
      pre 88.503,189.000,-307.328 vel -0.00,3.60,-0.62 -> 88.503,189.180,-307.359 hit --- ground 1 speed 1.80 yaw 0
        node 0/9 at 88,125,-309, stall 0.2 s, moving yes, ai 0.0
      pre 88.503,189.180,-307.359 vel -0.00,2.20,-0.53 -> 88.502,189.290,-307.385 hit --- ground 0 speed 0.00 yaw 0
        node 0/9 at 88,125,-309, stall 0.0 s, moving no, ai 2.2
      pre 88.502,189.290,-307.385 vel -0.00,0.80,-0.46 -> 88.502,189.330,-307.408 hit --- ground 0 speed 0.00 yaw 0
        node 0/9 at 88,125,-309, stall 0.0 s, moving no, ai 2.1
      pre 88.502,189.330,-307.408 vel -0.00,-0.60,-0.39 -> 88.502,189.300,-307.428 hit --- ground 0 speed 0.00 yaw 0
        node 0/9 at 88,125,-309, stall 0.0 s, moving no, ai 2.1
      pre 88.502,189.300,-307.428 vel -0.00,-2.00,-0.34 -> 88.502,189.200,-307.445 hit --- ground 0 speed 0.00 yaw 0
        node 0/9 at 88,125,-309, stall 0.0 s, moving no, ai 2.0
      pre 88.502,189.200,-307.445 vel -0.00,-3.40,-0.29 -> 88.502,189.030,-307.460 hit --- ground 0 speed 0.00 yaw 0
        node 0/9 at 88,125,-309, stall 0.0 s, moving no, ai 2.0
      pre 88.502,189.030,-307.460 vel -0.00,-4.80,-0.16 -> 88.502,189.000,-307.468 hit -y- ground 1 speed 0.00 yaw 0
        node 0/9 at 88,125,-309, stall 0.0 s, moving no, ai 1.9
      pre 88.502,189.000,-307.468 vel -0.00,-1.40,-0.09 -> 88.502,189.000,-307.472 hit -y- ground 1 speed 0.00 yaw 0
        node 0/9 at 88,125,-309, stall 0.0 s, moving no, ai 1.9
      pre 88.502,189.000,-307.472 vel -0.00,-1.40,-0.05 -> 88.502,189.000,-307.475 hit -y- ground 1 speed 0.00 yaw 0
        node 0/9 at 88,125,-309, stall 0.0 s, moving no, ai 1.8
      pre 88.502,189.000,-307.475 vel -0.00,-1.40,-0.03 -> 88.502,189.000,-307.476 hit -y- ground 1 speed 0.00 yaw 0
        node 0/9 at 88,125,-309, stall 0.0 s, moving no, ai 1.8
      pre 88.502,189.000,-307.476 vel -0.00,-1.40,-0.01 -> 88.502,189.000,-307.477 hit -y- ground 1 speed 0.00 yaw 0
        node 0/9 at 88,125,-309, stall 0.0 s, moving no, ai 1.7
      pre 88.502,189.000,-307.477 vel -0.00,-1.40,-0.01 -> 88.502,189.000,-307.477 hit -y- ground 1 speed 0.00 yaw 0
        node 0/9 at 88,125,-309, stall 0.0 s, moving no, ai 1.7
      pre 88.502,189.000,-307.477 vel -0.00,-1.40,-0.00 -> 88.502,189.000,-307.477 hit -y- ground 1 speed 0.00 yaw 0
        node 0/9 at 88,125,-309, stall 0.0 s, moving no, ai 1.6
      pre 88.502,189.000,-307.477 vel -0.00,-1.40,-0.00 -> 88.502,189.000,-307.477 hit -y- ground 1 speed 0.00 yaw 0
        node 0/9 at 88,125,-309, stall 0.0 s, moving no, ai 1.6
      pre 88.502,189.000,-307.477 vel -0.00,-1.40,-0.00 -> 88.502,189.000,-307.477 hit -y- ground 1 speed 0.00 yaw 0
        node 0/9 at 88,125,-309, stall 0.0 s, moving no, ai 1.5
      pre 88.502,189.000,-307.477 vel -0.00,-1.40,-0.00 -> 88.502,189.000,-307.477 hit -y- ground 1 speed 0.00 yaw 0
        node 0/9 at 88,125,-309, stall 0.0 s, moving no, ai 1.5
      pre 88.502,189.000,-307.477 vel -0.00,-1.40,-0.00 -> 88.502,189.000,-307.477 hit -y- ground 1 speed 0.00 yaw 0
        node 0/9 at 88,125,-309, stall 0.0 s, moving no, ai 1.4
      pre 88.502,189.000,-307.477 vel -0.00,-1.40,-0.00 -> 88.502,189.000,-307.477 hit -y- ground 1 speed 0.00 yaw 0
        node 0/9 at 88,125,-309, stall 0.0 s, moving no, ai 1.4
      pre 88.502,189.000,-307.477 vel -0.00,-1.40,-0.00 -> 88.502,189.000,-307.477 hit -y- ground 1 speed 0.00 yaw 0
        node 0/9 at 88,125,-309, stall 0.0 s, moving no, ai 1.3
      pre 88.502,189.000,-307.477 vel -0.00,-1.40,-0.00 -> 88.502,189.000,-307.477 hit -y- ground 1 speed 0.00 yaw 0
        node 0/9 at 88,125,-309, stall 0.0 s, moving no, ai 1.3
      pre 88.502,189.000,-307.477 vel -0.00,-1.40,-0.00 -> 88.502,189.000,-307.477 hit -y- ground 1 speed 0.00 yaw 0
        node 0/9 at 88,125,-309, stall 0.0 s, moving no, ai 1.2
      pre 88.502,189.000,-307.477 vel -0.00,-1.40,-0.00 -> 88.502,189.000,-307.477 hit -y- ground 1 speed 0.00 yaw 0
        node 0/9 at 88,125,-309, stall 0.0 s, moving no, ai 1.2
      pre 88.502,189.000,-307.477 vel -0.00,-1.40,-0.00 -> 88.502,189.000,-307.477 hit -y- ground 1 speed 0.00 yaw 0
        node 0/9 at 88,125,-309, stall 0.0 s, moving no, ai 1.1
      pre 88.502,189.000,-307.477 vel -0.00,-1.40,-0.00 -> 88.502,189.000,-307.477 hit -y- ground 1 speed 0.00 yaw 0
        node 0/9 at 88,125,-309, stall 0.0 s, moving no, ai 1.1
      pre 88.502,189.000,-307.477 vel -0.00,-1.40,-0.00 -> 88.502,189.000,-307.477 hit -y- ground 1 speed 0.00 yaw 0
        node 0/9 at 88,125,-309, stall 0.0 s, moving no, ai 1.0
      pre 88.502,189.000,-307.477 vel -0.00,-1.40,-0.00 -> 88.502,189.000,-307.477 hit -y- ground 1 speed 0.00 yaw 0
        node 0/9 at 88,125,-309, stall 0.0 s, moving no, ai 1.0
      pre 88.502,189.000,-307.477 vel -0.00,-1.40,-0.00 -> 88.502,189.000,-307.477 hit -y- ground 1 speed 0.00 yaw 0
        node 0/9 at 88,125,-309, stall 0.0 s, moving no, ai 0.9
      pre 88.502,189.000,-307.477 vel -0.00,-1.40,-0.00 -> 88.502,189.000,-307.477 hit -y- ground 1 speed 0.00 yaw 0
        node 0/9 at 88,125,-309, stall 0.0 s, moving no, ai 0.9
      pre 88.502,189.000,-307.477 vel -0.00,-1.40,-0.00 -> 88.502,189.000,-307.477 hit -y- ground 1 speed 0.00 yaw 0
        node 0/9 at 88,125,-309, stall 0.0 s, moving no, ai 0.8
      pre 88.502,189.000,-307.477 vel -0.00,-1.40,-0.00 -> 88.502,189.000,-307.477 hit -y- ground 1 speed 0.00 yaw 0
        node 0/9 at 88,125,-309, stall 0.0 s, moving no, ai 0.8
      pre 88.502,189.000,-307.477 vel -0.00,-1.40,-1.69 -> 88.502,189.000,-307.562 hit -y- ground 1 speed 3.75 yaw 0
        node 0/9 at 88,125,-309, stall 0.1 s, moving yes, ai 0.7
      pre 88.502,189.000,-307.562 vel -0.00,-1.40,-2.62 -> 88.501,189.000,-307.693 hit -y- ground 1 speed 3.75 yaw 0
        node 0/9 at 88,125,-309, stall 0.1 s, moving yes, ai 0.7
      pre 88.501,189.000,-307.693 vel -0.01,-1.40,-3.13 -> 88.501,189.000,-307.850 hit -y- ground 1 speed 3.75 yaw 0
        node 0/9 at 88,125,-309, stall 0.2 s, moving yes, ai 0.6
      pre 88.501,189.000,-307.850 vel -0.01,-1.40,-3.41 -> 88.501,189.000,-308.020 hit -y- ground 1 speed 3.75 yaw 0
        node 0/9 at 88,125,-309, stall 0.2 s, moving yes, ai 0.6
      pre 88.501,189.000,-308.020 vel -0.01,-1.40,-3.56 -> 88.501,189.000,-308.198 hit -y- ground 1 speed 3.75 yaw 0
        node 0/9 at 88,125,-309, stall 0.2 s, moving yes, ai 0.5
      pre 88.501,189.000,-308.198 vel -0.01,-1.40,-3.65 -> 88.500,189.000,-308.381 hit -y- ground 1 speed 3.75 yaw 0
        node 0/9 at 88,125,-309, stall 0.3 s, moving yes, ai 0.5
      pre 88.500,189.000,-308.381 vel -0.00,-1.40,-3.69 -> 88.500,189.000,-308.565 hit -y- ground 1 speed 3.75 yaw 0
        node 1/9 at 88,125,-310, stall 0.0 s, moving yes, ai 0.4
      pre 88.500,189.000,-308.565 vel -0.00,-1.40,-3.72 -> 88.500,189.000,-308.751 hit -y- ground 1 speed 3.75 yaw 0
        node 1/9 at 88,125,-310, stall 0.1 s, moving yes, ai 0.4
      pre 88.500,189.000,-308.751 vel -0.00,-1.40,-3.73 -> 88.500,189.000,-308.938 hit -y- ground 1 speed 3.75 yaw -0
        node 1/9 at 88,125,-310, stall 0.1 s, moving yes, ai 0.3
      pre 88.500,189.000,-308.938 vel -0.00,-1.40,-3.74 -> 88.500,189.000,-309.125 hit -y- ground 1 speed 3.75 yaw -0
        node 2/9 at 88,125,-311, stall 0.2 s, moving yes, ai 0.3
      pre 88.500,189.000,-309.125 vel -0.00,-1.40,-3.74 -> 88.500,189.000,-309.312 hit -y- ground 1 speed 3.75 yaw -0
        node 2/9 at 88,125,-311, stall 0.2 s, moving yes, ai 0.2
      pre 88.500,189.000,-309.312 vel 0.00,-1.40,-3.75 -> 88.500,189.000,-309.499 hit -y- ground 1 speed 3.75 yaw -0
        node 2/9 at 88,125,-311, stall 0.0 s, moving yes, ai 0.2
      pre 88.500,189.000,-309.499 vel 0.00,-1.40,-3.75 -> 88.500,189.000,-309.687 hit -y- ground 1 speed 3.75 yaw -0
        node 2/9 at 88,125,-311, stall 0.1 s, moving yes, ai 0.1
behaviorsim seed 12345: 192 mobs; fell 1, spinning 1
behaviorsim trace: villager at 981.40 71.00 252.79 (work/target/onpath), feet in oak_door[5] on cobblestone, yaw -4
  path ahead: 981,71,251 (air on oak_planks); 980,71,250 (air on oak_planks)
  around feet (feet/head): 1,0: cobblestone/oak_planks; -1,0: cobblestone/oak_planks; 0,1: air/air; 0,-1: air/air
      pre 981.399,135.000,252.790 vel 0.07,-1.40,-0.96 -> 981.403,135.000,252.742 hit -y- ground 1 speed 0.96 yaw -4
        node 5/7 at 981,71,251, stall 0.2 s, moving yes, ai -0.2
      pre 981.403,135.000,252.742 vel 0.07,-1.40,-0.96 -> 981.406,135.000,252.694 hit -y- ground 1 speed 0.96 yaw -4
        node 0/2 at 981,71,251, stall 0.3 s, moving yes, ai -0.2
      pre 981.406,135.000,252.694 vel 0.07,-1.40,-0.96 -> 981.410,135.000,252.646 hit -y- ground 1 speed 0.96 yaw -4
        node 0/2 at 981,71,251, stall 0.4 s, moving yes, ai -0.3
      pre 981.410,135.000,252.646 vel 0.07,-1.40,-0.96 -> 981.414,135.000,252.598 hit -y- ground 1 speed 0.96 yaw -4
        node 0/2 at 981,71,251, stall 0.4 s, moving yes, ai -0.3
      pre 981.414,135.000,252.598 vel 0.07,-1.40,-0.96 -> 981.418,135.000,252.551 hit -y- ground 1 speed 0.96 yaw -4
        node 0/2 at 981,71,251, stall 0.5 s, moving yes, ai -0.4
      pre 981.418,135.000,252.551 vel 0.08,-1.40,-0.96 -> 981.421,135.000,252.503 hit -y- ground 1 speed 0.96 yaw -4
        node 0/2 at 981,71,251, stall 0.5 s, moving yes, ai -0.4
      pre 981.421,135.000,252.503 vel 0.08,-1.40,-0.96 -> 981.425,135.000,252.455 hit -y- ground 1 speed 0.96 yaw -4
        node 0/2 at 981,71,251, stall 0.6 s, moving yes, ai -0.5
      pre 981.425,135.000,252.455 vel 0.08,-1.40,-0.96 -> 981.429,135.000,252.407 hit -y- ground 1 speed 0.96 yaw -4
        node 0/2 at 981,71,251, stall 0.6 s, moving yes, ai -0.5
      pre 981.429,135.000,252.407 vel 0.08,-1.40,-0.96 -> 981.433,135.000,252.359 hit -y- ground 1 speed 0.96 yaw -4
        node 0/2 at 981,71,251, stall 0.7 s, moving yes, ai -0.6
      pre 981.433,135.000,252.359 vel 0.08,-1.40,-0.96 -> 981.436,135.000,252.311 hit -y- ground 1 speed 0.96 yaw -4
        node 0/2 at 981,71,251, stall 0.7 s, moving yes, ai -0.6
      pre 981.436,135.000,252.311 vel 0.08,-1.40,-0.96 -> 981.440,135.000,252.263 hit -y- ground 1 speed 0.96 yaw -4
        node 0/2 at 981,71,251, stall 0.8 s, moving yes, ai -0.7
      pre 981.440,135.000,252.263 vel 0.08,-1.40,-0.96 -> 981.444,135.000,252.216 hit -y- ground 1 speed 0.96 yaw -4
        node 0/2 at 981,71,251, stall 0.0 s, moving yes, ai -0.7
      pre 981.444,135.000,252.216 vel 0.08,-1.40,-0.96 -> 981.448,135.000,252.168 hit -y- ground 1 speed 0.96 yaw -4
        node 0/2 at 981,71,251, stall 0.1 s, moving yes, ai -0.8
      pre 981.448,135.000,252.168 vel 0.08,-1.40,-0.96 -> 981.451,135.000,252.120 hit -y- ground 1 speed 0.96 yaw -4
        node 0/2 at 981,71,251, stall 0.1 s, moving yes, ai -0.8
      pre 981.451,135.000,252.120 vel 0.08,-1.40,-0.96 -> 981.455,135.000,252.072 hit -y- ground 1 speed 0.96 yaw -4
        node 0/2 at 981,71,251, stall 0.2 s, moving yes, ai -0.9
      pre 981.455,135.000,252.072 vel 0.08,-1.40,-0.96 -> 981.459,135.000,252.024 hit -y- ground 1 speed 0.96 yaw -4
        node 0/2 at 981,71,251, stall 0.2 s, moving yes, ai -0.9
      pre 981.459,135.000,252.024 vel 0.08,-1.40,-0.96 -> 981.463,135.000,251.976 hit -y- ground 1 speed 0.96 yaw -4
        node 0/2 at 981,71,251, stall 0.2 s, moving yes, ai -1.0
      pre 981.463,135.000,251.976 vel 0.08,-1.40,-0.96 -> 981.466,135.000,251.928 hit -y- ground 1 speed 0.96 yaw -4
        node 0/2 at 981,71,251, stall 0.3 s, moving yes, ai -1.0
      pre 981.466,135.000,251.928 vel 0.08,-1.40,-0.96 -> 981.470,135.000,251.881 hit -y- ground 1 speed 0.96 yaw -4
        node 0/2 at 981,71,251, stall 0.4 s, moving yes, ai -1.1
      pre 981.470,135.000,251.881 vel 0.08,-1.40,-0.96 -> 981.474,135.000,251.833 hit -y- ground 1 speed 0.96 yaw -4
        node 0/2 at 981,71,251, stall 0.4 s, moving yes, ai -1.1
      pre 981.474,135.000,251.833 vel 0.08,-1.40,-0.96 -> 981.478,135.000,251.785 hit -y- ground 1 speed 0.96 yaw -4
        node 0/2 at 981,71,251, stall 0.5 s, moving yes, ai -1.2
      pre 981.478,135.000,251.785 vel 0.04,-1.40,-0.53 -> 981.480,135.000,251.759 hit -y- ground 1 speed 0.00 yaw -4
        node 0/2 at 981,71,251, stall 0.0 s, moving no, ai 3.9
      pre 981.480,135.000,251.759 vel 0.02,-1.40,-0.29 -> 981.481,135.000,251.744 hit -y- ground 1 speed 0.00 yaw -4
        node 0/2 at 981,71,251, stall 0.0 s, moving no, ai 3.9
      pre 981.481,135.000,251.744 vel 0.01,-1.40,-0.16 -> 981.482,135.000,251.736 hit -y- ground 1 speed 0.00 yaw -4
        node 0/2 at 981,71,251, stall 0.0 s, moving no, ai 3.8
      pre 981.482,135.000,251.736 vel 0.01,-1.40,-0.09 -> 981.482,135.000,251.732 hit -y- ground 1 speed 0.00 yaw -4
        node 0/2 at 981,71,251, stall 0.0 s, moving no, ai 3.8
      pre 981.482,135.000,251.732 vel 0.00,-1.40,-0.05 -> 981.482,135.000,251.730 hit -y- ground 1 speed 0.00 yaw -4
        node 0/2 at 981,71,251, stall 0.0 s, moving no, ai 3.7
      pre 981.482,135.000,251.730 vel 0.00,-1.40,-0.03 -> 981.482,135.000,251.728 hit -y- ground 1 speed 0.00 yaw -4
        node 0/2 at 981,71,251, stall 0.0 s, moving no, ai 3.7
      pre 981.482,135.000,251.728 vel 0.00,-1.40,-0.01 -> 981.482,135.000,251.728 hit -y- ground 1 speed 0.00 yaw -4
        node 0/2 at 981,71,251, stall 0.0 s, moving no, ai 3.6
      pre 981.482,135.000,251.728 vel 0.00,-1.40,-0.01 -> 981.482,135.000,251.727 hit -y- ground 1 speed 0.00 yaw -4
        node 0/2 at 981,71,251, stall 0.0 s, moving no, ai 3.6
      pre 981.482,135.000,251.727 vel 0.00,-1.40,-0.00 -> 981.482,135.000,251.727 hit -y- ground 1 speed 0.00 yaw -4
        node 0/2 at 981,71,251, stall 0.0 s, moving no, ai 3.5
      pre 981.482,135.000,251.727 vel 0.00,-1.40,-0.00 -> 981.482,135.000,251.727 hit -y- ground 1 speed 0.00 yaw -4
        node 0/2 at 981,71,251, stall 0.0 s, moving no, ai 3.5
      pre 981.482,135.000,251.727 vel 0.00,-1.40,-0.00 -> 981.482,135.000,251.727 hit -y- ground 1 speed 0.00 yaw -4
        node 0/2 at 981,71,251, stall 0.0 s, moving no, ai 3.4
      pre 981.482,135.000,251.727 vel 0.00,-1.40,-0.00 -> 981.482,135.000,251.727 hit -y- ground 1 speed 0.00 yaw -4
        node 0/2 at 981,71,251, stall 0.0 s, moving no, ai 3.4
      pre 981.482,135.000,251.727 vel 0.00,-1.40,-0.00 -> 981.482,135.000,251.727 hit -y- ground 1 speed 0.00 yaw -4
        node 0/2 at 981,71,251, stall 0.0 s, moving no, ai 3.3
      pre 981.482,135.000,251.727 vel 0.00,-1.40,-0.00 -> 981.482,135.000,251.727 hit -y- ground 1 speed 0.00 yaw -4
        node 0/2 at 981,71,251, stall 0.0 s, moving no, ai 3.3
      pre 981.482,135.000,251.727 vel 0.00,-1.40,-0.00 -> 981.482,135.000,251.727 hit -y- ground 1 speed 0.00 yaw -4
        node 0/2 at 981,71,251, stall 0.0 s, moving no, ai 3.2
      pre 981.482,135.000,251.727 vel 0.00,-1.40,-0.00 -> 981.482,135.000,251.727 hit -y- ground 1 speed 0.00 yaw -4
        node 0/2 at 981,71,251, stall 0.0 s, moving no, ai 3.2
      pre 981.482,135.000,251.727 vel 0.00,-1.40,-0.00 -> 981.482,135.000,251.727 hit -y- ground 1 speed 0.00 yaw -4
        node 0/2 at 981,71,251, stall 0.0 s, moving no, ai 3.1
      pre 981.482,135.000,251.727 vel 0.00,-1.40,-0.00 -> 981.482,135.000,251.727 hit -y- ground 1 speed 0.00 yaw -4
        node 0/2 at 981,71,251, stall 0.0 s, moving no, ai 3.1
behaviorsim spin: chicken at 1031.5 77.0 182.5, work/stroll/moving, goal 1036.5 77.0 182.5 (4.96 away), path 1/6, turned 752 deg in 10 s, moved 0.92
behaviorsim trace: chicken at 1031.54 77.00 182.50 (spin work/stroll/moving), feet in air on grass_block, yaw -90
  path ahead: 1032,77,182 (air on grass_block); 1033,77,182 (air on grass_block); 1034,77,182 (air on grass_block); 1035,77,182 (short_grass on grass_block)
  around feet (feet/head): 1,0: air/air; -1,0: air/air; 0,1: short_grass/air; 0,-1: air/air
      pre 1031.540,141.000,182.498 vel 1.00,-1.40,0.00 -> 1031.590,141.000,182.498 hit -y- ground 1 speed 1.00 yaw -90
        node 1/6 at 1032,77,182, stall 3.1 s, moving yes, ai 4.2
      pre 1031.590,141.000,182.498 vel 1.00,-1.40,0.00 -> 1031.641,141.000,182.498 hit -y- ground 1 speed 1.00 yaw -90
        node 1/6 at 1032,77,182, stall 3.2 s, moving yes, ai 4.1
      pre 1031.641,141.000,182.498 vel 1.00,-1.40,0.00 -> 1031.691,141.000,182.498 hit -y- ground 1 speed 1.00 yaw -90
        node 1/6 at 1032,77,182, stall 3.2 s, moving yes, ai 4.1
      pre 1031.691,141.000,182.498 vel 1.00,-1.40,0.00 -> 1031.741,141.000,182.498 hit -y- ground 1 speed 1.00 yaw -90
        node 1/6 at 1032,77,182, stall 3.3 s, moving yes, ai 4.0
      pre 1031.741,141.000,182.498 vel 1.00,-1.40,0.00 -> 1031.791,141.000,182.498 hit -y- ground 1 speed 1.00 yaw -90
        node 1/6 at 1032,77,182, stall 3.3 s, moving yes, ai 4.0
      pre 1031.791,141.000,182.498 vel 1.00,-1.40,0.00 -> 1031.841,141.000,182.499 hit -y- ground 1 speed 1.00 yaw -90
        node 1/6 at 1032,77,182, stall 3.4 s, moving yes, ai 3.9
      pre 1031.841,141.000,182.499 vel 0.10,-1.40,0.00 -> 1031.846,141.000,182.499 hit -y- ground 1 speed 1.00 yaw 90
        node 0/3 at 1030,77,182, stall 3.4 s, moving yes, ai 3.9
      pre 1031.846,141.000,182.499 vel -0.40,-1.40,0.00 -> 1031.826,141.000,182.499 hit -y- ground 1 speed 1.00 yaw 90
        node 0/3 at 1030,77,182, stall 3.5 s, moving yes, ai 3.8
      pre 1031.826,141.000,182.499 vel -0.67,-1.40,0.00 -> 1031.792,141.000,182.499 hit -y- ground 1 speed 1.00 yaw 90
        node 0/3 at 1030,77,182, stall 3.5 s, moving yes, ai 3.8
      pre 1031.792,141.000,182.499 vel -0.82,-1.40,0.00 -> 1031.751,141.000,182.499 hit -y- ground 1 speed 1.00 yaw 90
        node 0/3 at 1030,77,182, stall 3.6 s, moving yes, ai 3.7
      pre 1031.751,141.000,182.499 vel -0.90,-1.40,0.00 -> 1031.706,141.000,182.499 hit -y- ground 1 speed 1.00 yaw 90
        node 0/3 at 1030,77,182, stall 3.6 s, moving yes, ai 3.7
      pre 1031.706,141.000,182.499 vel -0.95,-1.40,0.00 -> 1031.659,141.000,182.499 hit -y- ground 1 speed 1.00 yaw 90
        node 0/3 at 1030,77,182, stall 3.7 s, moving yes, ai 3.6
      pre 1031.659,141.000,182.499 vel -0.97,-1.40,0.00 -> 1031.611,141.000,182.499 hit -y- ground 1 speed 1.00 yaw 90
        node 0/3 at 1030,77,182, stall 3.7 s, moving yes, ai 3.6
      pre 1031.611,141.000,182.499 vel -0.98,-1.40,0.00 -> 1031.561,141.000,182.499 hit -y- ground 1 speed 1.00 yaw 90
        node 0/3 at 1030,77,182, stall 3.8 s, moving yes, ai 3.5
      pre 1031.561,141.000,182.499 vel -0.99,-1.40,0.00 -> 1031.512,141.000,182.499 hit -y- ground 1 speed 1.00 yaw 90
        node 0/3 at 1030,77,182, stall 3.8 s, moving yes, ai 3.5
      pre 1031.512,141.000,182.499 vel -1.00,-1.40,0.00 -> 1031.462,141.000,182.499 hit -y- ground 1 speed 1.00 yaw 90
        node 0/3 at 1030,77,182, stall 3.9 s, moving yes, ai 3.4
      pre 1031.462,141.000,182.499 vel -1.00,-1.40,0.00 -> 1031.412,141.000,182.499 hit -y- ground 1 speed 1.00 yaw 90
        node 0/3 at 1030,77,182, stall 3.9 s, moving yes, ai 3.4
      pre 1031.412,141.000,182.499 vel -1.00,-1.40,0.00 -> 1031.362,141.000,182.499 hit -y- ground 1 speed 1.00 yaw 90
        node 0/3 at 1030,77,182, stall 4.0 s, moving yes, ai 3.3
      pre 1031.362,141.000,182.499 vel -0.10,-1.40,0.00 -> 1031.357,141.000,182.499 hit -y- ground 1 speed 1.00 yaw -90
        no node (0), stall 0.0 s, moving yes, ai 3.3
      pre 1031.357,141.000,182.499 vel -0.05,-1.40,0.00 -> 1031.355,141.000,182.499 hit -y- ground 1 speed 0.00 yaw -90
        no node (0), stall 0.0 s, moving no, ai 4.8
      pre 1031.355,141.000,182.499 vel -0.03,-1.40,0.00 -> 1031.353,141.000,182.499 hit -y- ground 1 speed 0.00 yaw -90
        no node (0), stall 0.0 s, moving no, ai 4.8
      pre 1031.353,141.000,182.499 vel -0.02,-1.40,0.00 -> 1031.352,141.000,182.499 hit -y- ground 1 speed 0.00 yaw -90
        no node (0), stall 0.0 s, moving no, ai 4.7
      pre 1031.352,141.000,182.499 vel -0.01,-1.40,0.00 -> 1031.352,141.000,182.499 hit -y- ground 1 speed 0.00 yaw -90
        no node (0), stall 0.0 s, moving no, ai 4.7
      pre 1031.352,141.000,182.499 vel -0.00,-1.40,0.00 -> 1031.352,141.000,182.499 hit -y- ground 1 speed 0.00 yaw -90
        no node (0), stall 0.0 s, moving no, ai 4.6
      pre 1031.352,141.000,182.499 vel -0.00,-1.40,0.00 -> 1031.352,141.000,182.499 hit -y- ground 1 speed 0.00 yaw -90
        no node (0), stall 0.0 s, moving no, ai 4.6
      pre 1031.352,141.000,182.499 vel -0.00,-1.40,0.00 -> 1031.351,141.000,182.499 hit -y- ground 1 speed 0.00 yaw -90
        no node (0), stall 0.0 s, moving no, ai 4.5
      pre 1031.351,141.000,182.499 vel -0.00,-1.40,0.00 -> 1031.351,141.000,182.499 hit -y- ground 1 speed 0.00 yaw -90
        no node (0), stall 0.0 s, moving no, ai 4.5
      pre 1031.351,141.000,182.499 vel -0.00,-1.40,0.00 -> 1031.351,141.000,182.499 hit -y- ground 1 speed 0.00 yaw -90
        no node (0), stall 0.0 s, moving no, ai 4.4
      pre 1031.351,141.000,182.499 vel -0.00,-1.40,0.00 -> 1031.351,141.000,182.499 hit -y- ground 1 speed 0.00 yaw -90
        no node (0), stall 0.0 s, moving no, ai 4.4
      pre 1031.351,141.000,182.499 vel -0.00,-1.40,0.00 -> 1031.351,141.000,182.499 hit -y- ground 1 speed 0.00 yaw -90
        no node (0), stall 0.0 s, moving no, ai 4.3
      pre 1031.351,141.000,182.499 vel -0.00,-1.40,0.00 -> 1031.351,141.000,182.499 hit -y- ground 1 speed 0.00 yaw -90
        no node (0), stall 0.0 s, moving no, ai 4.3
      pre 1031.351,141.000,182.499 vel -0.00,-1.40,0.00 -> 1031.351,141.000,182.499 hit -y- ground 1 speed 0.00 yaw -90
        no node (0), stall 0.0 s, moving no, ai 4.2
      pre 1031.351,141.000,182.499 vel -0.00,-1.40,0.00 -> 1031.351,141.000,182.499 hit -y- ground 1 speed 0.00 yaw -90
        no node (0), stall 0.0 s, moving no, ai 4.2
      pre 1031.351,141.000,182.499 vel -0.00,-1.40,0.00 -> 1031.351,141.000,182.499 hit -y- ground 1 speed 0.00 yaw -90
        no node (0), stall 0.0 s, moving no, ai 4.1
      pre 1031.351,141.000,182.499 vel -0.00,-1.40,0.00 -> 1031.351,141.000,182.499 hit -y- ground 1 speed 0.00 yaw -90
        no node (0), stall 0.0 s, moving no, ai 4.1
      pre 1031.351,141.000,182.499 vel -0.00,-1.40,0.00 -> 1031.351,141.000,182.499 hit -y- ground 1 speed 0.00 yaw -90
        no node (0), stall 0.0 s, moving no, ai 4.0
      pre 1031.351,141.000,182.499 vel -0.00,-1.40,0.00 -> 1031.351,141.000,182.499 hit -y- ground 1 speed 0.00 yaw -90
        no node (0), stall 0.0 s, moving no, ai 4.0
      pre 1031.351,141.000,182.499 vel -0.00,-1.40,0.00 -> 1031.351,141.000,182.499 hit -y- ground 1 speed 0.00 yaw -90
        no node (0), stall 0.0 s, moving no, ai 3.9
      pre 1031.351,141.000,182.499 vel -0.00,-1.40,0.00 -> 1031.351,141.000,182.499 hit -y- ground 1 speed 0.00 yaw -90
        no node (0), stall 0.0 s, moving no, ai 3.9
      pre 1031.351,141.000,182.499 vel -0.00,-1.40,0.00 -> 1031.351,141.000,182.499 hit -y- ground 1 speed 0.00 yaw -90
        no node (0), stall 0.0 s, moving no, ai 3.8
      pre 1031.351,141.000,182.499 vel -0.00,-1.40,0.00 -> 1031.351,141.000,182.499 hit -y- ground 1 speed 0.00 yaw -90
        no node (0), stall 0.0 s, moving no, ai 3.8
      pre 1031.351,141.000,182.499 vel -0.00,-1.40,0.00 -> 1031.351,141.000,182.499 hit -y- ground 1 speed 0.00 yaw -90
        no node (0), stall 0.0 s, moving no, ai 3.7
      pre 1031.351,141.000,182.499 vel -0.00,-1.40,0.00 -> 1031.351,141.000,182.499 hit -y- ground 1 speed 0.00 yaw -90
        no node (0), stall 0.0 s, moving no, ai 3.7
      pre 1031.351,141.000,182.499 vel -0.00,-1.40,0.00 -> 1031.351,141.000,182.499 hit -y- ground 1 speed 0.00 yaw -90
        no node (0), stall 0.0 s, moving no, ai 3.6
      pre 1031.351,141.000,182.499 vel -0.00,-1.40,0.00 -> 1031.351,141.000,182.499 hit -y- ground 1 speed 0.00 yaw -90
        no node (0), stall 0.0 s, moving no, ai 3.6
      pre 1031.351,141.000,182.499 vel -0.00,-1.40,0.00 -> 1031.351,141.000,182.499 hit -y- ground 1 speed 0.00 yaw -90
        no node (0), stall 0.0 s, moving no, ai 3.5
      pre 1031.351,141.000,182.499 vel -0.00,-1.40,0.00 -> 1031.351,141.000,182.499 hit -y- ground 1 speed 0.00 yaw -90
        no node (0), stall 0.0 s, moving no, ai 3.5
      pre 1031.351,141.000,182.499 vel -0.00,-1.40,0.00 -> 1031.351,141.000,182.499 hit -y- ground 1 speed 0.00 yaw -90
        no node (0), stall 0.0 s, moving no, ai 3.4
      pre 1031.351,141.000,182.499 vel -0.00,-1.40,0.00 -> 1031.351,141.000,182.499 hit -y- ground 1 speed 0.00 yaw -90
        no node (0), stall 0.0 s, moving no, ai 3.4
      pre 1031.351,141.000,182.499 vel -0.00,-1.40,0.00 -> 1031.351,141.000,182.499 hit -y- ground 1 speed 0.00 yaw -90
        no node (0), stall 0.0 s, moving no, ai 3.3
      pre 1031.351,141.000,182.499 vel -0.00,-1.40,0.00 -> 1031.351,141.000,182.499 hit -y- ground 1 speed 0.00 yaw -90
        no node (0), stall 0.0 s, moving no, ai 3.3
      pre 1031.351,141.000,182.499 vel -0.00,-1.40,0.00 -> 1031.351,141.000,182.499 hit -y- ground 1 speed 0.00 yaw -90
        no node (0), stall 0.0 s, moving no, ai 3.2
      pre 1031.351,141.000,182.499 vel -0.00,-1.40,0.00 -> 1031.351,141.000,182.499 hit -y- ground 1 speed 0.00 yaw -90
        no node (0), stall 0.0 s, moving no, ai 3.2
      pre 1031.351,141.000,182.499 vel -0.00,-1.40,0.00 -> 1031.351,141.000,182.499 hit -y- ground 1 speed 0.00 yaw -90
        no node (0), stall 0.0 s, moving no, ai 3.1
      pre 1031.351,141.000,182.499 vel -0.00,-1.40,0.00 -> 1031.351,141.000,182.499 hit -y- ground 1 speed 0.00 yaw -90
        no node (0), stall 0.0 s, moving no, ai 3.1
      pre 1031.351,141.000,182.499 vel -0.00,-1.40,0.00 -> 1031.351,141.000,182.499 hit -y- ground 1 speed 0.00 yaw -90
        no node (0), stall 0.0 s, moving no, ai 3.0
      pre 1031.351,141.000,182.499 vel -0.00,-1.40,0.00 -> 1031.351,141.000,182.499 hit -y- ground 1 speed 0.00 yaw -90
        no node (0), stall 0.0 s, moving no, ai 3.0
      pre 1031.351,141.000,182.499 vel -0.00,-1.40,0.00 -> 1031.351,141.000,182.499 hit -y- ground 1 speed 0.00 yaw -90
        no node (0), stall 0.0 s, moving no, ai 2.9
      pre 1031.351,141.000,182.499 vel -0.00,-1.40,0.00 -> 1031.351,141.000,182.499 hit -y- ground 1 speed 0.00 yaw -90
        no node (0), stall 0.0 s, moving no, ai 2.9
behaviorsim trace: villager at 931.57 69.00 266.59 (work/target/onpath), feet in oak_door[4] on cobblestone, yaw 175
  path ahead: 931,69,267 (air on oak_planks); 932,69,268 (air on oak_planks)
  around feet (feet/head): 1,0: cobblestone/birch_planks; -1,0: cobblestone/birch_planks; 0,1: air/air; 0,-1: air/air
      pre 931.573,133.000,266.591 vel -0.08,-1.40,0.96 -> 931.569,133.000,266.638 hit -y- ground 1 speed 0.96 yaw 175
        node 4/6 at 931,69,267, stall 0.4 s, moving yes, ai -1.3
      pre 931.569,133.000,266.638 vel -0.08,-1.40,0.96 -> 931.565,133.000,266.686 hit -y- ground 1 speed 0.96 yaw 175
        node 4/6 at 931,69,267, stall 0.4 s, moving yes, ai -1.4
      pre 931.565,133.000,266.686 vel -0.08,-1.40,0.96 -> 931.561,133.000,266.734 hit -y- ground 1 speed 0.96 yaw 175
        node 4/6 at 931,69,267, stall 0.5 s, moving yes, ai -1.4
      pre 931.561,133.000,266.734 vel -0.08,-1.40,0.96 -> 931.557,133.000,266.782 hit -y- ground 1 speed 0.96 yaw 175
        node 4/6 at 931,69,267, stall 0.5 s, moving yes, ai -1.5
      pre 931.557,133.000,266.782 vel -0.08,-1.40,0.96 -> 931.553,133.000,266.830 hit -y- ground 1 speed 0.96 yaw 175
        node 4/6 at 931,69,267, stall 0.6 s, moving yes, ai -1.5
      pre 931.553,133.000,266.830 vel -0.08,-1.40,0.96 -> 931.550,133.000,266.878 hit -y- ground 1 speed 0.96 yaw 175
        node 4/6 at 931,69,267, stall 0.6 s, moving yes, ai -1.6
      pre 931.550,133.000,266.878 vel -0.08,-1.40,0.96 -> 931.546,133.000,266.926 hit -y- ground 1 speed 0.96 yaw 175
        node 4/6 at 931,69,267, stall 0.7 s, moving yes, ai -1.6
      pre 931.546,133.000,266.926 vel -0.08,-1.40,0.96 -> 931.542,133.000,266.973 hit -y- ground 1 speed 0.96 yaw 175
        node 0/2 at 931,69,267, stall 0.7 s, moving yes, ai -1.7
      pre 931.542,133.000,266.973 vel -0.08,-1.40,0.96 -> 931.538,133.000,267.021 hit -y- ground 1 speed 0.96 yaw 175
        node 0/2 at 931,69,267, stall 0.8 s, moving yes, ai -1.7
      pre 931.538,133.000,267.021 vel -0.08,-1.40,0.96 -> 931.534,133.000,267.069 hit -y- ground 1 speed 0.96 yaw 175
        node 0/2 at 931,69,267, stall 0.0 s, moving yes, ai -1.8
      pre 931.534,133.000,267.069 vel -0.08,-1.40,0.96 -> 931.531,133.000,267.117 hit -y- ground 1 speed 0.96 yaw 175
        node 0/2 at 931,69,267, stall 0.1 s, moving yes, ai -1.8
      pre 931.531,133.000,267.117 vel -0.08,-1.40,0.96 -> 931.527,133.000,267.165 hit -y- ground 1 speed 0.96 yaw 175
        node 0/2 at 931,69,267, stall 0.1 s, moving yes, ai -1.9
      pre 931.527,133.000,267.165 vel -0.08,-1.40,0.96 -> 931.523,133.000,267.213 hit -y- ground 1 speed 0.96 yaw 175
        node 0/2 at 931,69,267, stall 0.2 s, moving yes, ai -1.9
      pre 931.523,133.000,267.213 vel -0.04,-1.40,0.53 -> 931.521,133.000,267.239 hit -y- ground 1 speed 0.00 yaw 175
        node 0/2 at 931,69,267, stall 0.0 s, moving no, ai 4.2
      pre 931.521,133.000,267.239 vel -0.02,-1.40,0.29 -> 931.520,133.000,267.253 hit -y- ground 1 speed 0.00 yaw 175
        node 0/2 at 931,69,267, stall 0.0 s, moving no, ai 4.1
      pre 931.520,133.000,267.253 vel -0.01,-1.40,0.16 -> 931.519,133.000,267.261 hit -y- ground 1 speed 0.00 yaw 175
        node 0/2 at 931,69,267, stall 0.0 s, moving no, ai 4.1
      pre 931.519,133.000,267.261 vel -0.01,-1.40,0.09 -> 931.519,133.000,267.266 hit -y- ground 1 speed 0.00 yaw 175
        node 0/2 at 931,69,267, stall 0.0 s, moving no, ai 4.0
      pre 931.519,133.000,267.266 vel -0.00,-1.40,0.05 -> 931.518,133.000,267.268 hit -y- ground 1 speed 0.00 yaw 175
        node 0/2 at 931,69,267, stall 0.0 s, moving no, ai 4.0
      pre 931.518,133.000,267.268 vel -0.00,-1.40,0.03 -> 931.518,133.000,267.269 hit -y- ground 1 speed 0.00 yaw 175
        node 0/2 at 931,69,267, stall 0.0 s, moving no, ai 3.9
      pre 931.518,133.000,267.269 vel -0.00,-1.40,0.01 -> 931.518,133.000,267.270 hit -y- ground 1 speed 0.00 yaw 175
        node 0/2 at 931,69,267, stall 0.0 s, moving no, ai 3.9
      pre 931.518,133.000,267.270 vel -0.00,-1.40,0.01 -> 931.518,133.000,267.270 hit -y- ground 1 speed 0.00 yaw 175
        node 0/2 at 931,69,267, stall 0.0 s, moving no, ai 3.8
      pre 931.518,133.000,267.270 vel -0.00,-1.40,0.00 -> 931.518,133.000,267.271 hit -y- ground 1 speed 0.00 yaw 175
        node 0/2 at 931,69,267, stall 0.0 s, moving no, ai 3.8
      pre 931.518,133.000,267.271 vel -0.00,-1.40,0.00 -> 931.518,133.000,267.271 hit -y- ground 1 speed 0.00 yaw 175
        node 0/2 at 931,69,267, stall 0.0 s, moving no, ai 3.7
      pre 931.518,133.000,267.271 vel -0.00,-1.40,0.00 -> 931.518,133.000,267.271 hit -y- ground 1 speed 0.00 yaw 175
        node 0/2 at 931,69,267, stall 0.0 s, moving no, ai 3.7
      pre 931.518,133.000,267.271 vel -0.00,-1.40,0.00 -> 931.518,133.000,267.271 hit -y- ground 1 speed 0.00 yaw 175
        node 0/2 at 931,69,267, stall 0.0 s, moving no, ai 3.6
      pre 931.518,133.000,267.271 vel -0.00,-1.40,0.00 -> 931.518,133.000,267.271 hit -y- ground 1 speed 0.00 yaw 175
        node 0/2 at 931,69,267, stall 0.0 s, moving no, ai 3.6
      pre 931.518,133.000,267.271 vel -0.00,-1.40,0.00 -> 931.518,133.000,267.271 hit -y- ground 1 speed 0.00 yaw 175
        node 0/2 at 931,69,267, stall 0.0 s, moving no, ai 3.5
      pre 931.518,133.000,267.271 vel -0.00,-1.40,0.00 -> 931.518,133.000,267.271 hit -y- ground 1 speed 0.00 yaw 175
        node 0/2 at 931,69,267, stall 0.0 s, moving no, ai 3.5
      pre 931.518,133.000,267.271 vel -0.00,-1.40,0.00 -> 931.518,133.000,267.271 hit -y- ground 1 speed 0.00 yaw 175
        node 0/2 at 931,69,267, stall 0.0 s, moving no, ai 3.4
      pre 931.518,133.000,267.271 vel -0.00,-1.40,0.00 -> 931.518,133.000,267.271 hit -y- ground 1 speed 0.00 yaw 175
        node 0/2 at 931,69,267, stall 0.0 s, moving no, ai 3.4
      pre 931.518,133.000,267.271 vel -0.00,-1.40,0.00 -> 931.518,133.000,267.271 hit -y- ground 1 speed 0.00 yaw 175
        node 0/2 at 931,69,267, stall 0.0 s, moving no, ai 3.3
      pre 931.518,133.000,267.271 vel -0.00,-1.40,0.00 -> 931.518,133.000,267.271 hit -y- ground 1 speed 0.00 yaw 175
        node 0/2 at 931,69,267, stall 0.0 s, moving no, ai 3.3
      pre 931.518,133.000,267.271 vel -0.00,-1.40,0.00 -> 931.518,133.000,267.271 hit -y- ground 1 speed 0.00 yaw 175
        node 0/2 at 931,69,267, stall 0.0 s, moving no, ai 3.2
      pre 931.518,133.000,267.271 vel -0.00,-1.40,0.00 -> 931.518,133.000,267.271 hit -y- ground 1 speed 0.00 yaw 175
        node 0/2 at 931,69,267, stall 0.0 s, moving no, ai 3.2
      pre 931.518,133.000,267.271 vel -0.00,-1.40,0.00 -> 931.518,133.000,267.271 hit -y- ground 1 speed 0.00 yaw 175
        node 0/2 at 931,69,267, stall 0.0 s, moving no, ai 3.1
      pre 931.518,133.000,267.271 vel -0.00,-1.40,0.00 -> 931.518,133.000,267.271 hit -y- ground 1 speed 0.00 yaw 175
        node 0/2 at 931,69,267, stall 0.0 s, moving no, ai 3.1
      pre 931.518,133.000,267.271 vel -0.00,-1.40,0.00 -> 931.518,133.000,267.271 hit -y- ground 1 speed 0.00 yaw 175
        node 0/2 at 931,69,267, stall 0.0 s, moving no, ai 3.0
      pre 931.518,133.000,267.271 vel -0.00,-1.40,0.00 -> 931.518,133.000,267.271 hit -y- ground 1 speed 0.00 yaw 175
        node 0/2 at 931,69,267, stall 0.0 s, moving no, ai 3.0
      pre 931.518,133.000,267.271 vel -0.00,-1.40,0.00 -> 931.518,133.000,267.271 hit -y- ground 1 speed 0.00 yaw 175
        node 0/2 at 931,69,267, stall 0.0 s, moving no, ai 2.9
behaviorsim spin: horse at 1025.0 72.0 347.0, work/heading/standing, goal none, path 0/3, turned 903 deg in 10 s, moved 1.36
behaviorsim seed 777: 247 mobs; spinning 2, stuck 3
behaviorsim: fell 1, spinning 3, stuck 3; villager goals reached: bed 47/47, meet 47/47, work 18/18 (43 s)
behaviorsim seed 12345: 35 mobs; no flags
behaviorsim: no flags; villager goals reached: - (5 s)
gencheck leak kinds: water underground border onto rail 35; water underground border onto oak_planks 20; water underground border onto deepslate 8; water underground border onto deepslate_gold_ore 3; lava underground border onto deepslate 2; water surface in-chunk onto dirt 2; water underground border onto stone 2
gencheck: 288 chunks over 3 seeds: floating_block 3, leak 72, leaves_orphan 1, ore_in_air 4, plant_floating 1, spring 116 (3.4 s)
textures without a painter: missing
textures: 1680 layers at 128 px, BC3, 35.0 MB with mips (build 840 ms, upload 277 ms)
light probe: eye sky 15 block 0 in air; floor+1 (y 63) sky 14 block 0 in water, daylight 1.0
imagecheck gencheck_leak_1.png magenta=0.00000 black=0.0002 white=0.0008 std=33.6 hash=33a7baf48ae9786c
imagecheck gencheck_leak_1.png magenta=0.00000 black=0.0002 white=0.0008 std=33.6 hash=33a7baf48ae9786c
seed 12345  pos 49.0 130.0 53.0  rd 4  chunks 109  (drawn 17)
gen 98 ms  mesh(all, parallel) 61 ms  mesh(1 section) 0.61 ms  quads 233795 opaque / 9266 water
frame (encode+GPU, offscreen, median of 30) 4.47 ms  biome swamp
mesh slabs 12 MB, chunks 109 (block+light arrays 9 MB), Metal allocated 150 MB
memory: resident 186 MB  (section meshes 7 MB)
wrote snaps/gencheck_leak_1.png
textures without a painter: missing
textures: 1680 layers at 128 px, BC3, 35.0 MB with mips (build 799 ms, upload 259 ms)
light probe: eye sky 15 block 0 in air; floor+1 (y 63) sky 14 block 0 in water, daylight 1.0
imagecheck gencheck_leak_2.png magenta=0.00000 black=0.0002 white=0.0008 std=33.6 hash=33a7baf48ae9786c
imagecheck gencheck_leak_2.png magenta=0.00000 black=0.0002 white=0.0008 std=33.6 hash=33a7baf48ae9786c
seed 12345  pos 49.0 130.0 53.0  rd 4  chunks 109  (drawn 17)
gen 101 ms  mesh(all, parallel) 62 ms  mesh(1 section) 0.55 ms  quads 233795 opaque / 9266 water
frame (encode+GPU, offscreen, median of 30) 4.23 ms  biome swamp
mesh slabs 12 MB, chunks 109 (block+light arrays 9 MB), Metal allocated 150 MB
memory: resident 186 MB  (section meshes 7 MB)
wrote snaps/gencheck_leak_2.png
collisiontest: 170 shapes; no issues
agent village seed 12345/1: 0 violations, 0 unmet goals of 12; 
agent village seed 777/1: 0 violations, 0 unmet goals of 12; 
agent village seed 424242/1: 0 violations, 0 unmet goals of 9; 
agent village: 0 oracle violations, 0 unmet goals over 3 seeds x 1 runs in 12 s
agent explorer seed 12345/1: 0 violations, 0 unmet goals of 2; 
agent explorer seed 777/1: 0 violations, 0 unmet goals of 2; 
agent explorer: 0 oracle violations, 0 unmet goals over 2 seeds x 1 runs in 4 s
agent life seed 12345/1: 0 violations, 0 unmet goals of 3; 
agent life seed 777/1: 0 violations, 2 unmet goals of 3; 
agent life: 0 oracle violations, 2 unmet goals over 2 seeds x 1 runs in 11 s
agent cave seed 12345/1: 0 violations, 0 unmet goals of 2; 
agent cave seed 777/1: 0 violations, 0 unmet goals of 2; 
agent cave seed 424242/1: 0 violations, 0 unmet goals of 2; 
agent cave: 0 oracle violations, 0 unmet goals over 3 seeds x 1 runs in 22 s
agent monkey seed 12345/1: 0 violations, 0 unmet goals of 0; 
agent monkey seed 12345/2: 0 violations, 0 unmet goals of 0; 
agent monkey seed 12345/3: 0 violations, 0 unmet goals of 0; 
agent monkey seed 424242/1: 0 violations, 0 unmet goals of 0; 
agent monkey seed 424242/2: 0 violations, 0 unmet goals of 0; 
agent monkey seed 424242/3: 0 violations, 0 unmet goals of 0; 
agent monkey seed 777/1: 0 violations, 0 unmet goals of 0; 
agent monkey seed 777/2: 0 violations, 0 unmet goals of 0; 
agent monkey seed 777/3: 0 violations, 0 unmet goals of 0; 
agent monkey seed 31337/1: 0 violations, 0 unmet goals of 0; 
agent monkey seed 31337/2: 0 violations, 0 unmet goals of 0; 
agent monkey seed 31337/3: 0 violations, 0 unmet goals of 0; 
agent monkey: 0 oracle violations, 0 unmet goals over 4 seeds x 3 runs in 59 s
replay determinism: DIFFERENT (end-state hash 6383097300401233347 vs end-state hash 11474490248267843158, snaps/replay_life_777_1.jsonl)
imagecheck: 3 frames, duplicate_frame 1
