terrainmap seed 12345: 8192 x 8192 blocks every 32 (0.2 s), land 67%, max height 274
  biomes: snowy_taiga 9.0%, plains 8.3%, forest 7.2%, snowy_plains 6.8%, warm_ocean 6.0%, lukewarm_ocean 6.0%, ocean 5.9%, deep_lukewarm_ocean 5.2%, cold_ocean 4.8%, sparse_jungle 4.6%, taiga 4.3%, snowy_slopes 3.0%, beach 2.8%, savanna 2.6%, jungle 2.5%, desert 2.0%, frozen_ocean 2.0%, meadow 1.9%, grove 1.6%, old_growth_spruce_taiga 1.5%, deep_cold_ocean 1.2%, dark_forest 1.2%, deep_ocean 1.1%, frozen_peaks 1.1%, jagged_peaks 1.0%, old_growth_pine_taiga 0.8%, deep_frozen_ocean 0.7%, mangrove_swamp 0.7%, birch_forest 0.6%, river 0.6%, snowy_beach 0.5%, flower_forest 0.5%, swamp 0.4%, pale_garden 0.3%, savanna_plateau 0.3%, cherry_grove 0.2%, old_growth_birch_forest 0.2%, bamboo_jungle 0.1%, sunflower_plains 0.1%, badlands 0.1%, stony_peaks 0.1%, frozen_river 0.1%, ice_spikes 0.1%, windswept_forest 0.1%, windswept_gravelly_hills 0.0%, windswept_hills 0.0%, mushroom_fields 0.0%, eroded_badlands 0.0%, windswept_savanna 0.0%
  not in this area: stony_shore wooded_badlands
  rivers: 313 segments, 0 flowing uphill, 30 lakes
terraincheck seed 12345: 0 problems (implausible neighbour pairs + uphill rivers)
terrainmap seed 777: 8192 x 8192 blocks every 32 (0.1 s), land 55%, max height 262
  biomes: deep_lukewarm_ocean 12.8%, warm_ocean 9.0%, snowy_plains 8.2%, taiga 6.7%, cold_ocean 6.5%, plains 6.3%, frozen_ocean 5.1%, sparse_jungle 5.0%, forest 5.0%, snowy_taiga 4.2%, lukewarm_ocean 4.1%, ocean 3.2%, desert 2.7%, savanna 2.6%, beach 2.5%, jungle 2.4%, deep_frozen_ocean 1.7%, dark_forest 1.6%, deep_ocean 1.2%, deep_cold_ocean 1.0%, grove 0.8%, old_growth_spruce_taiga 0.6%, snowy_slopes 0.5%, river 0.5%, frozen_peaks 0.5%, mangrove_swamp 0.5%, snowy_beach 0.5%, meadow 0.5%, birch_forest 0.4%, badlands 0.4%, old_growth_pine_taiga 0.4%, pale_garden 0.4%, swamp 0.4%, old_growth_birch_forest 0.3%, sunflower_plains 0.3%, jagged_peaks 0.3%, flower_forest 0.3%, bamboo_jungle 0.2%, savanna_plateau 0.1%, ice_spikes 0.1%, cherry_grove 0.1%, eroded_badlands 0.1%, windswept_hills 0.0%, windswept_savanna 0.0%, frozen_river 0.0%, mushroom_fields 0.0%, windswept_forest 0.0%, stony_peaks 0.0%
  not in this area: stony_shore windswept_gravelly_hills wooded_badlands
  rivers: 263 segments, 0 flowing uphill, 18 lakes
terraincheck seed 777: 0 problems (implausible neighbour pairs + uphill rivers)
terrainmap seed 424242: 8192 x 8192 blocks every 32 (0.2 s), land 62%, max height 269
  biomes: sparse_jungle 8.2%, plains 7.4%, cold_ocean 7.2%, taiga 6.8%, forest 6.3%, lukewarm_ocean 5.2%, ocean 4.8%, jungle 4.7%, savanna 4.7%, deep_cold_ocean 4.6%, warm_ocean 4.0%, snowy_plains 3.9%, deep_ocean 3.7%, snowy_taiga 3.4%, frozen_ocean 3.1%, deep_frozen_ocean 2.9%, beach 2.6%, meadow 2.3%, desert 2.1%, deep_lukewarm_ocean 2.1%, dark_forest 1.2%, snowy_slopes 1.0%, grove 0.9%, river 0.8%, jagged_peaks 0.7%, frozen_peaks 0.7%, mangrove_swamp 0.6%, cherry_grove 0.5%, flower_forest 0.5%, snowy_beach 0.5%, bamboo_jungle 0.4%, savanna_plateau 0.3%, old_growth_spruce_taiga 0.3%, badlands 0.3%, old_growth_pine_taiga 0.3%, sunflower_plains 0.2%, pale_garden 0.2%, birch_forest 0.1%, swamp 0.1%, windswept_gravelly_hills 0.1%, windswept_hills 0.1%, stony_peaks 0.0%, ice_spikes 0.0%, eroded_badlands 0.0%, old_growth_birch_forest 0.0%, windswept_savanna 0.0%, mushroom_fields 0.0%, windswept_forest 0.0%, frozen_river 0.0%
  not in this area: stony_shore wooded_badlands
  rivers: 365 segments, 0 flowing uphill, 30 lakes
terraincheck seed 424242: 0 problems (implausible neighbour pairs + uphill rivers)
terrainmap seed 1: 8192 x 8192 blocks every 32 (0.2 s), land 65%, max height 240
  biomes: sparse_jungle 9.8%, snowy_plains 7.1%, plains 6.7%, taiga 6.3%, forest 5.9%, warm_ocean 5.5%, snowy_taiga 5.3%, ocean 4.9%, savanna 4.8%, deep_cold_ocean 4.5%, deep_frozen_ocean 4.3%, cold_ocean 4.2%, lukewarm_ocean 4.2%, jungle 4.1%, deep_lukewarm_ocean 3.1%, beach 3.0%, deep_ocean 2.7%, desert 2.4%, dark_forest 1.4%, meadow 1.3%, frozen_ocean 1.3%, grove 1.1%, bamboo_jungle 0.7%, mangrove_swamp 0.6%, river 0.6%, badlands 0.4%, old_growth_spruce_taiga 0.4%, old_growth_pine_taiga 0.4%, snowy_slopes 0.4%, savanna_plateau 0.3%, cherry_grove 0.3%, snowy_beach 0.3%, birch_forest 0.3%, old_growth_birch_forest 0.2%, pale_garden 0.2%, flower_forest 0.2%, jagged_peaks 0.2%, eroded_badlands 0.2%, frozen_peaks 0.2%, swamp 0.1%, sunflower_plains 0.1%, ice_spikes 0.0%, windswept_savanna 0.0%, frozen_river 0.0%, stony_peaks 0.0%, mushroom_fields 0.0%, windswept_forest 0.0%, windswept_hills 0.0%
  not in this area: stony_shore windswept_gravelly_hills wooded_badlands
  rivers: 282 segments, 0 flowing uphill, 37 lakes
terraincheck seed 1: 0 problems (implausible neighbour pairs + uphill rivers)
terrainmap seed 98765: 8192 x 8192 blocks every 32 (0.2 s), land 66%, max height 259
  biomes: sparse_jungle 8.2%, taiga 6.9%, deep_lukewarm_ocean 6.7%, lukewarm_ocean 6.5%, plains 6.5%, snowy_plains 6.2%, forest 6.0%, warm_ocean 5.5%, snowy_taiga 5.2%, cold_ocean 5.2%, jungle 4.5%, ocean 4.2%, beach 2.8%, savanna 2.3%, dark_forest 2.1%, meadow 2.0%, deep_ocean 1.9%, frozen_ocean 1.9%, old_growth_spruce_taiga 1.7%, desert 1.7%, old_growth_pine_taiga 1.4%, deep_frozen_ocean 1.2%, mangrove_swamp 1.0%, snowy_slopes 1.0%, deep_cold_ocean 1.0%, river 0.8%, frozen_peaks 0.7%, grove 0.7%, jagged_peaks 0.7%, birch_forest 0.5%, cherry_grove 0.5%, bamboo_jungle 0.5%, pale_garden 0.4%, old_growth_birch_forest 0.4%, flower_forest 0.2%, snowy_beach 0.2%, ice_spikes 0.2%, swamp 0.2%, sunflower_plains 0.2%, savanna_plateau 0.1%, badlands 0.0%, stony_peaks 0.0%, windswept_hills 0.0%, windswept_forest 0.0%, frozen_river 0.0%, mushroom_fields 0.0%, windswept_gravelly_hills 0.0%, eroded_badlands 0.0%, windswept_savanna 0.0%
  not in this area: stony_shore wooded_badlands
  rivers: 399 segments, 0 flowing uphill, 31 lakes
terraincheck seed 98765: 0 problems (implausible neighbour pairs + uphill rivers)
terraincheck total: 0 problems over 5 seeds
