33841 Sources/VRMeleeTests.swift:60
7590 Sources/PlaytestPM9BTests.swift:94
6672 Sources/RenderDistanceGovernor.swift:129
6627 Sources/PlaytestPM9BTests.swift:95
6257 Sources/Mob.swift:449
4331 Sources/Mob.swift:449
3271 Sources/InputMatrix.swift:83
1693 Sources/AshSites.swift:127
986 Sources/main.swift:1416
937 Sources/main.swift:1416
654 Sources/CapitalShips.swift:1315
644 Sources/CapitalShips.swift:1315
502 Sources/CapitalBases.swift:289
481 Sources/Cinematic.swift:141
479 Sources/main.swift:1416
432 Sources/Cinematic.swift:141
408 Sources/ShipCombat.swift:136
375 Sources/TexturesHD.swift:3990
369 Sources/BaseTests.swift:107
367 Sources/BaseTests.swift:107
346 Sources/TexturesHD.swift:2749
334 Sources/MainGun.swift:335
304 Sources/main.swift:1387
289 Sources/MainGun.swift:184
283 Sources/main.swift:1511
283 Sources/Cinematic.swift:141
280 Sources/Mesher.swift:96
277 Sources/WorldGenCheck.swift:47
271 Sources/GameCircuit.swift:262
263 Sources/GameCircuit.swift:262
256 Sources/GameCircuit.swift:262
255 Sources/BaseTests.swift:107
249 Sources/MainGun.swift:128
239 Sources/FlightModel.swift:113
237 Sources/CapitalBasesWork.swift:251
234 Sources/Player.swift:190
233 Sources/Textures.swift:642
226 Sources/Soldiers.swift:690
225 Sources/Player.swift:350
215 Sources/CapitalBasesWork.swift:251
207 Sources/MainGun.swift:184
205 Sources/TerrainTools.swift:81
201 Sources/Structures.swift:294
197 Sources/FactionGear.swift:73
191 Sources/Game.swift:1968
180 Sources/Ships.swift:110
179 Sources/TexturesOverworld.swift:58
178 Sources/Mesher.swift:374
178 Sources/AshSites.swift:64
176 Sources/Music.swift:298
171 Sources/Game.swift:1968
169 Sources/Banners.swift:215
168 Sources/PadTest.swift:750
167 Sources/main.swift:1387
166 Sources/TexturesHD.swift:4523
163 Sources/Banners.swift:88
162 Sources/Soldiers.swift:690
162 Sources/Player.swift:350
161 Sources/MainGunTests.swift:174
160 Sources/main.swift:1387
156 Sources/BenchRoutes.swift:133
152 Sources/AshSites.swift:69
