Godot Engine v4.7.1.stable.official.a13da4feb - https://godotengine.org
Vulkan 1.2.334 - Forward+ - Using Device #0: Apple - Apple Paravirtual device

WARNING: 'res://assets/ext/characters/ruth_caddell.glb': In external resource #0, invalid UID: 'uid://cogcs60sjsh5k' - using text path instead: 'res://assets/ext/characters/ruth_caddell_young_lightskinned_female_diffuse_6d7cc79ab2e009f7.jpg'.
     at: open (core/io/resource_format_binary.cpp:1025)
     GDScript backtrace (most recent call first):
         [0] _build_scene (res://src/actors/character_factory.gd:321)
         [1] _scene (res://src/actors/character_factory.gd:310)
         [2] spawn_id (res://src/actors/character_factory.gd:195)
         [3] _build_visual (res://src/actors/player.gd:251)
         [4] setup (res://src/actors/player.gd:68)
         [5] _ready (res://src/tests/vr_studio.gd:28)
WARNING: 'res://assets/ext/characters/ruth_caddell.glb': In external resource #1, invalid UID: 'uid://jtuarq0i66ff' - using text path instead: 'res://assets/ext/characters/ruth_caddell_grey_eye_c8a2ad837afc4671.png'.
     at: open (core/io/resource_format_binary.cpp:1025)
     GDScript backtrace (most recent call first):
         [0] _build_scene (res://src/actors/character_factory.gd:321)
         [1] _scene (res://src/actors/character_factory.gd:310)
         [2] spawn_id (res://src/actors/character_factory.gd:195)
         [3] _build_visual (res://src/actors/player.gd:251)
         [4] setup (res://src/actors/player.gd:68)
         [5] _ready (res://src/tests/vr_studio.gd:28)
WARNING: 'res://assets/ext/characters/ruth_caddell.glb': In external resource #2, invalid UID: 'uid://bjexkbdi04p12' - using text path instead: 'res://assets/ext/characters/ruth_caddell_shoes03_diffuse_2920d00535f324bc.jpg'.
     at: open (core/io/resource_format_binary.cpp:1025)
     GDScript backtrace (most recent call first):
         [0] _build_scene (res://src/actors/character_factory.gd:321)
         [1] _scene (res://src/actors/character_factory.gd:310)
         [2] spawn_id (res://src/actors/character_factory.gd:195)
         [3] _build_visual (res://src/actors/player.gd:251)
         [4] setup (res://src/actors/player.gd:68)
         [5] _ready (res://src/tests/vr_studio.gd:28)
WARNING: 'res://assets/ext/characters/ruth_caddell.glb': In external resource #3, invalid UID: 'uid://csfsae6x0s8jg' - using text path instead: 'res://assets/ext/characters/ruth_caddell_teeth_6fb761ee4c0e98cd.png'.
     at: open (core/io/resource_format_binary.cpp:1025)
     GDScript backtrace (most recent call first):
         [0] _build_scene (res://src/actors/character_factory.gd:321)
         [1] _scene (res://src/actors/character_factory.gd:310)
         [2] spawn_id (res://src/actors/character_factory.gd:195)
         [3] _build_visual (res://src/actors/player.gd:251)
         [4] setup (res://src/actors/player.gd:68)
         [5] _ready (res://src/tests/vr_studio.gd:28)
WARNING: 'res://assets/ext/characters/ruth_caddell.glb': In external resource #4, invalid UID: 'uid://bsx4bjr634f3j' - using text path instead: 'res://assets/ext/characters/ruth_caddell_eyebrow007_63001c7bdf63734b.png'.
     at: open (core/io/resource_format_binary.cpp:1025)
     GDScript backtrace (most recent call first):
         [0] _build_scene (res://src/actors/character_factory.gd:321)
         [1] _scene (res://src/actors/character_factory.gd:310)
         [2] spawn_id (res://src/actors/character_factory.gd:195)
         [3] _build_visual (res://src/actors/player.gd:251)
         [4] setup (res://src/actors/player.gd:68)
         [5] _ready (res://src/tests/vr_studio.gd:28)
WARNING: 'res://assets/ext/characters/ruth_caddell.glb': In external resource #5, invalid UID: 'uid://cc7nilu3yw58m' - using text path instead: 'res://assets/ext/characters/ruth_caddell_eyelashes04_d1e922d072e1516f.png'.
     at: open (core/io/resource_format_binary.cpp:1025)
     GDScript backtrace (most recent call first):
         [0] _build_scene (res://src/actors/character_factory.gd:321)
         [1] _scene (res://src/actors/character_factory.gd:310)
         [2] spawn_id (res://src/actors/character_factory.gd:195)
         [3] _build_visual (res://src/actors/player.gd:251)
         [4] setup (res://src/actors/player.gd:68)
         [5] _ready (res://src/tests/vr_studio.gd:28)
WARNING: 'res://assets/ext/characters/ruth_caddell.glb': In external resource #6, invalid UID: 'uid://dqpoh4i7ust8d' - using text path instead: 'res://assets/ext/characters/ruth_caddell_tongue01_diffuse_c2c8c8e10737cd90.jpg'.
     at: open (core/io/resource_format_binary.cpp:1025)
     GDScript backtrace (most recent call first):
         [0] _build_scene (res://src/actors/character_factory.gd:321)
         [1] _scene (res://src/actors/character_factory.gd:310)
         [2] spawn_id (res://src/actors/character_factory.gd:195)
         [3] _build_visual (res://src/actors/player.gd:251)
         [4] setup (res://src/actors/player.gd:68)
         [5] _ready (res://src/tests/vr_studio.gd:28)
WARNING: 'res://assets/ext/characters/ruth_caddell.glb': In external resource #7, invalid UID: 'uid://078myv1d2def' - using text path instead: 'res://assets/ext/characters/ruth_caddell_braid01_diffuse_e3a70ee5435d33c9.png'.
     at: open (core/io/resource_format_binary.cpp:1025)
     GDScript backtrace (most recent call first):
         [0] _build_scene (res://src/actors/character_factory.gd:321)
         [1] _scene (res://src/actors/character_factory.gd:310)
         [2] spawn_id (res://src/actors/character_factory.gd:195)
         [3] _build_visual (res://src/actors/player.gd:251)
         [4] setup (res://src/actors/player.gd:68)
         [5] _ready (res://src/tests/vr_studio.gd:28)
characters: animation library (76 clips) in 764 ms on a worker
[mvk-error] VK_INCOMPLETE: Error writing pipeline cache data: Failed to write 4 bytes to output stream! Wrote 0
shot: /Users/runner/work/blocksmith/blocksmith/snaps/vr/vr_hud.png  draws 125 objects 125 prims 213029 (forward_plus)
vr_studio: hud (812 ms)
[mvk-error] VK_INCOMPLETE: Error writing pipeline cache data: Failed to write 4 bytes to output stream! Wrote 0
shot: /Users/runner/work/blocksmith/blocksmith/snaps/vr/vr_menu.png  draws 58 objects 126 prims 150418 (forward_plus)
vr_studio: menu (4368 ms)
[mvk-error] VK_INCOMPLETE: Error writing pipeline cache data: Failed to write 4 bytes to output stream! Wrote 0
shot: /Users/runner/work/blocksmith/blocksmith/snaps/vr/vr_hands.png  draws 443 objects 446 prims 1025547 (forward_plus)
vr_studio: hands (1519 ms)
WARNING: 'res://assets/ext/characters/npc_000.glb': In external resource #0, invalid UID: 'uid://cebtrc3acytso' - using text path instead: 'res://assets/ext/characters/npc_000_middleage_lightskinned_male_diffuse_c7873ea1d869e207.jpg'.
     at: open (core/io/resource_format_binary.cpp:1025)
     GDScript backtrace (most recent call first):
         [0] _build_scene (res://src/actors/character_factory.gd:321)
         [1] _scene (res://src/actors/character_factory.gd:310)
         [2] spawn_id (res://src/actors/character_factory.gd:195)
         [3] spawn (res://src/actors/character_factory.gd:182)
         [4] _vr_target (res://src/tests/vr_studio.gd:60)
         [5] targets (res://src/tests/vr_shots.gd:102)
         [6] gun_aim (res://src/tests/vr_shots.gd:125)
         [7] _view_gun_aim (res://src/tests/vr_studio.gd:97)
         [8] _ready (res://src/tests/vr_studio.gd:41)
         [9] _shot (res://src/tests/vr_studio.gd:174)
WARNING: 'res://assets/ext/characters/npc_000.glb': In external resource #1, invalid UID: 'uid://chdrndwfiiaei' - using text path instead: 'res://assets/ext/characters/npc_000_green_eye_09f2287a8dca2f43.png'.
     at: open (core/io/resource_format_binary.cpp:1025)
     GDScript backtrace (most recent call first):
         [0] _build_scene (res://src/actors/character_factory.gd:321)
         [1] _scene (res://src/actors/character_factory.gd:310)
         [2] spawn_id (res://src/actors/character_factory.gd:195)
         [3] spawn (res://src/actors/character_factory.gd:182)
         [4] _vr_target (res://src/tests/vr_studio.gd:60)
         [5] targets (res://src/tests/vr_shots.gd:102)
         [6] gun_aim (res://src/tests/vr_shots.gd:125)
         [7] _view_gun_aim (res://src/tests/vr_studio.gd:97)
         [8] _ready (res://src/tests/vr_studio.gd:41)
         [9] _shot (res://src/tests/vr_studio.gd:174)
WARNING: 'res://assets/ext/characters/npc_000.glb': In external resource #2, invalid UID: 'uid://cu6mh2shv7k61' - using text path instead: 'res://assets/ext/characters/npc_000_shoes03_diffuse_5285475e3006abad.jpg'.
     at: open (core/io/resource_format_binary.cpp:1025)
     GDScript backtrace (most recent call first):
         [0] _build_scene (res://src/actors/character_factory.gd:321)
         [1] _scene (res://src/actors/character_factory.gd:310)
         [2] spawn_id (res://src/actors/character_factory.gd:195)
         [3] spawn (res://src/actors/character_factory.gd:182)
         [4] _vr_target (res://src/tests/vr_studio.gd:60)
         [5] targets (res://src/tests/vr_shots.gd:102)
         [6] gun_aim (res://src/tests/vr_shots.gd:125)
         [7] _view_gun_aim (res://src/tests/vr_studio.gd:97)
         [8] _ready (res://src/tests/vr_studio.gd:41)
         [9] _shot (res://src/tests/vr_studio.gd:174)
WARNING: 'res://assets/ext/characters/npc_000.glb': In external resource #3, invalid UID: 'uid://bswv0r3kgn8d' - using text path instead: 'res://assets/ext/characters/npc_000_teeth_0f6dae334ed4c5c5.png'.
     at: open (core/io/resource_format_binary.cpp:1025)
     GDScript backtrace (most recent call first):
         [0] _build_scene (res://src/actors/character_factory.gd:321)
         [1] _scene (res://src/actors/character_factory.gd:310)
         [2] spawn_id (res://src/actors/character_factory.gd:195)
         [3] spawn (res://src/actors/character_factory.gd:182)
         [4] _vr_target (res://src/tests/vr_studio.gd:60)
         [5] targets (res://src/tests/vr_shots.gd:102)
         [6] gun_aim (res://src/tests/vr_shots.gd:125)
         [7] _view_gun_aim (res://src/tests/vr_studio.gd:97)
         [8] _ready (res://src/tests/vr_studio.gd:41)
         [9] _shot (res://src/tests/vr_studio.gd:174)
WARNING: 'res://assets/ext/characters/npc_000.glb': In external resource #5, invalid UID: 'uid://b3b8exm5x0u81' - using text path instead: 'res://assets/ext/characters/npc_000_eyebrow008_ed3a9d88256f93e6.png'.
     at: open (core/io/resource_format_binary.cpp:1025)
     GDScript backtrace (most recent call first):
         [0] _build_scene (res://src/actors/character_factory.gd:321)
         [1] _scene (res://src/actors/character_factory.gd:310)
         [2] spawn_id (res://src/actors/character_factory.gd:195)
         [3] spawn (res://src/actors/character_factory.gd:182)
         [4] _vr_target (res://src/tests/vr_studio.gd:60)
         [5] targets (res://src/tests/vr_shots.gd:102)
         [6] gun_aim (res://src/tests/vr_shots.gd:125)
         [7] _view_gun_aim (res://src/tests/vr_studio.gd:97)
         [8] _ready (res://src/tests/vr_studio.gd:41)
         [9] _shot (res://src/tests/vr_studio.gd:174)
WARNING: 'res://assets/ext/characters/npc_000.glb': In external resource #6, invalid UID: 'uid://dl7xwrn1rcagr' - using text path instead: 'res://assets/ext/characters/npc_000_eyelashes02_538849d40a7d25e7.png'.
     at: open (core/io/resource_format_binary.cpp:1025)
     GDScript backtrace (most recent call first):
         [0] _build_scene (res://src/actors/character_factory.gd:321)
         [1] _scene (res://src/actors/character_factory.gd:310)
         [2] spawn_id (res://src/actors/character_factory.gd:195)
         [3] spawn (res://src/actors/character_factory.gd:182)
         [4] _vr_target (res://src/tests/vr_studio.gd:60)
         [5] targets (res://src/tests/vr_shots.gd:102)
         [6] gun_aim (res://src/tests/vr_shots.gd:125)
         [7] _view_gun_aim (res://src/tests/vr_studio.gd:97)
         [8] _ready (res://src/tests/vr_studio.gd:41)
         [9] _shot (res://src/tests/vr_studio.gd:174)
WARNING: 'res://assets/ext/characters/npc_000.glb': In external resource #7, invalid UID: 'uid://c44t4i2jjb7l2' - using text path instead: 'res://assets/ext/characters/npc_000_tongue01_diffuse_c71e798676e6af5d.jpg'.
     at: open (core/io/resource_format_binary.cpp:1025)
     GDScript backtrace (most recent call first):
         [0] _build_scene (res://src/actors/character_factory.gd:321)
         [1] _scene (res://src/actors/character_factory.gd:310)
         [2] spawn_id (res://src/actors/character_factory.gd:195)
         [3] spawn (res://src/actors/character_factory.gd:182)
         [4] _vr_target (res://src/tests/vr_studio.gd:60)
         [5] targets (res://src/tests/vr_shots.gd:102)
         [6] gun_aim (res://src/tests/vr_shots.gd:125)
         [7] _view_gun_aim (res://src/tests/vr_studio.gd:97)
         [8] _ready (res://src/tests/vr_studio.gd:41)
         [9] _shot (res://src/tests/vr_studio.gd:174)
WARNING: 'res://assets/ext/characters/npc_000.glb': In external resource #8, invalid UID: 'uid://t41tjkioy2cn' - using text path instead: 'res://assets/ext/characters/npc_000_short01_diffuse_772ed02b66617ae1.png'.
     at: open (core/io/resource_format_binary.cpp:1025)
     GDScript backtrace (most recent call first):
         [0] _build_scene (res://src/actors/character_factory.gd:321)
         [1] _scene (res://src/actors/character_factory.gd:310)
         [2] spawn_id (res://src/actors/character_factory.gd:195)
         [3] spawn (res://src/actors/character_factory.gd:182)
         [4] _vr_target (res://src/tests/vr_studio.gd:60)
         [5] targets (res://src/tests/vr_shots.gd:102)
         [6] gun_aim (res://src/tests/vr_shots.gd:125)
         [7] _view_gun_aim (res://src/tests/vr_studio.gd:97)
         [8] _ready (res://src/tests/vr_studio.gd:41)
         [9] _shot (res://src/tests/vr_studio.gd:174)
WARNING: 'res://assets/ext/characters/npc_033.glb': In external resource #0, invalid UID: 'uid://bhfk5yo47rvqd' - using text path instead: 'res://assets/ext/characters/npc_033_young_lightskinned_female_diffuse_c859e712bea2b01b.jpg'.
     at: open (core/io/resource_format_binary.cpp:1025)
     GDScript backtrace (most recent call first):
         [0] _build_scene (res://src/actors/character_factory.gd:321)
         [1] _scene (res://src/actors/character_factory.gd:310)
         [2] spawn_id (res://src/actors/character_factory.gd:195)
         [3] spawn (res://src/actors/character_factory.gd:182)
         [4] _vr_target (res://src/tests/vr_studio.gd:60)
         [5] targets (res://src/tests/vr_shots.gd:102)
         [6] gun_aim (res://src/tests/vr_shots.gd:125)
         [7] _view_gun_aim (res://src/tests/vr_studio.gd:97)
         [8] _ready (res://src/tests/vr_studio.gd:41)
         [9] _shot (res://src/tests/vr_studio.gd:174)
WARNING: 'res://assets/ext/characters/npc_033.glb': In external resource #1, invalid UID: 'uid://diifc7ob6oo1' - using text path instead: 'res://assets/ext/characters/npc_033_green_eye_09f2287a8dca2f43.png'.
     at: open (core/io/resource_format_binary.cpp:1025)
     GDScript backtrace (most recent call first):
         [0] _build_scene (res://src/actors/character_factory.gd:321)
         [1] _scene (res://src/actors/character_factory.gd:310)
         [2] spawn_id (res://src/actors/character_factory.gd:195)
         [3] spawn (res://src/actors/character_factory.gd:182)
         [4] _vr_target (res://src/tests/vr_studio.gd:60)
         [5] targets (res://src/tests/vr_shots.gd:102)
         [6] gun_aim (res://src/tests/vr_shots.gd:125)
         [7] _view_gun_aim (res://src/tests/vr_studio.gd:97)
         [8] _ready (res://src/tests/vr_studio.gd:41)
         [9] _shot (res://src/tests/vr_studio.gd:174)
WARNING: 'res://assets/ext/characters/npc_033.glb': In external resource #2, invalid UID: 'uid://bbftit1kepqwi' - using text path instead: 'res://assets/ext/characters/npc_033_shoes01_diffuse_48a4cba573468e4e.jpg'.
     at: open (core/io/resource_format_binary.cpp:1025)
     GDScript backtrace (most recent call first):
         [0] _build_scene (res://src/actors/character_factory.gd:321)
         [1] _scene (res://src/actors/character_factory.gd:310)
         [2] spawn_id (res://src/actors/character_factory.gd:195)
         [3] spawn (res://src/actors/character_factory.gd:182)
         [4] _vr_target (res://src/tests/vr_studio.gd:60)
         [5] targets (res://src/tests/vr_shots.gd:102)
         [6] gun_aim (res://src/tests/vr_shots.gd:125)
         [7] _view_gun_aim (res://src/tests/vr_studio.gd:97)
         [8] _ready (res://src/tests/vr_studio.gd:41)
         [9] _shot (res://src/tests/vr_studio.gd:174)
WARNING: 'res://assets/ext/characters/npc_033.glb': In external resource #3, invalid UID: 'uid://b6dv3ol3kj6wm' - using text path instead: 'res://assets/ext/characters/npc_033_shoes01_normal_14fb128093f9e8c9.png'.
     at: open (core/io/resource_format_binary.cpp:1025)
     GDScript backtrace (most recent call first):
         [0] _build_scene (res://src/actors/character_factory.gd:321)
         [1] _scene (res://src/actors/character_factory.gd:310)
         [2] spawn_id (res://src/actors/character_factory.gd:195)
         [3] spawn (res://src/actors/character_factory.gd:182)
         [4] _vr_target (res://src/tests/vr_studio.gd:60)
         [5] targets (res://src/tests/vr_shots.gd:102)
         [6] gun_aim (res://src/tests/vr_shots.gd:125)
         [7] _view_gun_aim (res://src/tests/vr_studio.gd:97)
         [8] _ready (res://src/tests/vr_studio.gd:41)
         [9] _shot (res://src/tests/vr_studio.gd:174)
WARNING: 'res://assets/ext/characters/npc_033.glb': In external resource #4, invalid UID: 'uid://41tyrtkagbw8' - using text path instead: 'res://assets/ext/characters/npc_033_teeth_0f6dae334ed4c5c5.png'.
     at: open (core/io/resource_format_binary.cpp:1025)
     GDScript backtrace (most recent call first):
         [0] _build_scene (res://src/actors/character_factory.gd:321)
         [1] _scene (res://src/actors/character_factory.gd:310)
         [2] spawn_id (res://src/actors/character_factory.gd:195)
         [3] spawn (res://src/actors/character_factory.gd:182)
         [4] _vr_target (res://src/tests/vr_studio.gd:60)
         [5] targets (res://src/tests/vr_shots.gd:102)
         [6] gun_aim (res://src/tests/vr_shots.gd:125)
         [7] _view_gun_aim (res://src/tests/vr_studio.gd:97)
         [8] _ready (res://src/tests/vr_studio.gd:41)
         [9] _shot (res://src/tests/vr_studio.gd:174)
WARNING: 'res://assets/ext/characters/npc_033.glb': In external resource #5, invalid UID: 'uid://baxruqlamj250' - using text path instead: 'res://assets/ext/characters/npc_033_eyebrow005_3c9e137277d6b459.png'.
     at: open (core/io/resource_format_binary.cpp:1025)
     GDScript backtrace (most recent call first):
         [0] _build_scene (res://src/actors/character_factory.gd:321)
         [1] _scene (res://src/actors/character_factory.gd:310)
         [2] spawn_id (res://src/actors/character_factory.gd:195)
         [3] spawn (res://src/actors/character_factory.gd:182)
         [4] _vr_target (res://src/tests/vr_studio.gd:60)
         [5] targets (res://src/tests/vr_shots.gd:102)
         [6] gun_aim (res://src/tests/vr_shots.gd:125)
         [7] _view_gun_aim (res://src/tests/vr_studio.gd:97)
         [8] _ready (res://src/tests/vr_studio.gd:41)
         [9] _shot (res://src/tests/vr_studio.gd:174)
WARNING: 'res://assets/ext/characters/npc_033.glb': In external resource #6, invalid UID: 'uid://daps5e3yia4o5' - using text path instead: 'res://assets/ext/characters/npc_033_eyelashes04_5e859906179e8f7f.png'.
     at: open (core/io/resource_format_binary.cpp:1025)
     GDScript backtrace (most recent call first):
         [0] _build_scene (res://src/actors/character_factory.gd:321)
         [1] _scene (res://src/actors/character_factory.gd:310)
         [2] spawn_id (res://src/actors/character_factory.gd:195)
         [3] spawn (res://src/actors/character_factory.gd:182)
         [4] _vr_target (res://src/tests/vr_studio.gd:60)
         [5] targets (res://src/tests/vr_shots.gd:102)
         [6] gun_aim (res://src/tests/vr_shots.gd:125)
         [7] _view_gun_aim (res://src/tests/vr_studio.gd:97)
         [8] _ready (res://src/tests/vr_studio.gd:41)
         [9] _shot (res://src/tests/vr_studio.gd:174)
WARNING: 'res://assets/ext/characters/npc_033.glb': In external resource #7, invalid UID: 'uid://gkhxmvx2k3uq' - using text path instead: 'res://assets/ext/characters/npc_033_tongue01_diffuse_c71e798676e6af5d.jpg'.
     at: open (core/io/resource_format_binary.cpp:1025)
     GDScript backtrace (most recent call first):
         [0] _build_scene (res://src/actors/character_factory.gd:321)
         [1] _scene (res://src/actors/character_factory.gd:310)
         [2] spawn_id (res://src/actors/character_factory.gd:195)
         [3] spawn (res://src/actors/character_factory.gd:182)
         [4] _vr_target (res://src/tests/vr_studio.gd:60)
         [5] targets (res://src/tests/vr_shots.gd:102)
         [6] gun_aim (res://src/tests/vr_shots.gd:125)
         [7] _view_gun_aim (res://src/tests/vr_studio.gd:97)
         [8] _ready (res://src/tests/vr_studio.gd:41)
         [9] _shot (res://src/tests/vr_studio.gd:174)
WARNING: 'res://assets/ext/characters/npc_033.glb': In external resource #8, invalid UID: 'uid://dlvnvvg4bti3k' - using text path instead: 'res://assets/ext/characters/npc_033_hair_strands_v1_f0c08364b052bb31.png'.
     at: open (core/io/resource_format_binary.cpp:1025)
     GDScript backtrace (most recent call first):
         [0] _build_scene (res://src/actors/character_factory.gd:321)
         [1] _scene (res://src/actors/character_factory.gd:310)
         [2] spawn_id (res://src/actors/character_factory.gd:195)
         [3] spawn (res://src/actors/character_factory.gd:182)
         [4] _vr_target (res://src/tests/vr_studio.gd:60)
         [5] targets (res://src/tests/vr_shots.gd:102)
         [6] gun_aim (res://src/tests/vr_shots.gd:125)
         [7] _view_gun_aim (res://src/tests/vr_studio.gd:97)
         [8] _ready (res://src/tests/vr_studio.gd:41)
         [9] _shot (res://src/tests/vr_studio.gd:174)
WARNING: 'res://assets/ext/characters/npc_030.glb': In external resource #0, invalid UID: 'uid://rl80hmhia5hb' - using text path instead: 'res://assets/ext/characters/npc_030_middleage_lightskinned_female_diffuse_14d9f68e4f87ec7c.jpg'.
     at: open (core/io/resource_format_binary.cpp:1025)
     GDScript backtrace (most recent call first):
         [0] _build_scene (res://src/actors/character_factory.gd:321)
         [1] _scene (res://src/actors/character_factory.gd:310)
         [2] spawn_id (res://src/actors/character_factory.gd:195)
         [3] spawn (res://src/actors/character_factory.gd:182)
         [4] _vr_target (res://src/tests/vr_studio.gd:60)
         [5] targets (res://src/tests/vr_shots.gd:102)
         [6] gun_aim (res://src/tests/vr_shots.gd:125)
         [7] _view_gun_aim (res://src/tests/vr_studio.gd:97)
         [8] _ready (res://src/tests/vr_studio.gd:41)
         [9] _shot (res://src/tests/vr_studio.gd:174)
WARNING: 'res://assets/ext/characters/npc_030.glb': In external resource #1, invalid UID: 'uid://btdxll3jdulok' - using text path instead: 'res://assets/ext/characters/npc_030_green_eye_09f2287a8dca2f43.png'.
     at: open (core/io/resource_format_binary.cpp:1025)
     GDScript backtrace (most recent call first):
         [0] _build_scene (res://src/actors/character_factory.gd:321)
         [1] _scene (res://src/actors/character_factory.gd:310)
         [2] spawn_id (res://src/actors/character_factory.gd:195)
         [3] spawn (res://src/actors/character_factory.gd:182)
         [4] _vr_target (res://src/tests/vr_studio.gd:60)
         [5] targets (res://src/tests/vr_shots.gd:102)
         [6] gun_aim (res://src/tests/vr_shots.gd:125)
         [7] _view_gun_aim (res://src/tests/vr_studio.gd:97)
         [8] _ready (res://src/tests/vr_studio.gd:41)
         [9] _shot (res://src/tests/vr_studio.gd:174)
WARNING: 'res://assets/ext/characters/npc_030.glb': In external resource #2, invalid UID: 'uid://bi3pfhj4oln2i' - using text path instead: 'res://assets/ext/characters/npc_030_shoes01_diffuse_48a4cba573468e4e.jpg'.
     at: open (core/io/resource_format_binary.cpp:1025)
     GDScript backtrace (most recent call first):
         [0] _build_scene (res://src/actors/character_factory.gd:321)
         [1] _scene (res://src/actors/character_factory.gd:310)
         [2] spawn_id (res://src/actors/character_factory.gd:195)
         [3] spawn (res://src/actors/character_factory.gd:182)
         [4] _vr_target (res://src/tests/vr_studio.gd:60)
         [5] targets (res://src/tests/vr_shots.gd:102)
         [6] gun_aim (res://src/tests/vr_shots.gd:125)
         [7] _view_gun_aim (res://src/tests/vr_studio.gd:97)
         [8] _ready (res://src/tests/vr_studio.gd:41)
         [9] _shot (res://src/tests/vr_studio.gd:174)
WARNING: 'res://assets/ext/characters/npc_030.glb': In external resource #3, invalid UID: 'uid://ch35j1hbjv54q' - using text path instead: 'res://assets/ext/characters/npc_030_shoes01_normal_14fb128093f9e8c9.png'.
     at: open (core/io/resource_format_binary.cpp:1025)
     GDScript backtrace (most recent call first):
         [0] _build_scene (res://src/actors/character_factory.gd:321)
         [1] _scene (res://src/actors/character_factory.gd:310)
         [2] spawn_id (res://src/actors/character_factory.gd:195)
         [3] spawn (res://src/actors/character_factory.gd:182)
         [4] _vr_target (res://src/tests/vr_studio.gd:60)
         [5] targets (res://src/tests/vr_shots.gd:102)
         [6] gun_aim (res://src/tests/vr_shots.gd:125)
         [7] _view_gun_aim (res://src/tests/vr_studio.gd:97)
         [8] _ready (res://src/tests/vr_studio.gd:41)
         [9] _shot (res://src/tests/vr_studio.gd:174)
WARNING: 'res://assets/ext/characters/npc_030.glb': In external resource #5, invalid UID: 'uid://c0cqnc0fahwsf' - using text path instead: 'res://assets/ext/characters/npc_030_eyebrow012_da741d0cbf028208.png'.
     at: open (core/io/resource_format_binary.cpp:1025)
     GDScript backtrace (most recent call first):
         [0] _build_scene (res://src/actors/character_factory.gd:321)
         [1] _scene (res://src/actors/character_factory.gd:310)
         [2] spawn_id (res://src/actors/character_factory.gd:195)
         [3] spawn (res://src/actors/character_factory.gd:182)
         [4] _vr_target (res://src/tests/vr_studio.gd:60)
         [5] targets (res://src/tests/vr_shots.gd:102)
         [6] gun_aim (res://src/tests/vr_shots.gd:125)
         [7] _view_gun_aim (res://src/tests/vr_studio.gd:97)
         [8] _ready (res://src/tests/vr_studio.gd:41)
         [9] _shot (res://src/tests/vr_studio.gd:174)
WARNING: 'res://assets/ext/characters/npc_030.glb': In external resource #6, invalid UID: 'uid://dttxx0j8vc26i' - using text path instead: 'res://assets/ext/characters/npc_030_eyelashes03_8a2d65d9de42d7f2.png'.
     at: open (core/io/resource_format_binary.cpp:1025)
     GDScript backtrace (most recent call first):
         [0] _build_scene (res://src/actors/character_factory.gd:321)
         [1] _scene (res://src/actors/character_factory.gd:310)
         [2] spawn_id (res://src/actors/character_factory.gd:195)
         [3] spawn (res://src/actors/character_factory.gd:182)
         [4] _vr_target (res://src/tests/vr_studio.gd:60)
         [5] targets (res://src/tests/vr_shots.gd:102)
         [6] gun_aim (res://src/tests/vr_shots.gd:125)
         [7] _view_gun_aim (res://src/tests/vr_studio.gd:97)
         [8] _ready (res://src/tests/vr_studio.gd:41)
         [9] _shot (res://src/tests/vr_studio.gd:174)
WARNING: 'res://assets/ext/characters/npc_030.glb': In external resource #8, invalid UID: 'uid://bscugnhxbv33s' - using text path instead: 'res://assets/ext/characters/npc_030_hair_strands_v1_f0c08364b052bb31.png'.
     at: open (core/io/resource_format_binary.cpp:1025)
     GDScript backtrace (most recent call first):
         [0] _build_scene (res://src/actors/character_factory.gd:321)
         [1] _scene (res://src/actors/character_factory.gd:310)
         [2] spawn_id (res://src/actors/character_factory.gd:195)
         [3] spawn (res://src/actors/character_factory.gd:182)
         [4] _vr_target (res://src/tests/vr_studio.gd:60)
         [5] targets (res://src/tests/vr_shots.gd:102)
         [6] gun_aim (res://src/tests/vr_shots.gd:125)
         [7] _view_gun_aim (res://src/tests/vr_studio.gd:97)
         [8] _ready (res://src/tests/vr_studio.gd:41)
         [9] _shot (res://src/tests/vr_studio.gd:174)
[mvk-error] VK_INCOMPLETE: Error writing pipeline cache data: Failed to write 4 bytes to output stream! Wrote 0
shot: /Users/runner/work/blocksmith/blocksmith/snaps/vr/vr_gun_aim.png  draws 263 objects 263 prims 408468 (forward_plus)
vr_studio: gun_aim (10910 ms)
[mvk-error] VK_INCOMPLETE: Error writing pipeline cache data: Failed to write 4 bytes to output stream! Wrote 0
shot: /Users/runner/work/blocksmith/blocksmith/snaps/vr/vr_fire.png  draws 266 objects 266 prims 408560 (forward_plus)
vr_studio: fire (2463 ms)
shot: /Users/runner/work/blocksmith/blocksmith/snaps/vr/vr_two_hand.png  draws 273 objects 273 prims 454159 (forward_plus)
vr_studio: two_hand (1349 ms)
shot: /Users/runner/work/blocksmith/blocksmith/snaps/vr/vr_reload.png  draws 468 objects 471 prims 1119416 (forward_plus)
vr_studio: reload (1486 ms)
shot: /Users/runner/work/blocksmith/blocksmith/snaps/vr/vr_nerve.png  draws 266 objects 266 prims 408480 (forward_plus)
vr_studio: nerve (1822 ms)
shot: /Users/runner/work/blocksmith/blocksmith/snaps/vr/vr_riding.png  draws 478 objects 481 prims 1084377 (forward_plus)
vr_studio: riding (4501 ms)
shot: /Users/runner/work/blocksmith/blocksmith/snaps/vr/vr_door.png  draws 357 objects 402 prims 726987 (forward_plus)
vr_studio: door (508 ms)
shot: /Users/runner/work/blocksmith/blocksmith/snaps/vr/vr_door_open.png  draws 386 objects 391 prims 812792 (forward_plus)
vr_studio: door_open (807 ms)
shot: /Users/runner/work/blocksmith/blocksmith/snaps/vr/vr_stereo.png  draws 1270 objects 1276 prims 2584120 (forward_plus)
vr_studio: stereo (1304 ms)
vr_studio: done
WARNING: 1 ObjectDB instance was leaked at exit (run with `--verbose` for details).
   at: cleanup (core/object/object.cpp:2536)
