[2026-10-06T00:45:03] Alabaster 0.1.0 on macOS, metal / Apple Paravirtual device (Apple5), preset High, args { "smoke": "40", "windowed": true }
[2026-10-06T00:45:03] command line: game/build/Alabaster.app/Contents/MacOS/Alabaster --windowed --resolution 1280x720 -- --smoke 40
[2026-10-06T00:45:03] loading: shaping the land (0.1 s)
[2026-10-06T00:45:04] pad bridge started (pid 6383): no pad seen by the engine
[2026-10-06T00:45:05] loading: flattening sites (2.6 s)
[2026-10-06T00:45:05] loading: carving rivers (2.8 s)
[2026-10-06T00:45:06] loading: planting forests (3.5 s)
[2026-10-06T00:45:07] loading: laying roads (4.0 s)
[2026-10-06T00:45:08] loading: done (5.2 s)
[2026-10-06T00:45:37] setup: sky 274 ms, terrain 3941 ms, water 23 ms, capital 5912 ms, vegetation 2594 ms, bases 440 ms, roads 33 ms, battle 9306 ms, combat 11 ms, vehicles 653 ms, weather 6053 ms
[2026-10-06T00:45:37] world ready in 34.47 s
[2026-10-06T00:46:27] smoke: ok, 2325 frames in 40.0 s (58.1 fps), mem 0 MB
[2026-10-06T00:46:29] Alabaster 0.1.0 on macOS, metal / Apple Paravirtual device (Apple5), preset High, args { "padcheck": true, "windowed": true }
[2026-10-06T00:46:29] command line: game/build/Alabaster.app/Contents/MacOS/Alabaster --windowed --resolution 1280x720 -- --padcheck
[2026-10-06T00:46:32] pad bridge started (pid 8303): no pad seen by the engine
[2026-10-06T00:46:34] padcheck: {"bridge":false,"engine":"4.7.2-stable (official)","os":"macOS","pads":[]}
[2026-10-06T00:46:35] Alabaster 0.1.0 on macOS, metal / Apple Paravirtual device (Apple5), preset High, args { "benchmark": true, "preset": "High", "windowed": true }
[2026-10-06T00:46:35] command line: game/build/Alabaster.app/Contents/MacOS/Alabaster --windowed --resolution 1280x720 -- --benchmark --preset High
[2026-10-06T00:46:38] loading: cached (2.6 s)
[2026-10-06T00:46:40] setup: sky 7 ms, terrain 553 ms, water 21 ms, capital 630 ms, vegetation 274 ms, bases 60 ms, roads 10 ms, battle 44 ms, combat 4 ms, vehicles 24 ms, weather 16 ms
[2026-10-06T00:46:40] world ready in 4.29 s
[2026-10-06T00:46:40] benchmark: mode on, starting the flythrough
[2026-10-06T00:46:40] benchmark: 3 segments, preset High, driver metal, adapter Apple Paravirtual device (Apple5)
[2026-10-06T00:46:40] benchmark: segment 1/3 'city' starting at 0.0 s
[2026-10-06T00:46:55] pad bridge started (pid 8884): no pad seen by the engine
[2026-10-06T00:46:58] benchmark: 'city' t 2.0 s, 242 frames this segment, 50.0 fps now, wall 18 s
[2026-10-06T00:47:03] benchmark: 'city' t 7.0 s, 533 frames this segment, 58.0 fps now, wall 23 s
[2026-10-06T00:47:08] benchmark: 'city' t 12.0 s, 807 frames this segment, 56.0 fps now, wall 29 s
[2026-10-06T00:47:13] benchmark: 'city' t 17.0 s, 1104 frames this segment, 60.0 fps now, wall 34 s
[2026-10-06T00:47:18] benchmark: 'city' t 22.0 s, 1387 frames this segment, 57.0 fps now, wall 39 s
[2026-10-06T00:47:23] benchmark: 'city' t 27.0 s, 1690 frames this segment, 62.0 fps now, wall 44 s
[2026-10-06T00:47:24] vehicle destroyed: Gunship1 at (-1644.0, 222.0, 1647.0) (direct hit 0.7 from faction 0)
[2026-10-06T00:47:26] benchmark city: 57.3 fps avg, p50 16.67 ms, p99 25.00 ms, gpu 0.00 ms, scripts 2.34 ms, render cpu 0.66 ms, draws 293
[2026-10-06T00:47:26] benchmark: segment 2/3 'battle' starting at 46.6 s
[2026-10-06T00:47:33] benchmark: 'battle' warm-up 2.0 s, 99 frames this segment, 53.0 fps now, wall 53 s
[2026-10-06T00:47:38] benchmark: 'battle' t 4.1 s, 341 frames this segment, 45.0 fps now, wall 58 s
[2026-10-06T00:47:43] benchmark: 'battle' t 9.1 s, 582 frames this segment, 49.0 fps now, wall 63 s
[2026-10-06T00:47:48] benchmark: 'battle' t 14.1 s, 828 frames this segment, 50.0 fps now, wall 68 s
[2026-10-06T00:47:53] benchmark: 'battle' t 19.1 s, 1076 frames this segment, 48.0 fps now, wall 73 s
[2026-10-06T00:47:58] benchmark: 'battle' t 24.1 s, 1303 frames this segment, 45.0 fps now, wall 78 s
[2026-10-06T00:48:03] benchmark: 'battle' t 29.1 s, 1519 frames this segment, 45.0 fps now, wall 83 s
[2026-10-06T00:48:04] benchmark battle: 47.0 fps avg, p50 20.83 ms, p99 29.56 ms, gpu 0.00 ms, scripts 2.17 ms, render cpu 0.82 ms, draws 690
[2026-10-06T00:48:04] benchmark: segment 3/3 'forest' starting at 84.0 s
[2026-10-06T00:48:09] benchmark: 'forest' t 1.1 s, 203 frames this segment, 50.0 fps now, wall 89 s
[2026-10-06T00:48:14] benchmark: 'forest' t 6.1 s, 407 frames this segment, 35.0 fps now, wall 94 s
[2026-10-06T00:48:19] benchmark: 'forest' t 11.1 s, 621 frames this segment, 44.0 fps now, wall 99 s
[2026-10-06T00:48:24] benchmark: 'forest' t 16.2 s, 877 frames this segment, 61.0 fps now, wall 104 s
[2026-10-06T00:48:29] benchmark: 'forest' t 21.2 s, 1128 frames this segment, 25.0 fps now, wall 109 s
[2026-10-06T00:48:34] benchmark: 'forest' t 26.2 s, 1418 frames this segment, 60.0 fps now, wall 114 s
[2026-10-06T00:48:38] benchmark forest: 49.6 fps avg, p50 18.07 ms, p99 50.00 ms, gpu 0.00 ms, scripts 2.20 ms, render cpu 0.95 ms, draws 352
[2026-10-06T00:48:40] benchmark: GPU ablation at 'battle', 20 features
[2026-10-06T00:50:47] benchmark GPU ablation (battle, base 18.79 ms): glow 1.86, vegetation 1.86, capital 1.78, shadows: hard filter 1.46, shadows: 2 cascades not 4 1.03, ssao 0.96, shadows: terrain not casting 0.87, battle 0.74, sun shadows 0.57, grass 0.39, water 0.27, trees: near 0.03, roads -0.09, vehicles -0.52, raymarched clouds -0.91, bases -1.19, terrain -1.24, trees: impostors -2.24, trees: shadow proxies -4.25, trees: impostors unthinned -4.37
[2026-10-06T00:50:47] benchmark written to /Users/runner/Library/Logs/CapitalGame/benchmark.json
