WARNING: MetalFX temporal upscaling is not supported by the current renderer or hardware. Falling back to MetalFX Spatial scaling.
     at: _configure_3d_render_buffers (servers/rendering/renderer_viewport.cpp:173)
padbridge: looking for 20d6:2074
Godot Engine v4.7.2.stable.official.ed1daf0bf - https://godotengine.org
Metal 3.2 - Forward+ - Using Device #0: Apple - Apple Paravirtual device (Apple5)

Alabaster 0.1.0 on macOS, metal / Apple Paravirtual device (Apple5), preset High, args { "benchmark": true, "preset": "High", "windowed": true }
command line: game/build/Alabaster.app/Contents/MacOS/Alabaster --windowed --resolution 1280x720 -- --benchmark --preset High
world: loaded cache in 67 ms
loading: cached (2.6 s)
city Candor: 695 buildings, 55 skyways, 12409 trees, 4960 lamps
setup: sky 7 ms, terrain 553 ms, water 21 ms, capital 630 ms, vegetation 274 ms, bases 60 ms, roads 10 ms, battle 44 ms, combat 4 ms, vehicles 24 ms, weather 16 ms
world ready in 4.29 s
benchmark: mode on, starting the flythrough
benchmark: 3 segments, preset High, driver metal, adapter Apple Paravirtual device (Apple5)
benchmark: segment 1/3 'city' starting at 0.0 s
pad bridge started (pid 8884): no pad seen by the engine
benchmark: 'city' t 2.0 s, 242 frames this segment, 50.0 fps now, wall 18 s
benchmark: 'city' t 7.0 s, 533 frames this segment, 58.0 fps now, wall 23 s
benchmark: 'city' t 12.0 s, 807 frames this segment, 56.0 fps now, wall 29 s
benchmark: 'city' t 17.0 s, 1104 frames this segment, 60.0 fps now, wall 34 s
benchmark: 'city' t 22.0 s, 1387 frames this segment, 57.0 fps now, wall 39 s
benchmark: 'city' t 27.0 s, 1690 frames this segment, 62.0 fps now, wall 44 s
vehicle destroyed: Gunship1 at (-1644.0, 222.0, 1647.0) (direct hit 0.7 from faction 0)
benchmark city: 57.3 fps avg, p50 16.67 ms, p99 25.00 ms, gpu 0.00 ms, scripts 2.34 ms, render cpu 0.66 ms, draws 293
benchmark: segment 2/3 'battle' starting at 46.6 s
benchmark: 'battle' warm-up 2.0 s, 99 frames this segment, 53.0 fps now, wall 53 s
benchmark: 'battle' t 4.1 s, 341 frames this segment, 45.0 fps now, wall 58 s
benchmark: 'battle' t 9.1 s, 582 frames this segment, 49.0 fps now, wall 63 s
benchmark: 'battle' t 14.1 s, 828 frames this segment, 50.0 fps now, wall 68 s
benchmark: 'battle' t 19.1 s, 1076 frames this segment, 48.0 fps now, wall 73 s
benchmark: 'battle' t 24.1 s, 1303 frames this segment, 45.0 fps now, wall 78 s
benchmark: 'battle' t 29.1 s, 1519 frames this segment, 45.0 fps now, wall 83 s
benchmark battle: 47.0 fps avg, p50 20.83 ms, p99 29.56 ms, gpu 0.00 ms, scripts 2.17 ms, render cpu 0.82 ms, draws 690
benchmark: segment 3/3 'forest' starting at 84.0 s
benchmark: 'forest' t 1.1 s, 203 frames this segment, 50.0 fps now, wall 89 s
benchmark: 'forest' t 6.1 s, 407 frames this segment, 35.0 fps now, wall 94 s
benchmark: 'forest' t 11.1 s, 621 frames this segment, 44.0 fps now, wall 99 s
benchmark: 'forest' t 16.2 s, 877 frames this segment, 61.0 fps now, wall 104 s
benchmark: 'forest' t 21.2 s, 1128 frames this segment, 25.0 fps now, wall 109 s
benchmark: 'forest' t 26.2 s, 1418 frames this segment, 60.0 fps now, wall 114 s
benchmark forest: 49.6 fps avg, p50 18.07 ms, p99 50.00 ms, gpu 0.00 ms, scripts 2.20 ms, render cpu 0.95 ms, draws 352
benchmark: GPU ablation at 'battle', 20 features
benchmark GPU ablation (battle, base 18.79 ms): glow 1.86, vegetation 1.86, capital 1.78, shadows: hard filter 1.46, shadows: 2 cascades not 4 1.03, ssao 0.96, shadows: terrain not casting 0.87, battle 0.74, sun shadows 0.57, grass 0.39, water 0.27, trees: near 0.03, roads -0.09, vehicles -0.52, raymarched clouds -0.91, bases -1.19, terrain -1.24, trees: impostors -2.24, trees: shadow proxies -4.25, trees: impostors unthinned -4.37
benchmark written to /Users/runner/Library/Logs/CapitalGame/benchmark.json
{"command_line":"game/build/Alabaster.app/Contents/MacOS/Alabaster --windowed --resolution 1280x720 -- --benchmark --preset High","commit":"24b07e617b","cores":3,"cpu":"Apple M1 (Virtual)","date":"2026-10-06T00:50:47","driver":"metal","engine":"4.7.2-stable (official)","game":"Alabaster","gpu":"Apple Paravirtual device (Apple5)","gpu_ablation":{"base_ms":18.79,"items":[{"feature":"glow","ms_saved":1.86,"on_ms":19.76},{"feature":"vegetation","ms_saved":1.86,"on_ms":21.19},{"feature":"capital","ms_saved":1.78,"on_ms"ERROR: 2 shaders of type ParticlesShaderRD were never freed
   at: ~ShaderRD (servers/rendering/renderer_rd/shader_rd.cpp:1236)
WARNING: 33 ObjectDB instances were leaked at exit (run with `--verbose` for details).
   at: cleanup (core/object/object.cpp:2536)
:20.01},{"feature":"shadows: hard filter","ms_saved":1.46,"on_ms":19.17},{"feature":"shadows: 2 cascades not 4","ms_saved":1.03,"on_ms":17.38},{"feature":"ssao","ms_saved":0.96,"on_ms":18.36},{"feature":"shadows: terrain not casting","ms_saved":0.87,"on_ms":18.92},{"feature":"battle","ms_saved":0.74,"on_ms":18.4},{"feature":"sun shadows","ms_saved":0.57,"on_ms":17.98},{"feature":"grass","ms_saved":0.39,"on_ms":18.4},{"feature":"water","ms_saved":0.27,"on_ms":19.36},{"feature":"trees: near","ms_saved":0.03,"on_ms":17.59},{"feature":"roads","ms_saved":-0.09,"on_ms":17.34},{"feature":"vehicles","ms_saved":-0.52,"on_ms":19.39},{"feature":"raymarched clouds","ms_saved":-0.91,"on_ms":17.01},{"feature":"bases","ms_saved":-1.19,"on_ms":18.47},{"feature":"terrain","ms_saved":-1.24,"on_ms":18.18},{"feature":"trees: impostors","ms_saved":-2.24,"on_ms":19.47},{"feature":"trees: shadow proxies","ms_saved":-4.25,"on_ms":18.89},{"feature":"trees: impostors unthinned","ms_saved":-4.37,"on_ms":20.63}],"segment":"battle"},"load_seconds":4.29,"memory":{"static_end_mb":0.0,"static_peak_mb":0.0,"vram_peak_mb":509.8},"os":"macOS","os_version":"15.7.9","overall_avg_fps":51.3,"preset":"High","rss_mb":913.1,"scale_3d":0.670000016689301,"segments":[{"avg_fps":57.3,"draw_calls_avg":293,"frame_ms":{"avg":17.46,"max":80.1,"p50":16.67,"p90":19.05,"p95":20.0,"p99":25.0,"p999":73.56},"frames":1719,"gpu_ms_avg":0.0,"low1_fps":40.0,"name":"city","primitives_avg":3982921,"render_cpu_ms_avg":0.66,"scripts_ms_avg":2.34,"seconds":30.01},{"avg_fps":47.0,"draw_calls_avg":690,"frame_ms":{"avg":21.27,"max":67.01,"p50":20.83,"p90":23.33,"p95":24.24,"p99":29.56,"p999":41.43},"frames":1411,"gpu_ms_avg":0.0,"low1_fps":33.8,"name":"battle","primitives_avg":5382386,"render_cpu_ms_avg":0.82,"scripts_ms_avg":2.17,"seconds":30.01},{"avg_fps":49.6,"draw_calls_avg":352,"frame_ms":{"avg":20.17,"max":82.49,"p50":18.07,"p90":25.0,"p95":32.77,"p99":50.0,"p999":74.09},"frames":1488,"gpu_ms_avg":0.0,"low1_fps":20.0,"name":"forest","primitives_avg":4473171,"render_cpu_ms_avg":0.95,"scripts_ms_avg":2.2,"seconds":30.01}],"timeout":false,"upscaler":"metalfx_temporal","version":"0.1.0","vsync":false,"wall_seconds":247.1,"window":[1024,656]}
ERROR: 2 RID allocations of type 'N10RendererRD15MaterialStorage6ShaderE' were leaked at exit.
